05-27 17:14:46.902  2862  2928 V WindowManagerShell: Transition requested (#241): android.os.BinderProxy@5d4b480 TransitionRequestInfo { type = CLOSE, triggerTask = TaskInfo{userId=0 taskId=612 displayId=0 isRunning=true baseIntent=Intent { act=android.intent.action.MAIN cat=[android.intent.category.LAUNCHER] flg=0x10200000 cmp=org.supersploit.flappybirds/org.kivy.android.PythonActivity } baseActivity=ComponentInfo{org.supersploit.flappybirds/org.kivy.android.PythonActivity} topActivity=ComponentInfo{org.supersploit.flappybirds/org.kivy.android.PythonActivity} origActivity=null realActivity=ComponentInfo{org.supersploit.flappybirds/org.kivy.android.PythonActivity} numActivities=1 lastActiveTime=14234461 supportsMultiWindow=true resizeMode=1 isResizeable=true minWidth=-1 minHeight=-1 maxWidth=-1 maxHeight=-1 defaultMinSize=220 token=WCT{android.window.IWindowContainerToken$Stub$Proxy@5900ab9} topActivityType=1 pictureInPictureParams=null shouldDockBigOverlays=false launchIntoPipHostTaskId=-1 lastParentTaskIdBeforePip=-1 displayCutoutSafeInsets=Rect(80, 0 - 0, 0) topActivityInfo=ActivityInfo{5af1efe org.kivy.android.PythonActivity} launchCookies=[android.os.BinderProxy@eb5c29d] positionInParent=Point(0, 0) parentTaskId=-1 isFocused=true isVisible=true isVisibleRequested=true isSleeping=false topActivityInSizeCompat=false locusId=null displayAreaFeatureId=1 isTopActivityTransparent=false isTopActivityStyleFloating=false appCompatTaskInfo=AppCompatTaskInfo { topActivityInSizeCompat=false eligibleForLetterboxEducation= false isLetterboxEducationEnabled= false isLetterboxDoubleTapEnabled= false eligibleForUserAspectRatioButton= false topActivityBoundsLetterboxed= false isFromLetterboxDoubleTap= false topActivityLetterboxVerticalPosition= -1 topActivityLetterboxHorizontalPosition= -1 topActivityLetterboxWidth=2400 topActivityLetterboxHeight=1080 topActivityLetterboxAppWidth=2176 topActivityLetterboxAppHeight=1080 isUserFullscreenOverrideEnabled=false isSystemFullscreenOverrideEnabled=false hasMinAspectRatioOverride=false cameraCompatTaskInfo=CameraCompatTaskInfo { freeformCameraCompatMode=inactive} topActivityBounds=null topActivityInDisplayCompat=false} originallySupportedMultiWindow=true hasWallpaper=false rootAffinity=10381:org.supersploit.flappybirds isTopTaskInStage=false topActivityUiMode=33 CoverLauncherWidgetTask=false isAllowedSeamlessRotation=false isTopTransparentActivity=false snappingGuideBounds=Rect(81, 568 - 999, 1768) isAliasManaged=false hasConfigChanged=false isAiKeyRemoveAppTask=false}, pipTask = null, remoteTransition = null, displayChange = null, flags = 0, debugId = 241 }
05-27 17:14:46.902  1493  3013 V WindowManager: Collecting in transition 241: ActivityRecord{c1e5519 u0 org.supersploit.flappybirds/org.kivy.android.PythonActivity t612 f}}, caller=com.android.server.wm.TransitionController.collect:7 com.android.server.wm.ActivityRecord.onRemovedFromDisplay:324 com.android.server.wm.ActivityRecord.removeFromHistory:176 com.android.server.wm.WindowProcessController.handleAppDied$1:514 com.android.server.am.ActivityManagerService.handleAppDiedLocked:247 
05-27 17:14:46.922  1493  1658 D SGM:FgCheckThread: pkgName: org.supersploit.flappybirds is not in foreground
05-27 17:14:46.922  1493  1658 D SGM:FgCheckThread: noteStopComponent(), received pkgName: org.supersploit.flappybirds, focusedPkgName: com.sec.android.app.launcher, userId: 0
05-27 17:14:46.949  1493  1661 V WindowManager: Start calculating TransitionInfo based on participants: {Task{12e09de #612 type=standard A=10381:org.supersploit.flappybirds}, WallpaperWindowToken{1ac0cda token=android.os.Binder@aaed685}_<system>, Task{4472011 #1 type=home}, ActivityRecord{81360a6 u0 com.sec.android.app.launcher/.activities.LauncherActivity t560}, ActivityRecord{c1e5519 u0 org.supersploit.flappybirds/org.kivy.android.PythonActivity t-1 f}}, Task{e16eae7 #560 type=home I=com.sec.android.app.launcher/.activities.LauncherActivity}}
05-27 17:14:46.953  1493  1643 V WindowManager: Sent Transition (#241) createdAt=05-27 17:14:46.899 via request=TransitionRequestInfo { type = CLOSE, triggerTask = TaskInfo{userId=0 taskId=612 displayId=0 isRunning=true baseIntent=Intent { act=android.intent.action.MAIN cat=[android.intent.category.LAUNCHER] flg=0x10200000 cmp=org.supersploit.flappybirds/org.kivy.android.PythonActivity } baseActivity=ComponentInfo{org.supersploit.flappybirds/org.kivy.android.PythonActivity} topActivity=ComponentInfo{org.supersploit.flappybirds/org.kivy.android.PythonActivity} origActivity=null realActivity=ComponentInfo{org.supersploit.flappybirds/org.kivy.android.PythonActivity} numActivities=1 lastActiveTime=14234461 supportsMultiWindow=true resizeMode=1 isResizeable=true minWidth=-1 minHeight=-1 maxWidth=-1 maxHeight=-1 defaultMinSize=220 token=WCT{RemoteToken{daff444 Task{12e09de #612 type=standard A=10381:org.supersploit.flappybirds}}} topActivityType=1 pictureInPictureParams=null shouldDockBigOverlays=false launchIntoPipHostTaskId=-1 lastParentTaskIdBeforePip=-1 displayCutoutSafeInsets=Rect(80, 0 - 0, 0) topActivityInfo=ActivityInfo{5002e62 org.kivy.android.PythonActivity} launchCookies=[android.os.BinderProxy@101cbf3] positionInParent=Point(0, 0) parentTaskId=-1 isFocused=true isVisible=true isVisibleRequested=true isSleeping=false topActivityInSizeCompat=false locusId=null displayAreaFeatureId=1 isTopActivityTransparent=false isTopActivityStyleFloating=false appCompatTaskInfo=AppCompatTaskInfo { topActivityInSizeCompat=false eligibleForLetterboxEducation= false isLetterboxEducationEnabled= false isLetterboxDoubleTapEnabled= false eligibleForUserAspectRatioButton= false topActivityBoundsLetterboxed= false isFromLetterboxDoubleTap= false topActivityLetterboxVerticalPosition= -1 topActivityLetterboxHorizontalPosition= -1 topActivityLetterboxWidth=2400 topActivityLetterboxHeight=1080 topActivityLetterboxAppWidth=2176 topActivityLetterboxAppHeight=1080 isUserFullscreenOverrideEnabled=false isSystemFullscreenOverrideEnabled=false hasMinAspectRatioOverride=false cameraCompatTaskInfo=CameraCompatTaskInfo { freeformCameraCompatMode=inactive} topActivityBounds=null topActivityInDisplayCompat=false} originallySupportedMultiWindow=true hasWallpaper=false rootAffinity=10381:org.supersploit.flappybirds isTopTaskInStage=false topActivityUiMode=33 CoverLauncherWidgetTask=false isAllowedSeamlessRotation=false isTopTransparentActivity=false snappingGuideBounds=Rect(81, 568 - 999, 1768) isAliasManaged=false hasConfigChanged=false isAiKeyRemoveAppTask=false}, pipTask = null, remoteTransition = null, displayChange = null, flags = 0, debugId = 241 }
05-27 17:14:49.601  1493  2845 I Pageboost: db update :org.supersploit.flappybirds ret 1
05-27 17:16:27.067  1493  2448 I PackageManager:           pkg{org.supersploit.flappybirds}
05-27 17:16:27.128  1493  1857 I ActivityManager: Force stopping org.supersploit.flappybirds appid=10381 user=-1: installPackageLI
05-27 17:16:27.129  1493  2043 I PackageManager: Update package org.supersploit.flappybirds code path from /data/app/~~YM4fnKZ08-RF2JfjvMfz5A==/org.supersploit.flappybirds-c7NGHb5-A0bFl4I0AZVvEQ== to /data/app/~~7UrTT2H0GBKvobGCLFRLMA==/org.supersploit.flappybirds-P8l-y6iYuSXt7rPb7l8HQg==; Retain data and using new
05-27 17:16:27.130  1493  2043 D SpqrService: Package is debuggable org.supersploit.flappybirds
05-27 17:16:27.160  1493  2043 D PermissionService: setAllowlistedRestrictedPermissionsUnchecked called for package - org.supersploit.flappybirds
05-27 17:16:27.160  1493  2043 D PermissionService: updateAdminPermissionsInternalorg.supersploit.flappybirds
05-27 17:16:27.160  1493  2043 D PermissionService: setAllowlistedRestrictedPermissionsUnchecked called for package - org.supersploit.flappybirds
05-27 17:16:27.160  1493  2043 D PermissionService: updateAdminPermissionsInternalorg.supersploit.flappybirds
05-27 17:16:27.160  1493  2043 D PermissionService: setAllowlistedRestrictedPermissionsUnchecked called for package - org.supersploit.flappybirds
05-27 17:16:27.160  1493  2043 D PermissionService: updateAdminPermissionsInternalorg.supersploit.flappybirds
05-27 17:16:27.273  1493  2043 D PackageManager: isLocaleOptimizedPackage() -  Non optimized app: org.supersploit.flappybirds. Proceed with normal install
05-27 17:16:27.290  1493  2043 I ActivityManager: Force stopping org.supersploit.flappybirds appid=10381 user=95: pkg removed
05-27 17:16:27.300  1493  1779 I SGM:GameManager: PkgUpdateReceiver, onPackageRemoved(). pkgName=org.supersploit.flappybirds, userId=95
05-27 17:16:27.302  1493  1779 D SGM:Util: isPkgInstalled(). pkgName=org.supersploit.flappybirds, userId=95, installed=true
05-27 17:16:27.302  1493  1779 D MetaDataCollector: onReceive: done pkgName=org.supersploit.flappybirds
05-27 17:16:27.304  1493  2043 I ActivityManager: Force stopping org.supersploit.flappybirds appid=10381 user=0: pkg removed
05-27 17:16:27.315  1493  2464 D OverlayManager: reconcileSettingsForPackage pkgName=org.supersploit.flappybirds userId=95
05-27 17:16:27.315  1493  2464 I OverlayManager: updateOverlaysForTarget() called with: targetPackage = [org.supersploit.flappybirds], userId = [95], flags = [2]
05-27 17:16:27.316  1493  2464 D OverlayManager: reconcileSettingsForPackage pkgName=org.supersploit.flappybirds userId=0
05-27 17:16:27.316  1493  2464 I OverlayManager: updateOverlaysForTarget() called with: targetPackage = [org.supersploit.flappybirds], userId = [0], flags = [2]
05-27 17:16:27.328  1493  1779 I SGM:GameManager: PkgUpdateReceiver, onPackageRemoved(). pkgName=org.supersploit.flappybirds, userId=0
05-27 17:16:27.328  1493  1779 D SGM:Util: isPkgInstalled(). pkgName=org.supersploit.flappybirds, userId=0, installed=true
05-27 17:16:27.328  1493  1779 D MetaDataCollector: onReceive: done pkgName=org.supersploit.flappybirds
05-27 17:16:27.331  1493  2464 D OverlayManager: reconcileSettingsForPackage pkgName=org.supersploit.flappybirds userId=0
05-27 17:16:27.331  1493  2464 I OverlayManager: updateOverlaysForTarget() called with: targetPackage = [org.supersploit.flappybirds], userId = [0], flags = [0]
05-27 17:16:27.332  1493  2464 D OverlayManager: reconcileSettingsForPackage pkgName=org.supersploit.flappybirds userId=95
05-27 17:16:27.332  1493  2464 I OverlayManager: updateOverlaysForTarget() called with: targetPackage = [org.supersploit.flappybirds], userId = [95], flags = [0]
05-27 17:16:27.332  1493  2560 W PackageConfigPersister: App-specific configuration not found for packageName: org.supersploit.flappybirds and userId: 0
05-27 17:16:27.332  1493  2560 W PackageConfigPersister: App-specific configuration not found for packageName: org.supersploit.flappybirds and userId: 95
05-27 17:16:27.336  6503  6503 D ActivityThread: Package [org.supersploit.flappybirds] reported as REPLACED, but missing application info. Assuming REMOVED.
05-27 17:16:27.336  5535  5535 D ActivityThread: Package [org.supersploit.flappybirds] reported as REPLACED, but missing application info. Assuming REMOVED.
05-27 17:16:27.337 12885 12885 D ActivityThread: Package [org.supersploit.flappybirds] reported as REPLACED, but missing application info. Assuming REMOVED.
05-27 17:16:27.337 13067 13067 D ActivityThread: Package [org.supersploit.flappybirds] reported as REPLACED, but missing application info. Assuming REMOVED.
05-27 17:16:27.337 10272 10272 D ActivityThread: Package [org.supersploit.flappybirds] reported as REPLACED, but missing application info. Assuming REMOVED.
05-27 17:16:27.337 13120 13120 D ActivityThread: Package [org.supersploit.flappybirds] reported as REPLACED, but missing application info. Assuming REMOVED.
05-27 17:16:27.338 26665 26665 D ActivityThread: Package [org.supersploit.flappybirds] reported as REPLACED, but missing application info. Assuming REMOVED.
05-27 17:16:27.338  5687  5687 D ActivityThread: Package [org.supersploit.flappybirds] reported as REPLACED, but missing application info. Assuming REMOVED.
05-27 17:16:27.338  5342  5342 D ActivityThread: Package [org.supersploit.flappybirds] reported as REPLACED, but missing application info. Assuming REMOVED.
05-27 17:16:27.338  3077  3077 D ActivityThread: Package [org.supersploit.flappybirds] reported as REPLACED, but missing application info. Assuming REMOVED.
05-27 17:16:27.338 14101 14101 D ActivityThread: Package [org.supersploit.flappybirds] reported as REPLACED, but missing application info. Assuming REMOVED.
05-27 17:16:27.339  3281  3281 D ActivityThread: Package [org.supersploit.flappybirds] reported as REPLACED, but missing application info. Assuming REMOVED.
05-27 17:16:27.339 12864 12864 D ActivityThread: Package [org.supersploit.flappybirds] reported as REPLACED, but missing application info. Assuming REMOVED.
05-27 17:16:27.340 13628 13628 D ActivityThread: Package [org.supersploit.flappybirds] reported as REPLACED, but missing application info. Assuming REMOVED.
05-27 17:16:27.340  3262  3262 D ActivityThread: Package [org.supersploit.flappybirds] reported as REPLACED, but missing application info. Assuming REMOVED.
05-27 17:16:27.341  5663  5663 D ActivityThread: Package [org.supersploit.flappybirds] reported as REPLACED, but missing application info. Assuming REMOVED.
05-27 17:16:27.341 10714 10714 D ActivityThread: Package [org.supersploit.flappybirds] reported as REPLACED, but missing application info. Assuming REMOVED.
05-27 17:16:27.341  5648  5648 D ActivityThread: Package [org.supersploit.flappybirds] reported as REPLACED, but missing application info. Assuming REMOVED.
05-27 17:16:27.341  7496  7496 D ActivityThread: Package [org.supersploit.flappybirds] reported as REPLACED, but missing application info. Assuming REMOVED.
05-27 17:16:27.342  3738  3738 D ActivityThread: Package [org.supersploit.flappybirds] reported as REPLACED, but missing application info. Assuming REMOVED.
05-27 17:16:27.342  7658  7658 D ActivityThread: Package [org.supersploit.flappybirds] reported as REPLACED, but missing application info. Assuming REMOVED.
05-27 17:16:27.342 13671 13671 D ActivityThread: Package [org.supersploit.flappybirds] reported as REPLACED, but missing application info. Assuming REMOVED.
05-27 17:16:27.342 12337 12337 D ActivityThread: Package [org.supersploit.flappybirds] reported as REPLACED, but missing application info. Assuming REMOVED.
05-27 17:16:27.343 23035 23035 D ActivityThread: Package [org.supersploit.flappybirds] reported as REPLACED, but missing application info. Assuming REMOVED.
05-27 17:16:27.343 12431 12431 D ActivityThread: Package [org.supersploit.flappybirds] reported as REPLACED, but missing application info. Assuming REMOVED.
05-27 17:16:27.343 32715 32715 D ActivityThread: Package [org.supersploit.flappybirds] reported as REPLACED, but missing application info. Assuming REMOVED.
05-27 17:16:27.343  4440  4440 D ActivityThread: Package [org.supersploit.flappybirds] reported as REPLACED, but missing application info. Assuming REMOVED.
05-27 17:16:27.344 13405 13405 D ActivityThread: Package [org.supersploit.flappybirds] reported as REPLACED, but missing application info. Assuming REMOVED.
05-27 17:16:27.344 13526 13526 D ActivityThread: Package [org.supersploit.flappybirds] reported as REPLACED, but missing application info. Assuming REMOVED.
05-27 17:16:27.345  4311  4311 D ActivityThread: Package [org.supersploit.flappybirds] reported as REPLACED, but missing application info. Assuming REMOVED.
05-27 17:16:27.345 12797 12797 D ActivityThread: Package [org.supersploit.flappybirds] reported as REPLACED, but missing application info. Assuming REMOVED.
05-27 17:16:27.345  4552  4552 D ActivityThread: Package [org.supersploit.flappybirds] reported as REPLACED, but missing application info. Assuming REMOVED.
05-27 17:16:27.345 11676 11676 D ActivityThread: Package [org.supersploit.flappybirds] reported as REPLACED, but missing application info. Assuming REMOVED.
05-27 17:16:27.346  3740  3740 D ActivityThread: Package [org.supersploit.flappybirds] reported as REPLACED, but missing application info. Assuming REMOVED.
05-27 17:16:27.346 22919 22919 D ActivityThread: Package [org.supersploit.flappybirds] reported as REPLACED, but missing application info. Assuming REMOVED.
05-27 17:16:27.347  2862  2862 D ActivityThread: Package [org.supersploit.flappybirds] reported as REPLACED, but missing application info. Assuming REMOVED.
05-27 17:16:27.348  1493  2694 D ShortcutService: replacing package: org.supersploit.flappybirds userId0
05-27 17:16:27.348 17007 17007 D ActivityThread: Package [org.supersploit.flappybirds] reported as REPLACED, but missing application info. Assuming REMOVED.
05-27 17:16:27.348 13568 13568 D ActivityThread: Package [org.supersploit.flappybirds] reported as REPLACED, but missing application info. Assuming REMOVED.
05-27 17:16:27.349  1493  2645 D SGM:GameManager: identifyGamePackage. org.supersploit.flappybirds, mCurrentUserId: 0, callerUserId: 0, callingMethodInfo: com.samsung.android.game.SemGameManager.isGamePackage(SemGameManager.java:105)
05-27 17:16:27.349  1493  2645 D SGM:SemGameManager: isGamePackage(), pkgName=org.supersploit.flappybirds, ret=false
05-27 17:16:27.350  5617  5617 D ActivityThread: Package [org.supersploit.flappybirds] reported as REPLACED, but missing application info. Assuming REMOVED.
05-27 17:16:27.350  1493  2645 D SGM:GameManager: identifyGamePackage. org.supersploit.flappybirds, mCurrentUserId: 0, callerUserId: 0, callingMethodInfo: com.samsung.android.game.SemGameManager.isGamePackage(SemGameManager.java:105)
05-27 17:16:27.350  1493  2645 D SGM:SemGameManager: isGamePackage(), pkgName=org.supersploit.flappybirds, ret=false
05-27 17:16:27.350 24027 24027 D ActivityThread: Package [org.supersploit.flappybirds] reported as REPLACED, but missing application info. Assuming REMOVED.
05-27 17:16:27.350  1493  2694 D ShortcutService: replacing package: org.supersploit.flappybirds userId95
05-27 17:16:27.354  5602  5602 D ActivityThread: Package [org.supersploit.flappybirds] reported as REPLACED, but missing application info. Assuming REMOVED.
05-27 17:16:27.360 12885 12885 D ActivityThread: Package [org.supersploit.flappybirds] reported as REPLACED, but missing application info. Assuming REMOVED.
05-27 17:16:27.360  5535  5535 D ActivityThread: Package [org.supersploit.flappybirds] reported as REPLACED, but missing application info. Assuming REMOVED.
05-27 17:16:27.360 13120 13120 D ActivityThread: Package [org.supersploit.flappybirds] reported as REPLACED, but missing application info. Assuming REMOVED.
05-27 17:16:27.360  6503  6503 D ActivityThread: Package [org.supersploit.flappybirds] reported as REPLACED, but missing application info. Assuming REMOVED.
05-27 17:16:27.361  5687  5687 D ActivityThread: Package [org.supersploit.flappybirds] reported as REPLACED, but missing application info. Assuming REMOVED.
05-27 17:16:27.362 26665 26665 D ActivityThread: Package [org.supersploit.flappybirds] reported as REPLACED, but missing application info. Assuming REMOVED.
05-27 17:16:27.362  5602  5602 D ActivityThread: Package [org.supersploit.flappybirds] reported as REPLACED, but missing application info. Assuming REMOVED.
05-27 17:16:27.362  3281  3281 D ActivityThread: Package [org.supersploit.flappybirds] reported as REPLACED, but missing application info. Assuming REMOVED.
05-27 17:16:27.362  3077  3077 D ActivityThread: Package [org.supersploit.flappybirds] reported as REPLACED, but missing application info. Assuming REMOVED.
05-27 17:16:27.362  3262  3262 D ActivityThread: Package [org.supersploit.flappybirds] reported as REPLACED, but missing application info. Assuming REMOVED.
05-27 17:16:27.364 12797 12797 D ActivityThread: Package [org.supersploit.flappybirds] reported as REPLACED, but missing application info. Assuming REMOVED.
05-27 17:16:27.364  4440  4440 D ActivityThread: Package [org.supersploit.flappybirds] reported as REPLACED, but missing application info. Assuming REMOVED.
05-27 17:16:27.364 32715 32715 D ActivityThread: Package [org.supersploit.flappybirds] reported as REPLACED, but missing application info. Assuming REMOVED.
05-27 17:16:27.364  4552  4552 D ActivityThread: Package [org.supersploit.flappybirds] reported as REPLACED, but missing application info. Assuming REMOVED.
05-27 17:16:27.365 10272 10272 D ActivityThread: Package [org.supersploit.flappybirds] reported as REPLACED, but missing application info. Assuming REMOVED.
05-27 17:16:27.365  2862  2862 D ActivityThread: Package [org.supersploit.flappybirds] reported as REPLACED, but missing application info. Assuming REMOVED.
05-27 17:16:27.365 14101 14101 D ActivityThread: Package [org.supersploit.flappybirds] reported as REPLACED, but missing application info. Assuming REMOVED.
05-27 17:16:27.365 13628 13628 D ActivityThread: Package [org.supersploit.flappybirds] reported as REPLACED, but missing application info. Assuming REMOVED.
05-27 17:16:27.365 13067 13067 D ActivityThread: Package [org.supersploit.flappybirds] reported as REPLACED, but missing application info. Assuming REMOVED.
05-27 17:16:27.366  5663  5663 D ActivityThread: Package [org.supersploit.flappybirds] reported as REPLACED, but missing application info. Assuming REMOVED.
05-27 17:16:27.366  5648  5648 D ActivityThread: Package [org.supersploit.flappybirds] reported as REPLACED, but missing application info. Assuming REMOVED.
05-27 17:16:27.366 12431 12431 D ActivityThread: Package [org.supersploit.flappybirds] reported as REPLACED, but missing application info. Assuming REMOVED.
05-27 17:16:27.366  4311  4311 D ActivityThread: Package [org.supersploit.flappybirds] reported as REPLACED, but missing application info. Assuming REMOVED.
05-27 17:16:27.366  7496  7496 D ActivityThread: Package [org.supersploit.flappybirds] reported as REPLACED, but missing application info. Assuming REMOVED.
05-27 17:16:27.367 13568 13568 D ActivityThread: Package [org.supersploit.flappybirds] reported as REPLACED, but missing application info. Assuming REMOVED.
05-27 17:16:27.368 10714 10714 D ActivityThread: Package [org.supersploit.flappybirds] reported as REPLACED, but missing application info. Assuming REMOVED.
05-27 17:16:27.368 23035 23035 D ActivityThread: Package [org.supersploit.flappybirds] reported as REPLACED, but missing application info. Assuming REMOVED.
05-27 17:16:27.368  3740  3740 D ActivityThread: Package [org.supersploit.flappybirds] reported as REPLACED, but missing application info. Assuming REMOVED.
05-27 17:16:27.368  7658  7658 D ActivityThread: Package [org.supersploit.flappybirds] reported as REPLACED, but missing application info. Assuming REMOVED.
05-27 17:16:27.368  5617  5617 D ActivityThread: Package [org.supersploit.flappybirds] reported as REPLACED, but missing application info. Assuming REMOVED.
05-27 17:16:27.369 24027 24027 D ActivityThread: Package [org.supersploit.flappybirds] reported as REPLACED, but missing application info. Assuming REMOVED.
05-27 17:16:27.370 12864 12864 D ActivityThread: Package [org.supersploit.flappybirds] reported as REPLACED, but missing application info. Assuming REMOVED.
05-27 17:16:27.370 13526 13526 D ActivityThread: Package [org.supersploit.flappybirds] reported as REPLACED, but missing application info. Assuming REMOVED.
05-27 17:16:27.370 22919 22919 D ActivityThread: Package [org.supersploit.flappybirds] reported as REPLACED, but missing application info. Assuming REMOVED.
05-27 17:16:27.371 17007 17007 D ActivityThread: Package [org.supersploit.flappybirds] reported as REPLACED, but missing application info. Assuming REMOVED.
05-27 17:16:27.371  3738  3738 D ActivityThread: Package [org.supersploit.flappybirds] reported as REPLACED, but missing application info. Assuming REMOVED.
05-27 17:16:27.371 11676 11676 D ActivityThread: Package [org.supersploit.flappybirds] reported as REPLACED, but missing application info. Assuming REMOVED.
05-27 17:16:27.373 12337 12337 D ActivityThread: Package [org.supersploit.flappybirds] reported as REPLACED, but missing application info. Assuming REMOVED.
05-27 17:16:27.376  5342  5342 D ActivityThread: Package [org.supersploit.flappybirds] reported as REPLACED, but missing application info. Assuming REMOVED.
05-27 17:16:27.380  2844  2844 D ActivityThread: Package [org.supersploit.flappybirds] reported as REPLACED, but missing application info. Assuming REMOVED.
05-27 17:16:27.381  1493  1779 D LauncherAppsService: Calling onPackageRemoved: org.supersploit.flappybirds, EXTRA_REPLACING: true
05-27 17:16:27.381 13405 13405 D ActivityThread: Package [org.supersploit.flappybirds] reported as REPLACED, but missing application info. Assuming REMOVED.
05-27 17:16:27.384  4097  4097 D ActivityThread: Package [org.supersploit.flappybirds] reported as REPLACED, but missing application info. Assuming REMOVED.
05-27 17:16:27.390  3280  3280 D ActivityThread: Package [org.supersploit.flappybirds] reported as REPLACED, but missing application info. Assuming REMOVED.
05-27 17:16:27.394  2844  2844 D ActivityThread: Package [org.supersploit.flappybirds] reported as REPLACED, but missing application info. Assuming REMOVED.
05-27 17:16:27.423  1493  1493 I Telecom : CarModeTracker: Package org.supersploit.flappybirds is not tracked.: SSH.oR@DdQ
05-27 17:16:27.458  4097  4097 D ActivityThread: Package [org.supersploit.flappybirds] reported as REPLACED, but missing application info. Assuming REMOVED.
05-27 17:16:27.460  1493  2845 I Pageboost: remove app @ runtime : org.supersploit.flappybirds
05-27 17:16:27.461  1493  1493 D ActivityThread: Package [org.supersploit.flappybirds] reported as REPLACED, but missing application info. Assuming REMOVED.
05-27 17:16:27.465  3280  3280 D ActivityThread: Package [org.supersploit.flappybirds] reported as REPLACED, but missing application info. Assuming REMOVED.
05-27 17:16:27.466 13671 13671 D ActivityThread: Package [org.supersploit.flappybirds] reported as REPLACED, but missing application info. Assuming REMOVED.
05-27 17:16:27.468  1493  2758 D SGM:GameManager: identifyGamePackage. org.supersploit.flappybirds, mCurrentUserId: 0, callerUserId: 0, callingMethodInfo: com.samsung.android.game.SemGameManager.isGamePackage(SemGameManager.java:105)
05-27 17:16:27.468  1493  2758 D SGM:SemGameManager: isGamePackage(), pkgName=org.supersploit.flappybirds, ret=false
05-27 17:16:27.476  1493  1493 I Telecom : SamsungOpenCommunicationPlatformPolicyPackageBroadcastReceiver : action : android.intent.action.PACKAGE_ADDED / packageName : org.supersploit.flappybirds
05-27 17:16:27.476  1493  3615 I Telecom : SamsungOpenCommunicationPlatformPolicyPackageHandler : handleMessage : { when=0 what=0 obj=org.supersploit.flappybirds target=com.samsung.server.telecom.advancedcall.ocp.policy.broadcast.SamsungOpenCommunicationPlatformPolicyPackageHandler }.what
05-27 17:16:27.495  1493  2845 D SGM:GameManager: identifyGamePackage. org.supersploit.flappybirds, mCurrentUserId: 0, callerUserId: 0, callingMethodInfo: com.samsung.android.game.SemGameManager.isGamePackage(SemGameManager.java:105)
05-27 17:16:27.495  1493  2845 D SGM:SemGameManager: isGamePackage(), pkgName=org.supersploit.flappybirds, ret=false
05-27 17:16:27.495  1493  2845 I Pageboost: appinfo : org.supersploit.flappybirds 0 0 0 0
05-27 17:16:27.496  1493  2845 D SGM:GameManager: identifyGamePackage. org.supersploit.flappybirds, mCurrentUserId: 0, callerUserId: 0, callingMethodInfo: com.samsung.android.game.SemGameManager.isGamePackage(SemGameManager.java:105)
05-27 17:16:27.496  1493  2845 D SGM:SemGameManager: isGamePackage(), pkgName=org.supersploit.flappybirds, ret=false
05-27 17:16:27.496  1493  2845 I Pageboost: Reset this app info : org.supersploit.flappybirds 
05-27 17:16:27.496  7736  7736 D ActivityThread: Package [org.supersploit.flappybirds] reported as REPLACED, but missing application info. Assuming REMOVED.
05-27 17:16:27.497  7736  7736 D ActivityThread: Package [org.supersploit.flappybirds] reported as REPLACED, but missing application info. Assuming REMOVED.
05-27 17:16:27.498  1493  2845 I Pageboost: db create : CREATE TABLE IF NOT EXISTS orgsupersploitflappybirds (FILENAME TEXT, OFFSET INTEGER, SIZE INTEGER, FORVRAMDISK INTEGER, BITMAP BLOB, unique (FILENAME, OFFSET) );
05-27 17:16:27.516  1493  2845 I Pageboost: add app to global @ runtime: org.supersploit.flappybirds
05-27 17:16:27.547  1493  1493 I Telecom : SamsungOpenCommunicationPlatformPolicyPackageBroadcastReceiver : action : android.intent.action.PACKAGE_ADDED / packageName : org.supersploit.flappybirds
05-27 17:16:27.552  1493  3615 I Telecom : SamsungOpenCommunicationPlatformPolicyPackageHandler : handleMessage : { when=-4ms what=0 obj=org.supersploit.flappybirds target=com.samsung.server.telecom.advancedcall.ocp.policy.broadcast.SamsungOpenCommunicationPlatformPolicyPackageHandler }.what
05-27 17:16:27.560  1493  2758 D SGM:GameManager: identifyGamePackage. org.supersploit.flappybirds, mCurrentUserId: 0, callerUserId: 0, callingMethodInfo: com.samsung.android.game.SemGameManager.isGamePackage(SemGameManager.java:105)
05-27 17:16:27.560  1493  2758 D SGM:SemGameManager: isGamePackage(), pkgName=org.supersploit.flappybirds, ret=false
05-27 17:16:27.571  1493  1493 D ActivityThread: Package [org.supersploit.flappybirds] reported as REPLACED, but missing application info. Assuming REMOVED.
05-27 17:16:27.573  1493  1493 W AlarmManager: Package org.supersploit.flappybirds, uid 10381 lost permission to set exact alarms!
05-27 17:16:27.585  1493  1493 W AlarmManager: Package org.supersploit.flappybirds, uid 9510381 lost permission to set exact alarms!
05-27 17:16:27.753  9446  9446 D ActivityThread: Package [org.supersploit.flappybirds] reported as REPLACED, but missing application info. Assuming REMOVED.
05-27 17:16:27.914  9446  9446 D ActivityThread: Package [org.supersploit.flappybirds] reported as REPLACED, but missing application info. Assuming REMOVED.
05-27 17:16:28.096  1493  1779 D LauncherAppsService: Calling onPackageRemoved: org.supersploit.flappybirds, EXTRA_REPLACING: true
05-27 17:16:28.400  1493  1779 I SGM:GameManager: PkgUpdateReceiver, onPackageAdded : org.supersploit.flappybirds userHandle : UserHandle{0} userId : 0
05-27 17:16:28.400  1493  1779 D SGM:GosNotifyThread: sendPackageMessage(), changeType=0, pkgName=org.supersploit.flappybirds, userHandleId=0
05-27 17:16:28.401  1493  2556 D SGM:GosNotifyThread: notifyPackageChangedToGos(), before send intent to GOS. type:15, changeType: 0, pkgName:org.supersploit.flappybirds, userHandleId:0
05-27 17:16:28.401  1493  2556 D SGM:PmAppCategoryManager: getManifestCategory(), manifestCategory=-1, packageName=org.supersploit.flappybirds
05-27 17:16:28.401  1493  2556 D SGM:PmAppCategoryManager: getCategoryOverride(), categoryOverride=-1, packageName=org.supersploit.flappybirds
05-27 17:16:28.401  1493  2556 I SGM:GosNotifyThread: notifyPackageChangedToGos(), category from pm: org.supersploit.flappybirds, [-1/-1]
05-27 17:16:28.527  1493  1779 D MetaDataCollector: onReceive: done pkgName=org.supersploit.flappybirds
05-27 17:16:28.541  1493  6581 D SGM:GameManager: setPackageConfigurations(). category=-1, pkgName=org.supersploit.flappybirds
05-27 17:16:28.541  1493  6581 D SGM:GameManager: setPackageConfiguration(). configuration: packageName: org.supersploit.flappybirds, performancePolicyForSsrm: null, optimalAspectRatio: 1.7777778, dynamicSurfaceScaling: 1.0, category: -1, categoryByUser: -1, fillBlackSurfaceOnMargins: false, userId: null
05-27 17:16:28.541  1493  6581 D SGM:GameManager: setPackageConfiguration(). pkgName=org.supersploit.flappybirds
05-27 17:16:28.541  1493  6581 D SGM:Util: isPkgInstalled(). pkgName=org.supersploit.flappybirds, userId=0, installed=true
05-27 17:16:28.542  1493  6581 W SGM:Util: isPkgInstalled(), org.supersploit.flappybirds does not exist. 
05-27 17:16:28.542  1493  6581 D SGM:Util: isPkgInstalled(). pkgName=org.supersploit.flappybirds, userId=150, installed=false
05-27 17:16:28.542  1493  6581 W SGM:GameManager: setPackageConfiguration(). the package is not installed. pkgName=org.supersploit.flappybirds, userId=150
05-27 17:16:28.545  1493  1779 I SGM:GameManager: PkgUpdateReceiver, onPackageAdded : org.supersploit.flappybirds userHandle : UserHandle{95} userId : 95
05-27 17:16:28.545  1493  1779 D SGM:GosNotifyThread: sendPackageMessage(), changeType=0, pkgName=org.supersploit.flappybirds, userHandleId=95
05-27 17:16:28.545  1493  2556 D SGM:GosNotifyThread: notifyPackageChangedToGos(), before send intent to GOS. type:15, changeType: 0, pkgName:org.supersploit.flappybirds, userHandleId:95
05-27 17:16:28.560  1493  1779 D MetaDataCollector: onReceive: done pkgName=org.supersploit.flappybirds
05-27 17:16:28.565  1493  1779 I SGM:GameManager: PkgUpdateReceiver, onPackageReplaced : org.supersploit.flappybirds userID : UserHandle{0}
05-27 17:16:28.565  1493  1779 D SGM:GosNotifyThread: sendPackageMessage(), changeType=8, pkgName=org.supersploit.flappybirds, userHandleId=0
05-27 17:16:28.566  1493  1779 D MetaDataCollector: onReceive: done pkgName=org.supersploit.flappybirds
05-27 17:16:28.566  1493  2556 D SGM:GosNotifyThread: notifyPackageChangedToGos(), before send intent to GOS. type:15, changeType: 8, pkgName:org.supersploit.flappybirds, userHandleId:0
05-27 17:16:28.566  1493  2556 D SGM:PmAppCategoryManager: getManifestCategory(), manifestCategory=-1, packageName=org.supersploit.flappybirds
05-27 17:16:28.566  1493  2556 D SGM:PmAppCategoryManager: getCategoryOverride(), categoryOverride=-1, packageName=org.supersploit.flappybirds
05-27 17:16:28.566  1493  2556 I SGM:GosNotifyThread: notifyPackageChangedToGos(), category from pm: org.supersploit.flappybirds, [-1/-1]
05-27 17:16:28.569  1493  1779 I SGM:GameManager: PkgUpdateReceiver, onPackageReplaced : org.supersploit.flappybirds userID : UserHandle{95}
05-27 17:16:28.569  1493  1779 D SGM:GosNotifyThread: sendPackageMessage(), changeType=8, pkgName=org.supersploit.flappybirds, userHandleId=95
05-27 17:16:28.569  1493  1779 D MetaDataCollector: onReceive: done pkgName=org.supersploit.flappybirds
05-27 17:16:28.569  1493  2556 D SGM:GosNotifyThread: notifyPackageChangedToGos(), before send intent to GOS. type:15, changeType: 8, pkgName:org.supersploit.flappybirds, userHandleId:95
05-27 17:17:16.690  1493  6568 I Pageboost: start alp : org.supersploit.flappybirds
05-27 17:17:16.690  1493  2845 I Pageboost: alp for : org.supersploit.flappybirds , 0
05-27 17:17:16.716  2862  2985 D ShellStartingWindow: preload Icon org.supersploit.flappybirds
05-27 17:17:16.719  1493  1873 I ActivityManager: Start proc 15086:org.supersploit.flappybirds/u0a381 for activelaunch {org.supersploit.flappybirds/org.kivy.android.PythonActivity}
05-27 17:17:16.819  1493  2459 I Pageboost: onAppLaunch : org.supersploit.flappybirds
05-27 17:17:16.822  1493  2845 I Pageboost: Record App IO : org.supersploit.flappybirds pid 15086
05-27 17:17:16.823  1493  2459 V WindowManager: Collecting in transition 248: ActivityRecord{d96a24b u0 org.supersploit.flappybirds/org.kivy.android.PythonActivity, caller=com.android.server.wm.TransitionController.collect:7 com.android.server.wm.ActivityStarter.startActivityUnchecked:626 com.android.server.wm.ActivityStarter.executeRequest:3365 com.android.server.wm.ActivityStarter.execute:1122 com.android.server.wm.ActivityTaskManagerService.startActivityAsUser:88 
05-27 17:17:16.823  1493  2459 D ActivityTaskManager: TaskLaunchParamsModifier:task=null activity=ActivityRecord{d96a24b u0 org.supersploit.flappybirds/org.kivy.android.PythonActivity t-1} display-from-option=0 display-id=0 task-display-area-windowing-mode=1 suggested-display-area=DefaultTaskDisplayArea_d0@190344442
05-27 17:17:16.823  1493  2459 D ActivityTaskManager: TaskLaunchParamsModifier:task=null activity=ActivityRecord{d96a24b u0 org.supersploit.flappybirds/org.kivy.android.PythonActivity t-1} display-from-option=0 display-id=0 task-display-area-windowing-mode=1 suggested-display-area=DefaultTaskDisplayArea_d0@190344442 inherit-from-source=fullscreen non-freeform-task-display-area display-area=DefaultTaskDisplayArea_d0@190344442 activity-requested-landscape freeform-size-mismatch=Rect(81, 568 - 999, 1768)
05-27 17:17:16.825  1493  2459 D ActivityTaskManager: TaskLaunchParamsModifier:task=Task{f982428 #616 type=standard A=10381:org.supersploit.flappybirds} activity=ActivityRecord{d96a24b u0 org.supersploit.flappybirds/org.kivy.android.PythonActivity t-1} display-from-option=0 display-id=0 task-display-area-windowing-mode=1 suggested-display-area=DefaultTaskDisplayArea_d0@190344442 inherit-from-source=fullscreen non-freeform-task-display-area display-area=DefaultTaskDisplayArea_d0@190344442 activity-requested-landscape freeform-size-mismatch=Rect(81, 568 - 999, 1768)
05-27 17:17:16.825  1493  2459 V WindowManager: Collecting in transition 248: Task{f982428 #616 type=standard A=10381:org.supersploit.flappybirds}, caller=com.android.server.wm.Transition.collectExistenceChange:42 com.android.server.wm.ActivityStarter.setNewTask:43 com.android.server.wm.ActivityStarter.startActivityInner:2218 com.android.server.wm.ActivityStarter.startActivityUnchecked:639 com.android.server.wm.ActivityStarter.executeRequest:3365 
05-27 17:17:16.828  1493  2459 V WindowManager: Add starting ActivityRecord{d96a24b u0 org.supersploit.flappybirds/org.kivy.android.PythonActivity t616}: startingData=SplashScreenStartingData{25f5ad4 waitForSyncTransactionCommit=false removeAfterTransaction= 0}
05-27 17:17:16.828  1493  2459 V WindowManager: Added starting ActivityRecord{d96a24b u0 org.supersploit.flappybirds/org.kivy.android.PythonActivity t616}: startingWindow=null startingView=com.android.server.wm.StartingSurfaceController$StartingSurface@43e747d
05-27 17:17:16.830  1493  2459 V WindowManager: Collecting in transition 248: ActivityRecord{d96a24b u0 org.supersploit.flappybirds/org.kivy.android.PythonActivity t616}, caller=com.android.server.wm.Transition.collectExistenceChange:42 com.android.server.wm.ActivityStarter.handleStartResult:523 com.android.server.wm.ActivityStarter.startActivityUnchecked:653 com.android.server.wm.ActivityStarter.executeRequest:3365 com.android.server.wm.ActivityStarter.execute:1122 
05-27 17:17:16.830  1493  2459 I ActivityTaskManager: START u0 {act=android.intent.action.MAIN cat=[android.intent.category.LAUNCHER] flg=0x10200000 cmp=org.supersploit.flappybirds/org.kivy.android.PythonActivity bnds=[638,803][837,1089]} with LAUNCH_SINGLE_TASK from uid 10135 (BAL_ALLOW_VISIBLE_WINDOW) result code=0
05-27 17:17:16.832  2862  2928 V WindowManagerShell: Transition requested (#248): android.os.BinderProxy@659c651 TransitionRequestInfo { type = OPEN, triggerTask = TaskInfo{userId=0 taskId=616 displayId=0 isRunning=true baseIntent=Intent { act=android.intent.action.MAIN cat=[android.intent.category.LAUNCHER] flg=0x10200000 cmp=org.supersploit.flappybirds/org.kivy.android.PythonActivity } baseActivity=ComponentInfo{org.supersploit.flappybirds/org.kivy.android.PythonActivity} topActivity=ComponentInfo{org.supersploit.flappybirds/org.kivy.android.PythonActivity} origActivity=null realActivity=ComponentInfo{org.supersploit.flappybirds/org.kivy.android.PythonActivity} numActivities=1 lastActiveTime=14386741 supportsMultiWindow=true resizeMode=1 isResizeable=true minWidth=-1 minHeight=-1 maxWidth=-1 maxHeight=-1 defaultMinSize=220 token=WCT{android.window.IWindowContainerToken$Stub$Proxy@24c4eb6} topActivityType=1 pictureInPictureParams=null shouldDockBigOverlays=false launchIntoPipHostTaskId=-1 lastParentTaskIdBeforePip=-1 displayCutoutSafeInsets=Rect(0, 80 - 0, 0) topActivityInfo=ActivityInfo{13d27b7 org.kivy.android.PythonActivity} launchCookies=[android.os.BinderProxy@7addb24] positionInParent=Point(0, 0) parentTaskId=-1 isFocused=false isVisible=false isVisibleRequested=false isSleeping=false topActivityInSizeCompat=false locusId=null displayAreaFeatureId=1 isTopActivityTransparent=false isTopActivityStyleFloating=false appCompatTaskInfo=AppCompatTaskInfo { topActivityInSizeCompat=false eligibleForLetterboxEducation= false isLetterboxEducationEnabled= false isLetterboxDoubleTapEnabled= false eligibleForUserAspectRatioButton= false topActivityBoundsLetterboxed= false isFromLetterboxDoubleTap= false topActivityLetterboxVerticalPosition= -1 topActivityLetterboxHorizontalPosition= -1 topActivityLetterboxWidth=1080 topActivityLetterboxHeight=2400 topActivityLetterboxAppWidth=1080 topActivityLetterboxAppHeight=2176 isUserFullscreenOverrideEnabled=false isSystemFullscreenOverrideEnabled=false hasMinAspectRatioOverride=false cameraCompatTaskInfo=CameraCompatTaskInfo { freeformCameraCompatMode=inactive} topActivityBounds=null topActivityInDisplayCompat=false} originallySupportedMultiWindow=true hasWallpaper=false rootAffinity=10381:org.supersploit.flappybirds isTopTaskInStage=false topActivityUiMode=33 CoverLauncherWidgetTask=false isAllowedSeamlessRotation=false isTopTransparentActivity=false snappingGuideBounds=Rect(81, 568 - 999, 1768) isAliasManaged=false hasConfigChanged=false isAiKeyRemoveAppTask=false}, pipTask = null, remoteTransition = RemoteTransition { remoteTransition = android.window.IRemoteTransition$Stub$Proxy@fa3768d, appThread = android.app.IApplicationThread$Stub$Proxy@4c6a042, debugName = QuickstepLaunchflags =NONE }, displayChange = null, flags = 0, debugId = 248 }
05-27 17:17:16.835  1493  6557 V WindowManager: Collecting in transition 248: ActivityRecord{d96a24b u0 org.supersploit.flappybirds/org.kivy.android.PythonActivity t616}, caller=com.android.server.wm.TransitionController.collect:7 com.android.server.wm.ActivityRecord.setVisibility:189 com.android.server.wm.EnsureActivitiesVisibleHelper.process:561 com.android.server.wm.TaskFragment.updateActivityVisibilities:12 com.android.server.wm.Task$$ExternalSyntheticLambda3.accept:399 
05-27 17:17:16.835  1493  6557 D WindowManager: rotationForOrientation, orientationSource=ActivityRecord{d96a24b u0 org.supersploit.flappybirds/org.kivy.android.PythonActivity t616}
05-27 17:17:16.835  1493  6557 D ActivityTaskManager: applyFixedRotationTransform, r=ActivityRecord{d96a24b u0 org.supersploit.flappybirds/org.kivy.android.PythonActivity t616}, caller=com.android.server.wm.ActivityRecord.applyFixedRotationTransform:19 com.android.server.wm.DisplayContent.startFixedRotationTransform:65 com.android.server.wm.DisplayContent.setFixedRotationLaunchingApp:53 com.android.server.wm.DisplayContent.handleTopActivityLaunchingInDifferentOrientation:354 com.android.server.wm.DisplayContent.updateOrientation:64 
05-27 17:17:16.840  1493  6557 D WindowManager: setFixedRotationLaunchingAppUnchecked, rotation=1, r=ActivityRecord{d96a24b u0 org.supersploit.flappybirds/org.kivy.android.PythonActivity t616}, caller=com.android.server.wm.DisplayContent.setFixedRotationLaunchingAppUnchecked:140 com.android.server.wm.DisplayContent.setFixedRotationLaunchingApp:56 com.android.server.wm.DisplayContent.handleTopActivityLaunchingInDifferentOrientation:354 com.android.server.wm.DisplayContent.updateOrientation:64 com.android.server.wm.DisplayContent.updateOrientation:11 
05-27 17:17:16.840  1493  6557 V WindowManager: Collecting in transition 248: ActivityRecord{d96a24b u0 org.supersploit.flappybirds/org.kivy.android.PythonActivity t616}, caller=com.android.server.wm.TransitionController.collect:7 com.android.server.wm.ActivityRecord.setVisibility:189 com.android.server.wm.ActivityTaskSupervisor.realStartActivityLocked:234 com.android.server.wm.ActivityTaskSupervisor.startSpecificActivity:27 com.android.server.wm.TaskFragment.resumeTopActivity:2204 
05-27 17:17:16.841  1493  6557 D SGM:FgCheckThread: notifyAppCreated(), packageName: org.supersploit.flappybirds, userId: 0, sendRet: true
05-27 17:17:16.841  1493  2555 D SGM:FgCheckThread: onLooperPrepared(), msg: MSG_APP_CREATE, pkgName: org.supersploit.flappybirds, userId: 0
05-27 17:17:16.841  1493  6557 D SGM:FgCheckThread:   sendRunningComponentFocus(), pkgName: org.supersploit.flappybirds, userId: 0
05-27 17:17:16.842  1493  2555 D SGM:FgCheckThread: onLooperPrepared(), msg: MSG_TASK_FOCUSED, pkgName: org.supersploit.flappybirds, userId: 0
05-27 17:17:16.842  1493  2555 D SGM:FgCheckThread:   handleTaskFocused(), pkgName: org.supersploit.flappybirds, userID:0
05-27 17:17:16.842  1493  2555 D SGM:FgCheckThread:   handleResume(). pkgName: org.supersploit.flappybirds, userId: 0, category: non-game
05-27 17:17:16.842  1493  2555 D SGM:FgCheckThread: notifyFocusInOut(). of pkg: org.supersploit.flappybirds, type: 4, isSecGameFamily: false, userId: 0
05-27 17:17:16.845  1493  6557 D ActivityTaskManager: scheduleTopResumedActivityChanged, onTop=true, r=ActivityRecord{d96a24b u0 org.supersploit.flappybirds/org.kivy.android.PythonActivity t616}, caller=com.android.server.wm.ActivityTaskSupervisor.updateTopResumedActivityIfNeeded:62 com.android.server.wm.TaskFragment.setResumedActivity:29 com.android.server.wm.ActivityRecord.setState:104 com.android.server.wm.ActivityTaskSupervisor.realStartActivityLocked:949 com.android.server.wm.ActivityTaskSupervisor.startSpecificActivity:27 com.android.server.wm.TaskFragment.resumeTopActivity:2204 
05-27 17:17:16.845  1493  6557 D WindowManagerServiceExt: updateTaskbarTargetIfNeeded: cn=ComponentInfo{org.supersploit.flappybirds/org.kivy.android.PythonActivity} occludesParent=true isInSplitScreenMode=false styleFloating=false
05-27 17:17:16.847  1493  6557 D BLASTSyncEngine: SyncGroup 248:  Unfinished container: Task{f982428 #616 type=standard A=10381:org.supersploit.flappybirds} mSyncState=2
05-27 17:17:16.854  1493  2996 D WindowManager: prepareSync <SYNC_STATE_WAITING_FOR_DRAW>, mPrepareSyncSeqId=0, win=Window{498956e u0 Splash Screen org.supersploit.flappybirds}
05-27 17:17:16.855  1493  2996 V WindowManager: addWindow: ActivityRecord{d96a24b u0 org.supersploit.flappybirds/org.kivy.android.PythonActivity t616} startingWindow=Window{498956e u0 Splash Screen org.supersploit.flappybirds}
05-27 17:17:16.860  1493  6568 D WindowManager: makeSurface duration=1 name=Splash Screen org.supersploit.flappybirds$_2862
05-27 17:17:16.865  1493  6568 D BLASTSyncEngine: SyncGroup 248:  Unfinished container: Task{f982428 #616 type=standard A=10381:org.supersploit.flappybirds} mSyncState=2
05-27 17:17:16.866  1493  2996 D CoreBackPreview: Window{498956e u0 Splash Screen org.supersploit.flappybirds}: Setting back callback OnBackInvokedCallbackInfo{mCallback=android.window.IOnBackInvokedCallback$Stub$Proxy@1272b91, mPriority=0, mIsAnimationCallback=false}
05-27 17:17:16.872 15086 15086 D ActivityThread: org.supersploit.flappybirds will use render engine as VK
05-27 17:17:16.881  1493  6557 D WindowManager: finishDrawingWindow: Window{498956e u0 Splash Screen org.supersploit.flappybirds} mDrawState=DRAW_PENDING seqId=0
05-27 17:17:16.881  1493  6557 V WindowManager: Finishing drawing window Window{498956e u0 Splash Screen org.supersploit.flappybirds}: mDrawState=DRAW_PENDING
05-27 17:17:16.881  1493  6557 V WindowManager: Draw state now committed in Window{498956e u0 Splash Screen org.supersploit.flappybirds}
05-27 17:17:16.882  1493  1661 V WindowManager: performShowLocked: mDrawState=HAS_DRAWN in Window{498956e u0 Splash Screen org.supersploit.flappybirds}
05-27 17:17:16.882  1493  1661 V WindowManager: Start calculating TransitionInfo based on participants: {WallpaperWindowToken{1ac0cda token=android.os.Binder@aaed685}_<system>, ActivityRecord{81360a6 u0 com.sec.android.app.launcher/.activities.LauncherActivity t560}, WallpaperWindowToken{d721a7e token=android.os.Binder@1dbc439}_<lock>, ActivityRecord{d96a24b u0 org.supersploit.flappybirds/org.kivy.android.PythonActivity t616}, Task{f982428 #616 type=standard A=10381:org.supersploit.flappybirds}}
05-27 17:17:16.882  1493  1661 V WindowManager:   Final targets: [Task{f982428 #616 type=standard A=10381:org.supersploit.flappybirds}, Task{4472011 #1 type=home}, WallpaperWindowToken{1ac0cda token=android.os.Binder@aaed685}_<system>]
05-27 17:17:16.884  1493  1661 V WindowManager:         {WCT{RemoteToken{553b783 Task{f982428 #616 type=standard A=10381:org.supersploit.flappybirds}}} m=OPEN f=NONE leash=Surface(name=Task=616)/@0x93b663d sb=Rect(0, 0 - 1080, 2400) eb=Rect(0, 0 - 1080, 2400) d=0 endFixedRotation=1 taskParent=-1 inset=Rect(80, 72 - 0, 0) dim=true},
