Output: --------- beginning of main
05-27 17:44:31.349 23447 23447 I oit.flappybirds: Late-enabling -Xcheck:jni
05-27 17:44:31.364 23447 23447 I oit.flappybirds: Using CollectorTypeCC GC.
05-27 17:44:31.371 23447 23447 D nativeloader: Load libframework-connectivity-tiramisu-jni.so using APEX ns com_android_tethering for caller /apex/com.android.tethering/javalib/framework-connectivity-t.jar: ok
05-27 17:44:31.374 23447 23447 D ActivityThread: setConscryptValidator
05-27 17:44:31.374 23447 23447 D ActivityThread: setConscryptValidator - put
05-27 17:44:31.392 23447 23447 W ziparchive: Unable to open '/data/app/~~EppLRyQ_rtOj5LpL0PlsMA==/org.supersploit.flappybirds-F9yK5tU1m-ZcBuFcnhrkOg==/base.dm': No such file or directory
05-27 17:44:31.392 23447 23447 W ziparchive: Unable to open '/data/app/~~EppLRyQ_rtOj5LpL0PlsMA==/org.supersploit.flappybirds-F9yK5tU1m-ZcBuFcnhrkOg==/base.dm': No such file or directory
05-27 17:44:31.395 23447 23447 D nativeloader: Configuring clns-7 for other apk /data/app/~~EppLRyQ_rtOj5LpL0PlsMA==/org.supersploit.flappybirds-F9yK5tU1m-ZcBuFcnhrkOg==/base.apk. target_sdk_version=33, uses_libraries=, library_path=/data/app/~~EppLRyQ_rtOj5LpL0PlsMA==/org.supersploit.flappybirds-F9yK5tU1m-ZcBuFcnhrkOg==/lib/arm64:/data/app/~~EppLRyQ_rtOj5LpL0PlsMA==/org.supersploit.flappybirds-F9yK5tU1m-ZcBuFcnhrkOg==/base.apk!/lib/arm64-v8a, permitted_path=/data:/mnt/expand:/data/user/0/org.supersploit.flappybirds
05-27 17:44:31.401 23447 23447 V GraphicsEnvironment: Currently set values for:
05-27 17:44:31.401 23447 23447 V GraphicsEnvironment:   angle_gl_driver_selection_pkgs=[]
05-27 17:44:31.401 23447 23447 V GraphicsEnvironment:   angle_gl_driver_selection_values=[]
05-27 17:44:31.401 23447 23447 V GraphicsEnvironment: Global.Settings values are invalid: number of packages: 0, number of values: 0
05-27 17:44:31.402 23447 23447 V GraphicsEnvironment: App is not on the allowlist for updatable production driver.
--------- beginning of system
05-27 17:44:31.443 23447 23447 D ActivityThread: org.supersploit.flappybirds will use render engine as VK
05-27 17:44:31.444 23447 23447 D HWUI    : HWUI - treat SMPTE_170M as sRGB
05-27 17:44:31.446 23447 23464 D HWUI    : CacheManager constructor. deviceInfo=(1080, 1920)
05-27 17:44:31.447 23447 23464 I AdrenoGLES-0: QUALCOMM build                   : 9ad1b67875, Ib48d2dada6
05-27 17:44:31.447 23447 23464 I AdrenoGLES-0: Build Date                       : 05/11/25
05-27 17:44:31.447 23447 23464 I AdrenoGLES-0: OpenGL ES Shader Compiler Version: EV031.35.01.12
05-27 17:44:31.447 23447 23464 I AdrenoGLES-0: Local Branch                     : 
05-27 17:44:31.447 23447 23464 I AdrenoGLES-0: Remote Branch                    : refs/tags/AU_LINUX_ANDROID_LA.UM.9.14.11.00.00.571.148
05-27 17:44:31.447 23447 23464 I AdrenoGLES-0: Remote Branch                    : NONE
05-27 17:44:31.447 23447 23464 I AdrenoGLES-0: Reconstruct Branch               : NOTHING
05-27 17:44:31.447 23447 23464 I AdrenoGLES-0: Build Config                     : S P 10.0.7 AArch64
05-27 17:44:31.447 23447 23464 I AdrenoGLES-0: Driver Path                      : /vendor/lib64/egl/libGLESv2_adreno.so
05-27 17:44:31.451 23447 23464 I AdrenoGLES-0: PFP: 0x016dc094, ME: 0x00000000
05-27 17:44:31.458 23447 23447 V PythonActivity: PythonActivity onCreate running
05-27 17:44:31.458 23447 23447 V PythonActivity: About to do super onCreate
05-27 17:44:31.458 23447 23447 V SDL     : Device: o1q
05-27 17:44:31.458 23447 23447 V SDL     : Model: SM-G991U
05-27 17:44:31.458 23447 23447 V SDL     : onCreate()
05-27 17:44:31.458 23447 23447 V PythonActivity: Did super onCreate
05-27 17:44:31.458 23447 23447 V SDL     : getting identifier
05-27 17:44:31.458 23447 23447 V SDL     : kind is layout and name lottie
05-27 17:44:31.458 23447 23447 V SDL     : result is 0
05-27 17:44:31.458 23447 23447 E oit.flappybirds: Invalid resource ID 0x00000000.
05-27 17:44:31.458 23447 23447 V SDL     : couldn't find lottie layout or animation, trying static splash
05-27 17:44:31.458 23447 23447 V SDL     : getting identifier
05-27 17:44:31.458 23447 23447 V SDL     : kind is drawable and name presplash
05-27 17:44:31.458 23447 23447 V SDL     : result is 2130771969
05-27 17:44:31.462 23447 23447 V SDL     : asked to get string presplash_color
05-27 17:44:31.462 23447 23447 V SDL     : getting identifier
05-27 17:44:31.462 23447 23447 V SDL     : kind is string and name presplash_color
05-27 17:44:31.462 23447 23447 V SDL     : result is 2131034113
05-27 17:44:31.474 23447 23447 I DecorView: setWindowBackground: isPopOver=false color=fff1f0f7 d=android.graphics.drawable.ColorDrawable@ee96e9d
05-27 17:44:31.476 23447 23466 V PythonActivity: Ready to unpack
05-27 17:44:31.477 23447 23466 V pythonutil: Unpacking private app
05-27 17:44:31.477 23447 23447 V SDL     : onStart()
05-27 17:44:31.477 23447 23466 V pythonutil: Data version is df91284ef69e6fee624adc27091907baacfaf16a
05-27 17:44:31.477 23447 23466 V pythonutil: Unpacking /data/app/~~EppLRyQ_rtOj5LpL0PlsMA==/org.supersploit.flappybirds-F9yK5tU1m-ZcBuFcnhrkOg==/lib/arm64/libpybundle app
05-27 17:44:31.477 23447 23466 V pythonutil: Data version is df91284ef69e6fee624adc27091907baacfaf16a
05-27 17:44:31.479 23447 23447 V PythonActivity: onResume()
05-27 17:44:31.479 23447 23447 V SDL     : onResume()
05-27 17:44:31.485 23447 23447 I ViewRootImpl: dVRR is disabled
05-27 17:44:31.486 23447 23447 D HardwareRenderer: onDisplayChanged. displayId=0 current wxh=1080x2400 mLargest wxh=0x0
05-27 17:44:31.486 23447 23464 D HWUI    : setMaxSurfaceArea requested wxh=(1080,2400) requestedSurfaceArea(2592000) mMaxSurfaceArea(2073600)
05-27 17:44:31.486 23447 23447 D HardwareRenderer: Set largestWidth and largestHeight as logical resolution. (1080x2400)
05-27 17:44:31.486 23447 23464 D NativeCustomFrequencyManager: [NativeCFMS] BpCustomFrequencyManager::BpCustomFrequencyManager()
05-27 17:44:31.494 23447 23447 D InputTransport: Input channel constructed: '3c84791', fd=120
05-27 17:44:31.496 23447 23447 I InsetsController: onStateChanged: host=org.supersploit.flappybirds/org.kivy.android.PythonActivity, from=android.view.ViewRootImpl.setView:1999, state=InsetsState: {mDisplayFrame=Rect(0, 0 - 1080, 2400), mDisplayCutout=DisplayCutout{insets=Rect(0, 80 - 0, 0) waterfall=Insets{left=0, top=0, right=0, bottom=0} boundingRect={Bounds=[Rect(0, 0 - 0, 0), Rect(510, 0 - 570, 80), Rect(0, 0 - 0, 0), Rect(0, 0 - 0, 0)]} cutoutPathParserInfo={CutoutPathParserInfo{displayWidth=1080 displayHeight=2400 physicalDisplayWidth=1080 physicalDisplayHeight=2400 density={3.0} cutoutSpec={M 0,0 H -10 V 26.66666666666667 H 10 V 0 H 0 Z @dp} rotation={0} scale={1.0} physicalPixelDisplaySizeRatio={1.0}}} sideOverrides={}}, mRoundedCorners=RoundedCorners{[RoundedCorner{position=TopLeft, radius=108, center=Point(108, 108)}, RoundedCorner{position=TopRight, radius=108, center=Point(972, 108)}, RoundedCorner{position=BottomRight, radius=108, center=Point(972, 2292)}, RoundedCorner{position=BottomLeft, radius=108, center=Point(108, 2292)}]}  mRoundedCornerFrame=Rect(0, 0 - 1080, 2400), mPrivacyIndicatorBounds=PrivacyIndicatorBounds {static bounds=Rect(948, 0 - 1080, 80) rotation=0}, mDisplayShape=DisplayShape{ spec=-311912193 displayWidth=1080 displayHeight=2400 physicalPixelDisplaySizeRatio=1.0 rotation=0 offsetX=0 offsetY=0 scale=1.0}, mSources= { InsetsSource: {a21c0000 mType=statusBars mFrame=[0,0][1080,80] mVisible=true mFlags= mSideHint=TOP mBoundingRects=null}, InsetsSource: {a21c0005 mType=mandatorySystemGestures mFrame=[0,0][1080,116] mVisible=true mFlags= mSideHint=TOP mBoundingRects=null}, InsetsSource: {a21c0006 mType=tappableElement mFrame=[0,0][1080,80] mVisible=true mFlags= mSideHint=TOP mBoundingRects=null}, InsetsSource: {dcdf0001 mType=navigationBars mFrame=[0,2256][1080,2400] mVisible=false mFlags= mSideHint=BOTTOM mBoundingRects=null}, InsetsSource: {dcdf0004 mType=systemGestures mFrame=[0,0][0,0] mVisible=true mFlags= mSideHint=NONE mBoundingRects=null}, InsetsSource: {dcdf0005 mType=mandatorySystemGestures mFrame=[0,2256][1080,2400] mVisible=true mFlags= mSideHint=BOTTOM mBoundingRects=null}, InsetsSource: {dcdf0006 mType=tappableElement mFrame=[0,2256][1080,2400] mVisible=true mFlags= mSideHint=BOTTOM mBoundingRects=null}, InsetsSource: {dcdf0024 mType=systemGestures mFrame=[0,0][0,0] mVisible=true mFlags= mSideHint=NONE mBoundingRects=null}, InsetsSource: {3 mType=ime mFrame=[0,0][0,0] mVisible=false mFlags= mSideHint=NONE mBoundingRects=null}, InsetsSource: {27 mType=displayCutout mFrame=[0,0][1080,80] mVisible=true mFlags= mSideHint=TOP mBoundingRects=null} }
05-27 17:44:31.497 23447 23447 I VRI[PythonActivity]@d9a730c: synced displayState. AttachInfo displayState=1
05-27 17:44:31.497 23447 23447 I VRI[PythonActivity]@d9a730c: setView = com.android.internal.policy.DecorView@701b3f8 IsHRR=false TM=true
05-27 17:44:31.497 23447 23447 I IDS_TAG : Starting IDS observe window
05-27 17:44:31.498 23447 23447 I IDS_TAG : Getting Shared Preference for android.app.Application@2009962 uid = 10381
05-27 17:44:31.500 23447 23447 I IDS_TAG : App android.app.Application@2009962 in NO_IDS list
05-27 17:44:31.501 23447 23447 V PythonActivity: onPause()
05-27 17:44:31.501 23447 23447 V SDL     : onPause()
05-27 17:44:31.502 23447 23447 V pythonutil: Checking pattern libsqlite3\.so against libpython3.14.so
05-27 17:44:31.502 23447 23447 V pythonutil: Checking pattern libsqlite3\.so against libSDL2.so
05-27 17:44:31.502 23447 23447 V pythonutil: Checking pattern libsqlite3\.so against libcrypto.so
05-27 17:44:31.502 23447 23447 V pythonutil: Checking pattern libsqlite3\.so against libpythonbin.so
05-27 17:44:31.502 23447 23447 V pythonutil: Checking pattern libsqlite3\.so against libSDL2_ttf.so
05-27 17:44:31.502 23447 23447 V pythonutil: Checking pattern libsqlite3\.so against libSDL2_mixer.so
05-27 17:44:31.502 23447 23447 V pythonutil: Checking pattern libsqlite3\.so against libssl.so
05-27 17:44:31.502 23447 23447 V pythonutil: Checking pattern libsqlite3\.so against libpybundle.so
05-27 17:44:31.502 23447 23447 V pythonutil: Checking pattern libsqlite3\.so against libmain.so
05-27 17:44:31.502 23447 23447 V pythonutil: Checking pattern libsqlite3\.so against libsqlite3.so
05-27 17:44:31.502 23447 23447 V pythonutil: Pattern libsqlite3\.so matched file libsqlite3.so
05-27 17:44:31.502 23447 23447 V pythonutil: Checking pattern libsqlite3\.so against libffi.so
05-27 17:44:31.502 23447 23447 V pythonutil: Checking pattern libsqlite3\.so against libSDL2_image.so
05-27 17:44:31.503 23447 23447 V pythonutil: Checking pattern libffi\.so against libpython3.14.so
05-27 17:44:31.503 23447 23447 V pythonutil: Checking pattern libffi\.so against libSDL2.so
05-27 17:44:31.503 23447 23447 V pythonutil: Checking pattern libffi\.so against libcrypto.so
05-27 17:44:31.503 23447 23447 V pythonutil: Checking pattern libffi\.so against libpythonbin.so
05-27 17:44:31.503 23447 23447 V pythonutil: Checking pattern libffi\.so against libSDL2_ttf.so
05-27 17:44:31.503 23447 23447 V pythonutil: Checking pattern libffi\.so against libSDL2_mixer.so
05-27 17:44:31.503 23447 23447 V pythonutil: Checking pattern libffi\.so against libssl.so
05-27 17:44:31.503 23447 23447 V pythonutil: Checking pattern libffi\.so against libpybundle.so
05-27 17:44:31.503 23447 23447 V pythonutil: Checking pattern libffi\.so against libmain.so
05-27 17:44:31.503 23447 23447 V pythonutil: Checking pattern libffi\.so against libsqlite3.so
05-27 17:44:31.503 23447 23447 V pythonutil: Checking pattern libffi\.so against libffi.so
05-27 17:44:31.503 23447 23447 V pythonutil: Pattern libffi\.so matched file libffi.so
05-27 17:44:31.503 23447 23447 V pythonutil: Checking pattern libffi\.so against libSDL2_image.so
05-27 17:44:31.503 23447 23447 V pythonutil: Checking pattern libpng16\.so against libpython3.14.so
05-27 17:44:31.503 23447 23447 V pythonutil: Checking pattern libpng16\.so against libSDL2.so
05-27 17:44:31.503 23447 23447 V pythonutil: Checking pattern libpng16\.so against libcrypto.so
05-27 17:44:31.503 23447 23447 V pythonutil: Checking pattern libpng16\.so against libpythonbin.so
05-27 17:44:31.503 23447 23447 V pythonutil: Checking pattern libpng16\.so against libSDL2_ttf.so
05-27 17:44:31.503 23447 23447 V pythonutil: Checking pattern libpng16\.so against libSDL2_mixer.so
05-27 17:44:31.503 23447 23447 V pythonutil: Checking pattern libpng16\.so against libssl.so
05-27 17:44:31.503 23447 23447 V pythonutil: Checking pattern libpng16\.so against libpybundle.so
05-27 17:44:31.503 23447 23447 V pythonutil: Checking pattern libpng16\.so against libmain.so
05-27 17:44:31.504 23447 23447 V pythonutil: Checking pattern libpng16\.so against libsqlite3.so
05-27 17:44:31.504 23447 23447 V pythonutil: Checking pattern libpng16\.so against libffi.so
05-27 17:44:31.504 23447 23447 V pythonutil: Checking pattern libpng16\.so against libSDL2_image.so
05-27 17:44:31.504 23447 23447 V pythonutil: Checking pattern libssl.*\.so against libpython3.14.so
05-27 17:44:31.504 23447 23447 V pythonutil: Checking pattern libssl.*\.so against libSDL2.so
05-27 17:44:31.504 23447 23447 V pythonutil: Checking pattern libssl.*\.so against libcrypto.so
05-27 17:44:31.504 23447 23447 V pythonutil: Checking pattern libssl.*\.so against libpythonbin.so
05-27 17:44:31.504 23447 23447 V pythonutil: Checking pattern libssl.*\.so against libSDL2_ttf.so
05-27 17:44:31.504 23447 23447 V pythonutil: Checking pattern libssl.*\.so against libSDL2_mixer.so
05-27 17:44:31.504 23447 23447 V pythonutil: Checking pattern libssl.*\.so against libssl.so
05-27 17:44:31.504 23447 23447 V pythonutil: Pattern libssl.*\.so matched file libssl.so
05-27 17:44:31.504 23447 23447 V pythonutil: Checking pattern libssl.*\.so against libpybundle.so
05-27 17:44:31.504 23447 23447 V pythonutil: Checking pattern libssl.*\.so against libmain.so
05-27 17:44:31.504 23447 23447 V pythonutil: Checking pattern libssl.*\.so against libsqlite3.so
05-27 17:44:31.504 23447 23447 V pythonutil: Checking pattern libssl.*\.so against libffi.so
05-27 17:44:31.504 23447 23447 V pythonutil: Checking pattern libssl.*\.so against libSDL2_image.so
05-27 17:44:31.504 23447 23447 V pythonutil: Checking pattern libcrypto.*\.so against libpython3.14.so
05-27 17:44:31.504 23447 23447 V pythonutil: Checking pattern libcrypto.*\.so against libSDL2.so
05-27 17:44:31.504 23447 23447 V pythonutil: Checking pattern libcrypto.*\.so against libcrypto.so
05-27 17:44:31.504 23447 23447 V pythonutil: Pattern libcrypto.*\.so matched file libcrypto.so
05-27 17:44:31.504 23447 23447 V pythonutil: Checking pattern libcrypto.*\.so against libpythonbin.so
05-27 17:44:31.505 23447 23447 V pythonutil: Checking pattern libcrypto.*\.so against libSDL2_ttf.so
05-27 17:44:31.505 23447 23447 V pythonutil: Checking pattern libcrypto.*\.so against libSDL2_mixer.so
05-27 17:44:31.505 23447 23447 V pythonutil: Checking pattern libcrypto.*\.so against libssl.so
05-27 17:44:31.505 23447 23447 V pythonutil: Checking pattern libcrypto.*\.so against libpybundle.so
05-27 17:44:31.505 23447 23447 V pythonutil: Checking pattern libcrypto.*\.so against libmain.so
05-27 17:44:31.505 23447 23447 V pythonutil: Checking pattern libcrypto.*\.so against libsqlite3.so
05-27 17:44:31.505 23447 23447 V pythonutil: Checking pattern libcrypto.*\.so against libffi.so
05-27 17:44:31.505 23447 23447 V pythonutil: Checking pattern libcrypto.*\.so against libSDL2_image.so
05-27 17:44:31.505 23447 23447 V pythonutil: Checking pattern libSDL2\.so against libpython3.14.so
05-27 17:44:31.505 23447 23447 V pythonutil: Checking pattern libSDL2\.so against libSDL2.so
05-27 17:44:31.505 23447 23447 V pythonutil: Pattern libSDL2\.so matched file libSDL2.so
05-27 17:44:31.505 23447 23447 V pythonutil: Checking pattern libSDL2\.so against libcrypto.so
05-27 17:44:31.505 23447 23447 V pythonutil: Checking pattern libSDL2\.so against libpythonbin.so
05-27 17:44:31.505 23447 23447 V pythonutil: Checking pattern libSDL2\.so against libSDL2_ttf.so
05-27 17:44:31.505 23447 23447 V pythonutil: Checking pattern libSDL2\.so against libSDL2_mixer.so
05-27 17:44:31.505 23447 23447 V pythonutil: Checking pattern libSDL2\.so against libssl.so
05-27 17:44:31.505 23447 23447 V pythonutil: Checking pattern libSDL2\.so against libpybundle.so
05-27 17:44:31.505 23447 23447 V pythonutil: Checking pattern libSDL2\.so against libmain.so
05-27 17:44:31.505 23447 23447 V pythonutil: Checking pattern libSDL2\.so against libsqlite3.so
05-27 17:44:31.505 23447 23447 V pythonutil: Checking pattern libSDL2\.so against libffi.so
05-27 17:44:31.505 23447 23447 V pythonutil: Checking pattern libSDL2\.so against libSDL2_image.so
05-27 17:44:31.505 23447 23447 V pythonutil: Checking pattern libSDL2_image\.so against libpython3.14.so
05-27 17:44:31.506 23447 23447 V pythonutil: Checking pattern libSDL2_image\.so against libSDL2.so
05-27 17:44:31.506 23447 23447 V pythonutil: Checking pattern libSDL2_image\.so against libcrypto.so
05-27 17:44:31.506 23447 23447 V pythonutil: Checking pattern libSDL2_image\.so against libpythonbin.so
05-27 17:44:31.506 23447 23447 V pythonutil: Checking pattern libSDL2_image\.so against libSDL2_ttf.so
05-27 17:44:31.506 23447 23447 V pythonutil: Checking pattern libSDL2_image\.so against libSDL2_mixer.so
05-27 17:44:31.506 23447 23447 V pythonutil: Checking pattern libSDL2_image\.so against libssl.so
05-27 17:44:31.506 23447 23447 V pythonutil: Checking pattern libSDL2_image\.so against libpybundle.so
05-27 17:44:31.506 23447 23447 V pythonutil: Checking pattern libSDL2_image\.so against libmain.so
05-27 17:44:31.506 23447 23447 V pythonutil: Checking pattern libSDL2_image\.so against libsqlite3.so
05-27 17:44:31.506 23447 23447 V pythonutil: Checking pattern libSDL2_image\.so against libffi.so
05-27 17:44:31.506 23447 23447 V pythonutil: Checking pattern libSDL2_image\.so against libSDL2_image.so
05-27 17:44:31.506 23447 23447 V pythonutil: Pattern libSDL2_image\.so matched file libSDL2_image.so
05-27 17:44:31.506 23447 23447 V pythonutil: Checking pattern libSDL2_mixer\.so against libpython3.14.so
05-27 17:44:31.506 23447 23447 V pythonutil: Checking pattern libSDL2_mixer\.so against libSDL2.so
05-27 17:44:31.506 23447 23447 V pythonutil: Checking pattern libSDL2_mixer\.so against libcrypto.so
05-27 17:44:31.506 23447 23447 V pythonutil: Checking pattern libSDL2_mixer\.so against libpythonbin.so
05-27 17:44:31.506 23447 23447 V pythonutil: Checking pattern libSDL2_mixer\.so against libSDL2_ttf.so
05-27 17:44:31.506 23447 23447 V pythonutil: Checking pattern libSDL2_mixer\.so against libSDL2_mixer.so
05-27 17:44:31.506 23447 23447 V pythonutil: Pattern libSDL2_mixer\.so matched file libSDL2_mixer.so
05-27 17:44:31.506 23447 23447 V pythonutil: Checking pattern libSDL2_mixer\.so against libssl.so
05-27 17:44:31.506 23447 23447 V pythonutil: Checking pattern libSDL2_mixer\.so against libpybundle.so
05-27 17:44:31.506 23447 23447 V pythonutil: Checking pattern libSDL2_mixer\.so against libmain.so
05-27 17:44:31.506 23447 23447 V pythonutil: Checking pattern libSDL2_mixer\.so against libsqlite3.so
05-27 17:44:31.507 23447 23447 V pythonutil: Checking pattern libSDL2_mixer\.so against libffi.so
05-27 17:44:31.507 23447 23447 V pythonutil: Checking pattern libSDL2_mixer\.so against libSDL2_image.so
05-27 17:44:31.507 23447 23447 V pythonutil: Checking pattern libSDL2_ttf\.so against libpython3.14.so
05-27 17:44:31.507 23447 23447 V pythonutil: Checking pattern libSDL2_ttf\.so against libSDL2.so
05-27 17:44:31.507 23447 23447 V pythonutil: Checking pattern libSDL2_ttf\.so against libcrypto.so
05-27 17:44:31.507 23447 23447 V pythonutil: Checking pattern libSDL2_ttf\.so against libpythonbin.so
05-27 17:44:31.507 23447 23447 V pythonutil: Checking pattern libSDL2_ttf\.so against libSDL2_ttf.so
05-27 17:44:31.507 23447 23447 V pythonutil: Pattern libSDL2_ttf\.so matched file libSDL2_ttf.so
05-27 17:44:31.507 23447 23447 V pythonutil: Checking pattern libSDL2_ttf\.so against libSDL2_mixer.so
05-27 17:44:31.507 23447 23447 V pythonutil: Checking pattern libSDL2_ttf\.so against libssl.so
05-27 17:44:31.507 23447 23447 V pythonutil: Checking pattern libSDL2_ttf\.so against libpybundle.so
05-27 17:44:31.507 23447 23447 V pythonutil: Checking pattern libSDL2_ttf\.so against libmain.so
05-27 17:44:31.507 23447 23447 V pythonutil: Checking pattern libSDL2_ttf\.so against libsqlite3.so
05-27 17:44:31.507 23447 23447 V pythonutil: Checking pattern libSDL2_ttf\.so against libffi.so
05-27 17:44:31.507 23447 23447 V pythonutil: Checking pattern libSDL2_ttf\.so against libSDL2_image.so
05-27 17:44:31.507 23447 23447 V pythonutil: Checking pattern libSDL3\.so against libpython3.14.so
05-27 17:44:31.507 23447 23447 V pythonutil: Checking pattern libSDL3\.so against libSDL2.so
05-27 17:44:31.507 23447 23447 V pythonutil: Checking pattern libSDL3\.so against libcrypto.so
05-27 17:44:31.507 23447 23447 V pythonutil: Checking pattern libSDL3\.so against libpythonbin.so
05-27 17:44:31.507 23447 23447 V pythonutil: Checking pattern libSDL3\.so against libSDL2_ttf.so
05-27 17:44:31.508 23447 23447 V pythonutil: Checking pattern libSDL3\.so against libSDL2_mixer.so
05-27 17:44:31.508 23447 23447 V pythonutil: Checking pattern libSDL3\.so against libssl.so
05-27 17:44:31.508 23447 23447 V pythonutil: Checking pattern libSDL3\.so against libpybundle.so
05-27 17:44:31.508 23447 23447 V pythonutil: Checking pattern libSDL3\.so against libmain.so
05-27 17:44:31.508 23447 23447 V pythonutil: Checking pattern libSDL3\.so against libsqlite3.so
05-27 17:44:31.508 23447 23447 V pythonutil: Checking pattern libSDL3\.so against libffi.so
05-27 17:44:31.508 23447 23447 V pythonutil: Checking pattern libSDL3\.so against libSDL2_image.so
05-27 17:44:31.508 23447 23447 V pythonutil: Checking pattern libSDL3_image\.so against libpython3.14.so
05-27 17:44:31.508 23447 23447 V pythonutil: Checking pattern libSDL3_image\.so against libSDL2.so
05-27 17:44:31.508 23447 23447 V pythonutil: Checking pattern libSDL3_image\.so against libcrypto.so
05-27 17:44:31.508 23447 23447 V pythonutil: Checking pattern libSDL3_image\.so against libpythonbin.so
05-27 17:44:31.508 23447 23447 V pythonutil: Checking pattern libSDL3_image\.so against libSDL2_ttf.so
05-27 17:44:31.508 23447 23447 V pythonutil: Checking pattern libSDL3_image\.so against libSDL2_mixer.so
05-27 17:44:31.508 23447 23447 V pythonutil: Checking pattern libSDL3_image\.so against libssl.so
05-27 17:44:31.508 23447 23447 V pythonutil: Checking pattern libSDL3_image\.so against libpybundle.so
05-27 17:44:31.508 23447 23447 V pythonutil: Checking pattern libSDL3_image\.so against libmain.so
05-27 17:44:31.508 23447 23447 V pythonutil: Checking pattern libSDL3_image\.so against libsqlite3.so
05-27 17:44:31.508 23447 23447 V pythonutil: Checking pattern libSDL3_image\.so against libffi.so
05-27 17:44:31.508 23447 23447 V pythonutil: Checking pattern libSDL3_image\.so against libSDL2_image.so
05-27 17:44:31.509 23447 23447 V pythonutil: Checking pattern libSDL3_mixer\.so against libpython3.14.so
05-27 17:44:31.509 23447 23447 V pythonutil: Checking pattern libSDL3_mixer\.so against libSDL2.so
05-27 17:44:31.509 23447 23447 V pythonutil: Checking pattern libSDL3_mixer\.so against libcrypto.so
05-27 17:44:31.509 23447 23447 V pythonutil: Checking pattern libSDL3_mixer\.so against libpythonbin.so
05-27 17:44:31.509 23447 23447 V pythonutil: Checking pattern libSDL3_mixer\.so against libSDL2_ttf.so
05-27 17:44:31.509 23447 23447 V pythonutil: Checking pattern libSDL3_mixer\.so against libSDL2_mixer.so
05-27 17:44:31.509 23447 23447 V pythonutil: Checking pattern libSDL3_mixer\.so against libssl.so
05-27 17:44:31.509 23447 23447 V pythonutil: Checking pattern libSDL3_mixer\.so against libpybundle.so
05-27 17:44:31.509 23447 23447 V pythonutil: Checking pattern libSDL3_mixer\.so against libmain.so
05-27 17:44:31.509 23447 23447 V pythonutil: Checking pattern libSDL3_mixer\.so against libsqlite3.so
05-27 17:44:31.509 23447 23447 V pythonutil: Checking pattern libSDL3_mixer\.so against libffi.so
05-27 17:44:31.509 23447 23447 V pythonutil: Checking pattern libSDL3_mixer\.so against libSDL2_image.so
05-27 17:44:31.509 23447 23447 V pythonutil: Checking pattern libSDL3_ttf\.so against libpython3.14.so
05-27 17:44:31.509 23447 23447 V pythonutil: Checking pattern libSDL3_ttf\.so against libSDL2.so
05-27 17:44:31.509 23447 23447 V pythonutil: Checking pattern libSDL3_ttf\.so against libcrypto.so
05-27 17:44:31.509 23447 23447 V pythonutil: Checking pattern libSDL3_ttf\.so against libpythonbin.so
05-27 17:44:31.509 23447 23447 V pythonutil: Checking pattern libSDL3_ttf\.so against libSDL2_ttf.so
05-27 17:44:31.509 23447 23447 V pythonutil: Checking pattern libSDL3_ttf\.so against libSDL2_mixer.so
05-27 17:44:31.509 23447 23447 V pythonutil: Checking pattern libSDL3_ttf\.so against libssl.so
05-27 17:44:31.509 23447 23447 V pythonutil: Checking pattern libSDL3_ttf\.so against libpybundle.so
05-27 17:44:31.509 23447 23447 V pythonutil: Checking pattern libSDL3_ttf\.so against libmain.so
05-27 17:44:31.509 23447 23447 V pythonutil: Checking pattern libSDL3_ttf\.so against libsqlite3.so
05-27 17:44:31.509 23447 23447 V pythonutil: Checking pattern libSDL3_ttf\.so against libffi.so
05-27 17:44:31.509 23447 23447 V pythonutil: Checking pattern libSDL3_ttf\.so against libSDL2_image.so
05-27 17:44:31.510 23447 23447 V pythonutil: Loading library: sqlite3
05-27 17:44:31.510 23447 23447 D nativeloader: Load /data/app/~~EppLRyQ_rtOj5LpL0PlsMA==/org.supersploit.flappybirds-F9yK5tU1m-ZcBuFcnhrkOg==/lib/arm64/libsqlite3.so using ns clns-7 from class loader (caller=/data/app/~~EppLRyQ_rtOj5LpL0PlsMA==/org.supersploit.flappybirds-F9yK5tU1m-ZcBuFcnhrkOg==/base.apk!classes5.dex): ok
05-27 17:44:31.511 23447 23447 V pythonutil: Loading library: ffi
05-27 17:44:31.511 23447 23447 D nativeloader: Load /data/app/~~EppLRyQ_rtOj5LpL0PlsMA==/org.supersploit.flappybirds-F9yK5tU1m-ZcBuFcnhrkOg==/lib/arm64/libffi.so using ns clns-7 from class loader (caller=/data/app/~~EppLRyQ_rtOj5LpL0PlsMA==/org.supersploit.flappybirds-F9yK5tU1m-ZcBuFcnhrkOg==/base.apk!classes5.dex): ok
05-27 17:44:31.511 23447 23447 V pythonutil: Loading library: ssl
05-27 17:44:31.512 23447 23447 D nativeloader: Load /data/app/~~EppLRyQ_rtOj5LpL0PlsMA==/org.supersploit.flappybirds-F9yK5tU1m-ZcBuFcnhrkOg==/lib/arm64/libssl.so using ns clns-7 from class loader (caller=/data/app/~~EppLRyQ_rtOj5LpL0PlsMA==/org.supersploit.flappybirds-F9yK5tU1m-ZcBuFcnhrkOg==/base.apk!classes5.dex): ok
05-27 17:44:31.512 23447 23447 V pythonutil: Loading library: crypto
05-27 17:44:31.513 23447 23447 D nativeloader: Load /data/app/~~EppLRyQ_rtOj5LpL0PlsMA==/org.supersploit.flappybirds-F9yK5tU1m-ZcBuFcnhrkOg==/lib/arm64/libcrypto.so using ns clns-7 from class loader (caller=/data/app/~~EppLRyQ_rtOj5LpL0PlsMA==/org.supersploit.flappybirds-F9yK5tU1m-ZcBuFcnhrkOg==/base.apk!classes5.dex): ok
05-27 17:44:31.513 23447 23447 V pythonutil: Loading library: SDL2
05-27 17:44:31.513 23447 23447 D nativeloader: Load /data/app/~~EppLRyQ_rtOj5LpL0PlsMA==/org.supersploit.flappybirds-F9yK5tU1m-ZcBuFcnhrkOg==/lib/arm64/libSDL2.so using ns clns-7 from class loader (caller=/data/app/~~EppLRyQ_rtOj5LpL0PlsMA==/org.supersploit.flappybirds-F9yK5tU1m-ZcBuFcnhrkOg==/base.apk!classes5.dex): ok
05-27 17:44:31.514 23447 23447 V pythonutil: Loading library: SDL2_image
05-27 17:44:31.514 23447 23447 D nativeloader: Load /data/app/~~EppLRyQ_rtOj5LpL0PlsMA==/org.supersploit.flappybirds-F9yK5tU1m-ZcBuFcnhrkOg==/lib/arm64/libSDL2_image.so using ns clns-7 from class loader (caller=/data/app/~~EppLRyQ_rtOj5LpL0PlsMA==/org.supersploit.flappybirds-F9yK5tU1m-ZcBuFcnhrkOg==/base.apk!classes5.dex): ok
05-27 17:44:31.514 23447 23447 V pythonutil: Loading library: SDL2_mixer
05-27 17:44:31.515 23447 23447 D nativeloader: Load /data/app/~~EppLRyQ_rtOj5LpL0PlsMA==/org.supersploit.flappybirds-F9yK5tU1m-ZcBuFcnhrkOg==/lib/arm64/libSDL2_mixer.so using ns clns-7 from class loader (caller=/data/app/~~EppLRyQ_rtOj5LpL0PlsMA==/org.supersploit.flappybirds-F9yK5tU1m-ZcBuFcnhrkOg==/base.apk!classes5.dex): ok
05-27 17:44:31.515 23447 23447 V pythonutil: Loading library: SDL2_ttf
05-27 17:44:31.516 23447 23447 D nativeloader: Load /data/app/~~EppLRyQ_rtOj5LpL0PlsMA==/org.supersploit.flappybirds-F9yK5tU1m-ZcBuFcnhrkOg==/lib/arm64/libSDL2_ttf.so using ns clns-7 from class loader (caller=/data/app/~~EppLRyQ_rtOj5LpL0PlsMA==/org.supersploit.flappybirds-F9yK5tU1m-ZcBuFcnhrkOg==/base.apk!classes5.dex): ok
05-27 17:44:31.517 23447 23447 V pythonutil: Loading library: python3.14
05-27 17:44:31.518 23447 23447 D nativeloader: Load /data/app/~~EppLRyQ_rtOj5LpL0PlsMA==/org.supersploit.flappybirds-F9yK5tU1m-ZcBuFcnhrkOg==/lib/arm64/libpython3.14.so using ns clns-7 from class loader (caller=/data/app/~~EppLRyQ_rtOj5LpL0PlsMA==/org.supersploit.flappybirds-F9yK5tU1m-ZcBuFcnhrkOg==/base.apk!classes5.dex): ok
05-27 17:44:31.518 23447 23447 V pythonutil: Loading library: main
05-27 17:44:31.518 23447 23447 D nativeloader: Load /data/app/~~EppLRyQ_rtOj5LpL0PlsMA==/org.supersploit.flappybirds-F9yK5tU1m-ZcBuFcnhrkOg==/lib/arm64/libmain.so using ns clns-7 from class loader (caller=/data/app/~~EppLRyQ_rtOj5LpL0PlsMA==/org.supersploit.flappybirds-F9yK5tU1m-ZcBuFcnhrkOg==/base.apk!classes5.dex): ok
05-27 17:44:31.518 23447 23447 V pythonutil: Loaded everything!
05-27 17:44:31.519 23447 23447 V SDL     : nativeSetupJNI()
05-27 17:44:31.519 23447 23447 V SDL     : AUDIO nativeSetupJNI()
05-27 17:44:31.519 23447 23447 V SDL     : CONTROLLER nativeSetupJNI()
05-27 17:44:31.533 23447 23447 I IDS_TAG : setContentView updated UI for IDS
05-27 17:44:31.533 23447 23447 V PythonActivity: Setting env vars for start.c and Python to use
05-27 17:44:31.533 23447 23447 V PythonActivity: Access to our meta-data...
05-27 17:44:31.534 23447 23447 I PythonActivity: Surface will NOT be transparent
05-27 17:44:31.534 23447 23464 D HWUI    : HWUI - treat SMPTE_170M as sRGB
05-27 17:44:31.534 23447 23447 I IDS_TAG : Closing IDS observe window
05-27 17:44:31.534 23447 23447 I IDS_TAG : Getting Shared Preference for android.app.Application@2009962 uid = 10381
05-27 17:44:31.536 23447 23447 I SurfaceView@9b87cc5: onWindowVisibilityChanged(0) true org.libsdl.app.SDLSurface{9b87cc5 VFE...... .F....I. 0,0-0,0} of VRI[PythonActivity]@d9a730c
05-27 17:44:31.537 23447 23447 D SurfaceView: 163085509 updateSurface: has no frame
05-27 17:44:31.544 23447 23447 E oit.flappybirds: Unable to open libpenguin.so: dlopen failed: library "libpenguin.so" not found.
05-27 17:44:31.544 23447 23447 I BufferQueueProducer: [](id:5b9700000000,api:0,p:0,c:23447) setDequeueTimeout:2077252342
05-27 17:44:31.545 23447 23447 I BLASTBufferQueue_Java: new BLASTBufferQueue, mName= VRI[PythonActivity]@d9a730c mNativeObject= 0xb400007af8017cb0 sc.mNativeObject= 0xb400007b28010c10 caller= android.view.ViewRootImpl.updateBlastSurfaceIfNeeded:3397 android.view.ViewRootImpl.relayoutWindow:11361 android.view.ViewRootImpl.performTraversals:4544 android.view.ViewRootImpl.doTraversal:3708 android.view.ViewRootImpl$TraversalRunnable.run:12542 android.view.Choreographer$CallbackRecord.run:1751 android.view.Choreographer$CallbackRecord.run:1760 android.view.Choreographer.doCallbacks:1216 android.view.Choreographer.doFrame:1142 android.view.Choreographer$FrameDisplayEventReceiver.run:1707 
05-27 17:44:31.545 23447 23447 I BLASTBufferQueue_Java: update, w= 1080 h= 2400 mName = VRI[PythonActivity]@d9a730c mNativeObject= 0xb400007af8017cb0 sc.mNativeObject= 0xb400007b28010c10 format= -3 caller= android.graphics.BLASTBufferQueue.<init>:88 android.view.ViewRootImpl.updateBlastSurfaceIfNeeded:3397 android.view.ViewRootImpl.relayoutWindow:11361 android.view.ViewRootImpl.performTraversals:4544 android.view.ViewRootImpl.doTraversal:3708 android.view.ViewRootImpl$TraversalRunnable.run:12542 
05-27 17:44:31.546 23447 23447 W libc    : Access denied finding property "vendor.display.enable_optimal_refresh_rate"
05-27 17:44:31.546 23447 23447 W libc    : Access denied finding property "vendor.gpp.create_frc_extension"
05-27 17:44:31.546 23447 23447 I VRI[PythonActivity]@d9a730c: Relayout returned: old=(0,0,1080,2400) new=(0,0,1080,2400) relayoutAsync=false req=(1080,2400)0 dur=4 res=0x3 s={true 0xb400007a68035cf0} ch=true seqId=0
05-27 17:44:31.547 23447 23447 D VRI[PythonActivity]@d9a730c: mThreadedRenderer.initialize() mSurface={isValid=true 0xb400007a68035cf0} hwInitialized=true
05-27 17:44:31.548 23447 23447 D SurfaceView: 163085509 updateSurface: has no frame
05-27 17:44:31.548 23447 23447 I SurfaceView@9b87cc5: windowStopped(false) true org.libsdl.app.SDLSurface{9b87cc5 VFE...... .F....ID 0,0-1080,2320} of VRI[PythonActivity]@d9a730c
05-27 17:44:31.548 23447 23447 D SurfaceView: 163085509 updateSurface: has no frame
05-27 17:44:31.548 23447 23447 D VRI[PythonActivity]@d9a730c: reportNextDraw android.view.ViewRootImpl.performTraversals:5193 android.view.ViewRootImpl.doTraversal:3708 android.view.ViewRootImpl$TraversalRunnable.run:12542 android.view.Choreographer$CallbackRecord.run:1751 android.view.Choreographer$CallbackRecord.run:1760 
05-27 17:44:31.548 23447 23447 I SurfaceView: 163085509 Changes: creating=true format=true size=true visible=true alpha=false hint=false visible=true left=true top=true z=false attached=true lifecycleStrategy=false
05-27 17:44:31.550 23447 23447 I BufferQueueProducer: [](id:5b9700000001,api:0,p:0,c:23447) setDequeueTimeout:2077252342
05-27 17:44:31.555 23447 23447 I BLASTBufferQueue_Java: update, w= 1080 h= 2320 mName = null mNativeObject= 0xb400007af80182f0 sc.mNativeObject= 0xb400007b28014450 format= 4 caller= android.view.SurfaceView.createBlastSurfaceControls:1642 android.view.SurfaceView.updateSurface:1318 android.view.SurfaceView.lambda$new$0:268 android.view.SurfaceView.$r8$lambda$NfZyM_TG8F8lqzaOVZ7noREFjzU:0 android.view.SurfaceView$$ExternalSyntheticLambda1.onPreDraw:0 android.view.ViewTreeObserver.dispatchOnPreDraw:1226 
05-27 17:44:31.556 23447 23447 I SurfaceView: 163085509 Cur surface: Surface(name=null mNativeObject=0)/@0x4292041
05-27 17:44:31.556 23447 23447 I SurfaceView@9b87cc5: pST: sr = Rect(0, 80 - 1080, 2400) sw = 1080 sh = 2320
05-27 17:44:31.557 23447 23447 D SurfaceView: 163085509 performSurfaceTransaction RenderWorker position = [0, 80, 1080, 2400] surfaceSize = 1080x2320
05-27 17:44:31.558 23447 23447 W libc    : Access denied finding property "vendor.display.enable_optimal_refresh_rate"
05-27 17:44:31.558 23447 23447 W libc    : Access denied finding property "vendor.gpp.create_frc_extension"
05-27 17:44:31.558 23447 23447 I SurfaceView@9b87cc5: updateSurface: mVisible = true mSurface.isValid() = true
05-27 17:44:31.558 23447 23447 I SurfaceView@9b87cc5: updateSurface: mSurfaceCreated = false surfaceChanged = true visibleChanged = true
05-27 17:44:31.558 23447 23447 I SurfaceView: 163085509 visibleChanged -- surfaceCreated
05-27 17:44:31.558 23447 23447 I SurfaceView@9b87cc5: surfaceCreated 1 #8 org.libsdl.app.SDLSurface{9b87cc5 VFE...... .F....ID 0,0-1080,2320}
05-27 17:44:31.558 23447 23447 V SDL     : surfaceCreated()
05-27 17:44:31.559 23447 23447 I SurfaceView: 163085509 surfaceChanged -- format=4 w=1080 h=2320
05-27 17:44:31.559 23447 23447 I SurfaceView@9b87cc5: surfaceChanged (1080,2320) 1 #8 org.libsdl.app.SDLSurface{9b87cc5 VFE...... .F....ID 0,0-1080,2320}
05-27 17:44:31.559 23447 23447 V SDL     : surfaceChanged()
05-27 17:44:31.559 23447 23447 V SDL     : Window size: 1080x2320
05-27 17:44:31.559 23447 23447 V SDL     : Device size: 1080x2400
05-27 17:44:31.560 23447 23447 V SDL     : Skip .. Surface is not ready.
05-27 17:44:31.560 23447 23447 I SurfaceView: 163085509 surfaceRedrawNeeded
05-27 17:44:31.561 23447 23447 I SurfaceView: 163085509 finishedDrawing
05-27 17:44:31.561 23447 23447 V SurfaceView: Layout: x=0 y=80 w=1080 h=2320, frame=Rect(0, 0 - 1080, 2320)
05-27 17:44:31.562 23447 23447 D VRI[PythonActivity]@d9a730c: Setup new sync=wmsSync-VRI[PythonActivity]@d9a730c#1
05-27 17:44:31.562 23447 23447 I VRI[PythonActivity]@d9a730c: Creating new active sync group VRI[PythonActivity]@d9a730c#2
05-27 17:44:31.565 23447 23447 D VRI[PythonActivity]@d9a730c: registerCallbacksForSync syncBuffer=false
05-27 17:44:31.571 23447 23464 D SurfaceView: 163085509 updateSurfacePosition RenderWorker, frameNr = 1, position = [0, 80, 1080, 2400] surfaceSize = 1080x2320
05-27 17:44:31.571 23447 23464 I SurfaceView@9b87cc5: uSP: rtp = Rect(0, 80 - 1080, 2400) rtsw = 1080 rtsh = 2320
05-27 17:44:31.572 23447 23464 I SurfaceView@9b87cc5: onSSPAndSRT: pl = 0 pt = 80 sx = 1.0 sy = 1.0
05-27 17:44:31.572 23447 23464 I SurfaceView@9b87cc5: aOrMT: VRI[PythonActivity]@d9a730c t = android.view.SurfaceControl$Transaction@b84b1d4 fN = 1 android.view.SurfaceView.-$$Nest$mapplyOrMergeTransaction:0 android.view.SurfaceView$SurfaceViewPositionUpdateListener.positionChanged:1792 android.graphics.RenderNode$CompositePositionUpdateListener.positionChanged:398 
05-27 17:44:31.573 23447 23464 I VRI[PythonActivity]@d9a730c: mWNT: t=0xb4000078f803dc10 mBlastBufferQueue=0xb400007af8017cb0 fn= 1 HdrRenderState mRenderHdrSdrRatio=1.0 caller= android.view.SurfaceView.applyOrMergeTransaction:1723 android.view.SurfaceView.-$$Nest$mapplyOrMergeTransaction:0 android.view.SurfaceView$SurfaceViewPositionUpdateListener.positionChanged:1792 
05-27 17:44:31.574 23447 23473 D VRI[PythonActivity]@d9a730c: Received frameDrawingCallback syncResult=0 frameNum=1.
05-27 17:44:31.574 23447 23473 I VRI[PythonActivity]@d9a730c: mWNT: t=0xb4000078f8045d90 mBlastBufferQueue=0xb400007af8017cb0 fn= 1 HdrRenderState mRenderHdrSdrRatio=1.0 caller= android.view.ViewRootImpl$11.onFrameDraw:15016 android.view.ThreadedRenderer$1.onFrameDraw:761 <bottom of call stack> 
05-27 17:44:31.574 23447 23473 I VRI[PythonActivity]@d9a730c: Setting up sync and frameCommitCallback
05-27 17:44:31.595 23447 23464 I BLASTBufferQueue: [VRI[PythonActivity]@d9a730c#0](f:0,a:0,s:0) onFrameAvailable the first frame is available
05-27 17:44:31.596 23447 23464 I SurfaceComposerClient: apply transaction with the first frame. layerId: 3484, bufferData(ID: 100704098189312, frameNumber: 1)
05-27 17:44:31.597 23447 23464 I VRI[PythonActivity]@d9a730c: Received frameCommittedCallback lastAttemptedDrawFrameNum=1 didProduceBuffer=true
05-27 17:44:31.598 23447 23464 D HWUI    : CFMS:: SetUp Pid : 23447    Tid : 23464
05-27 17:44:31.598 23447 23447 D VRI[PythonActivity]@d9a730c: reportDrawFinished seqId=0
05-27 17:44:31.602 23447 23447 D VRI[PythonActivity]@d9a730c: Not drawing due to screen off
05-27 17:44:31.602 23447 23464 D HWUI    : CacheManager::trimMemory(20)
05-27 17:44:31.604 23447 23447 I VRI[PythonActivity]@d9a730c: stopped(true) old = false
05-27 17:44:31.604 23447 23447 D VRI[PythonActivity]@d9a730c: WindowStopped on org.supersploit.flappybirds/org.kivy.android.PythonActivity set to true
05-27 17:44:31.605 23447 23464 D HWUI    : CacheManager::trimMemory(20)
05-27 17:44:31.606 23447 23464 D SurfaceView: 49386179 windowPositionLost, frameNr = 0
05-27 17:44:31.606 23447 23464 I SurfaceView@9b87cc5: aOrMT: VRI[PythonActivity]@d9a730c t = android.view.SurfaceControl$Transaction@1651740 fN = 0 android.view.SurfaceView.-$$Nest$mapplyOrMergeTransaction:0 android.view.SurfaceView$SurfaceViewPositionUpdateListener.positionLost:1870 android.graphics.RenderNode$CompositePositionUpdateListener.positionLost:414 
05-27 17:44:31.607 23447 23464 I VRI[PythonActivity]@d9a730c: mWNT: t=0xb4000078f803bad0 mBlastBufferQueue=0xb400007af8017cb0 fn= 0 HdrRenderState mRenderHdrSdrRatio=1.0 caller= android.view.SurfaceView.applyOrMergeTransaction:1723 android.view.SurfaceView.-$$Nest$mapplyOrMergeTransaction:0 android.view.SurfaceView$SurfaceViewPositionUpdateListener.positionLost:1870 
05-27 17:44:31.608 23447 23447 I SurfaceView@9b87cc5: windowStopped(true) false org.libsdl.app.SDLSurface{9b87cc5 VFE...... .F...... 0,0-1080,2320} of VRI[PythonActivity]@d9a730c
05-27 17:44:31.608 23447 23447 I SurfaceView: 163085509 Changes: creating=false format=false size=false visible=true alpha=false hint=false visible=true left=false top=false z=false attached=true lifecycleStrategy=false
05-27 17:44:31.608 23447 23447 I SurfaceView: 163085509 Cur surface: Surface(name=null mNativeObject=-5476376621151444720)/@0x4292041
05-27 17:44:31.609 23447 23447 I SurfaceView: 163085509 surfaceDestroyed
05-27 17:44:31.609 23447 23447 I SurfaceView@9b87cc5: surfaceDestroyed callback.size 1 #1 org.libsdl.app.SDLSurface{9b87cc5 VFE...... .F...... 0,0-1080,2320}
05-27 17:44:31.609 23447 23447 V SDL     : surfaceDestroyed()
05-27 17:44:31.609 23447 23447 I SurfaceView@9b87cc5: updateSurface: mVisible = false mSurface.isValid() = true
05-27 17:44:31.610 23447 23447 I SurfaceView@9b87cc5: releaseSurfaces: viewRoot = VRI[PythonActivity]@d9a730c
05-27 17:44:31.610 23447 23447 V SurfaceView: Layout: x=0 y=80 w=1080 h=2320, frame=Rect(0, 0 - 1080, 2320)
05-27 17:44:31.611 23447 23447 V SDL     : onStop()
05-27 17:44:31.614 23447 23447 I SurfaceView@9b87cc5: onWindowVisibilityChanged(4) false org.libsdl.app.SDLSurface{9b87cc5 VFE...... .F...... 0,0-1080,2320} of VRI[PythonActivity]@d9a730c
05-27 17:44:31.614 23447 23447 D SurfaceView@9b87cc5: updateSurface: surface is not valid
05-27 17:44:31.614 23447 23447 I SurfaceView@9b87cc5: releaseSurfaces: viewRoot = VRI[PythonActivity]@d9a730c
05-27 17:44:31.615 23447 23464 D HWUI    : CacheManager::trimMemory(20)
05-27 17:44:31.623 23447 23447 I VRI[PythonActivity]@d9a730c: Relayout returned: old=(0,0,1080,2400) new=(0,0,1080,2400) relayoutAsync=false req=(1080,2400)4 dur=6 res=0x2 s={false 0x0} ch=false seqId=0
05-27 17:44:31.626 23447 23447 D SurfaceView@9b87cc5: updateSurface: surface is not valid
05-27 17:44:31.626 23447 23447 I SurfaceView@9b87cc5: releaseSurfaces: viewRoot = VRI[PythonActivity]@d9a730c
05-27 17:44:31.626 23447 23447 D VRI[PythonActivity]@d9a730c: applyTransactionOnDraw applyImmediately
05-27 17:44:31.626 23447 23447 D VRI[PythonActivity]@d9a730c: Not drawing due to not visible. Reason=View.INVISIBLE
05-27 17:44:31.626 23447 23447 D VRI[PythonActivity]@d9a730c: Pending transaction will not be applied in sync with a draw due to view not visible
05-27 17:44:31.630 23447 23447 I VRI[PythonActivity]@d9a730c: handleAppVisibility mAppVisible = true visible = false
05-27 17:44:32.892 23447 23451 I oit.flappybirds: Compiler allocated 7599KB to compile void android.view.ViewRootImpl.performTraversals()
05-27 17:45:58.692 23447 23447 I VRI[PythonActivity]@d9a730c: onDisplayChanged oldDisplayState=1 newDisplayState=2
05-27 17:45:58.765 23447 23447 I SurfaceView@9b87cc5: onWindowVisibilityChanged(8) false org.libsdl.app.SDLSurface{9b87cc5 VFE...... .F...... 0,0-1080,2320} of VRI[PythonActivity]@d9a730c
05-27 17:45:58.765 23447 23447 D SurfaceView@9b87cc5: updateSurface: surface is not valid
05-27 17:45:58.765 23447 23447 I SurfaceView@9b87cc5: releaseSurfaces: viewRoot = VRI[PythonActivity]@d9a730c
05-27 17:45:58.765 23447 23447 D VRI[PythonActivity]@d9a730c: applyTransactionOnDraw applyImmediately
05-27 17:45:58.781 23447 23464 D HWUI    : CacheManager::trimMemory(20)
05-27 17:45:58.804 23447 23447 I VRI[PythonActivity]@d9a730c: Relayout returned: old=(0,0,1080,2400) new=(0,0,1080,2400) relayoutAsync=false req=(1080,2400)8 dur=22 res=0x0 s={false 0x0} ch=false seqId=0
05-27 17:45:58.804 23447 23447 D SurfaceView@9b87cc5: updateSurface: surface is not valid
05-27 17:45:58.805 23447 23447 I SurfaceView@9b87cc5: releaseSurfaces: viewRoot = VRI[PythonActivity]@d9a730c
05-27 17:45:58.805 23447 23447 D VRI[PythonActivity]@d9a730c: applyTransactionOnDraw applyImmediately
05-27 17:45:58.969 23447 23447 I VRI[PythonActivity]@d9a730c: onDisplayChanged oldDisplayState=2 newDisplayState=2
05-27 17:46:00.965 23447 23447 I VRI[PythonActivity]@d9a730c: handleAppVisibility mAppVisible = false visible = true
05-27 17:46:00.977 23447 23447 V SDL     : onConfigurationChanged()
05-27 17:46:00.988 23447 23447 I VRI[PythonActivity]@d9a730c: stopped(false) old = true
05-27 17:46:00.988 23447 23447 D VRI[PythonActivity]@d9a730c: WindowStopped on org.supersploit.flappybirds/org.kivy.android.PythonActivity set to false
05-27 17:46:00.989 23447 23447 V SDL     : onStart()
05-27 17:46:00.990 23447 23447 V PythonActivity: onResume()
05-27 17:46:00.991 23447 23447 V SDL     : onResume()
05-27 17:46:00.996 23447 23447 I SurfaceView@9b87cc5: onWindowVisibilityChanged(0) false org.libsdl.app.SDLSurface{9b87cc5 VFE...... .F...... 0,0-1080,2320} of VRI[PythonActivity]@d9a730c
05-27 17:46:00.996 23447 23447 D SurfaceView@9b87cc5: updateSurface: surface is not valid
05-27 17:46:00.996 23447 23447 I SurfaceView@9b87cc5: releaseSurfaces: viewRoot = VRI[PythonActivity]@d9a730c
05-27 17:46:00.996 23447 23447 D VRI[PythonActivity]@d9a730c: applyTransactionOnDraw applyImmediately
05-27 17:46:01.016 23447 23447 I InsetsController: onStateChanged: host=org.supersploit.flappybirds/org.kivy.android.PythonActivity, from=android.view.ViewRootImpl.relayoutWindow:11304, state=InsetsState: {mDisplayFrame=Rect(0, 0 - 2400, 1080), mDisplayCutout=DisplayCutout{insets=Rect(80, 0 - 0, 0) waterfall=Insets{left=0, top=0, right=0, bottom=0} boundingRect={Bounds=[Rect(0, 510 - 80, 570), Rect(0, 0 - 0, 0), Rect(0, 0 - 0, 0), Rect(0, 0 - 0, 0)]} cutoutPathParserInfo={CutoutPathParserInfo{displayWidth=1080 displayHeight=2400 physicalDisplayWidth=1080 physicalDisplayHeight=2400 density={3.0} cutoutSpec={M 0,0 H -10 V 26.66666666666667 H 10 V 0 H 0 Z @dp} rotation={1} scale={1.0} physicalPixelDisplaySizeRatio={1.0}}} sideOverrides={}}, mRoundedCorners=RoundedCorners{[RoundedCorner{position=TopLeft, radius=108, center=Point(108, 108)}, RoundedCorner{position=TopRight, radius=108, center=Point(2292, 108)}, RoundedCorner{position=BottomRight, radius=108, center=Point(2292, 972)}, RoundedCorner{position=BottomLeft, radius=108, center=Point(108, 972)}]}  mRoundedCornerFrame=Rect(0, 0 - 2400, 1080), mPrivacyIndicatorBounds=PrivacyIndicatorBounds {static bounds=Rect(2268, 0 - 2400, 72) rotation=1}, mDisplayShape=DisplayShape{ spec=-311912193 displayWidth=1080 displayHeight=2400 physicalPixelDisplaySizeRatio=1.0 rotation=1 offsetX=0 offsetY=0 scale=1.0}, mSources= { InsetsSource: {a21c0000 mType=statusBars mFrame=[0,0][2400,72] mVisible=true mFlags= mSideHint=TOP mBoundingRects=null}, InsetsSource: {a21c0005 mType=mandatorySystemGestures mFrame=[0,0][2400,72] mVisible=true mFlags= mSideHint=TOP mBoundingRects=null}, InsetsSource: {a21c0006 mType=tappableElement mFrame=[0,0][2400,72] mVisible=true mFlags= mSideHint=TOP mBoundingRects=null}, InsetsSource: {dcdf0001 mType=navigationBars mFrame=[2256,0][2400,1080] mVisible=false mFlags= mSideHint=RIGHT mBoundingRects=null}, InsetsSource: {dcdf0004 mType=systemGestures mFrame=[0,0][0,0] mVisible=true mFlags= mSideHint=NONE mBoundingRects=null}, InsetsSource: {dcdf0005 mType=mandatorySystemGestures mFrame=[2256,0][2400,1080] mVisible=true mFlags= mSideHint=RIGHT mBoundingRects=null}, InsetsSource: {dcdf0006 mType=tappableElement mFrame=[2256,0][2400,1080] mVisible=true mFlags= mSideHint=RIGHT mBoundingRects=null}, InsetsSource: {dcdf0024 mType=systemGestures mFrame=[0,0][0,0] mVisible=true mFlags= mSideHint=NONE mBoundingRects=null}, InsetsSource: {7 mType=displayCutout mFrame=[0,0][80,1080] mVisible=true mFlags= mSideHint=LEFT mBoundingRects=null} }
05-27 17:46:01.018 23447 23447 I BufferQueueProducer: [](id:5b9700000002,api:0,p:0,c:23447) setDequeueTimeout:2077252342
05-27 17:46:01.020 23447 23447 I BLASTBufferQueue_Java: new BLASTBufferQueue, mName= VRI[PythonActivity]@d9a730c mNativeObject= 0xb400007af801bb30 sc.mNativeObject= 0xb400007b28013790 caller= android.view.ViewRootImpl.updateBlastSurfaceIfNeeded:3397 android.view.ViewRootImpl.relayoutWindow:11361 android.view.ViewRootImpl.performTraversals:4544 android.view.ViewRootImpl.doTraversal:3708 android.view.ViewRootImpl$TraversalRunnable.run:12542 android.view.Choreographer$CallbackRecord.run:1751 android.view.Choreographer$CallbackRecord.run:1760 android.view.Choreographer.doCallbacks:1216 android.view.Choreographer.doFrame:1142 android.view.Choreographer$FrameDisplayEventReceiver.run:1707 
05-27 17:46:01.020 23447 23447 I BLASTBufferQueue_Java: update, w= 2320 h= 1080 mName = VRI[PythonActivity]@d9a730c mNativeObject= 0xb400007af801bb30 sc.mNativeObject= 0xb400007b28013790 format= -3 caller= android.graphics.BLASTBufferQueue.<init>:88 android.view.ViewRootImpl.updateBlastSurfaceIfNeeded:3397 android.view.ViewRootImpl.relayoutWindow:11361 android.view.ViewRootImpl.performTraversals:4544 android.view.ViewRootImpl.doTraversal:3708 android.view.ViewRootImpl$TraversalRunnable.run:12542 
05-27 17:46:01.025 23447 23447 W libc    : Access denied finding property "vendor.display.enable_optimal_refresh_rate"
05-27 17:46:01.025 23447 23447 W libc    : Access denied finding property "vendor.gpp.create_frc_extension"
05-27 17:46:01.029 23447 23447 I VRI[PythonActivity]@d9a730c: Relayout returned: old=(0,0,1080,2400) new=(80,0,2400,1080) relayoutAsync=false req=(1080,2400)0 dur=18 res=0x3 s={true 0xb400007a6803a110} ch=true seqId=0
05-27 17:46:01.039 23447 23447 I VRI[PythonActivity]@d9a730c: performConfigurationChange setNightDimText nightDimLevel=0
05-27 17:46:01.040 23447 23447 D VRI[PythonActivity]@d9a730c: mThreadedRenderer.initialize() mSurface={isValid=true 0xb400007a6803a110} hwInitialized=true
05-27 17:46:01.040 23447 23447 I SurfaceView: 163085509 Changes: creating=false format=false size=true visible=false alpha=false hint=false visible=false left=false top=true z=false attached=true lifecycleStrategy=false
05-27 17:46:01.040 23447 23447 I SurfaceView@9b87cc5: windowStopped(false) true org.libsdl.app.SDLSurface{9b87cc5 VFE...... .F....ID 0,0-2176,1008} of VRI[PythonActivity]@d9a730c
