05-27 17:20:12.261  1493  2459 D ActivityTaskManager: scheduleTopResumedActivityChanged, onTop=true, r=ActivityRecord{d96a24b u0 org.supersploit.flappybirds/org.kivy.android.PythonActivity t616}, caller=com.android.server.wm.ActivityTaskSupervisor.updateTopResumedActivityIfNeeded:62 com.android.server.wm.TaskFragment.setResumedActivity:29 com.android.server.wm.ActivityRecord.setState:104 com.android.server.wm.TaskFragment.resumeTopActivity:1817 com.android.server.wm.Task.resumeTopActivityInnerLocked:98 com.android.server.wm.Task.resumeTopActivityUncheckedLocked:23 
05-27 17:20:12.262  1493  2459 D WindowManagerServiceExt: updateTaskbarTargetIfNeeded: cn=ComponentInfo{org.supersploit.flappybirds/org.kivy.android.PythonActivity} occludesParent=true isInSplitScreenMode=false styleFloating=false
05-27 17:20:12.263  1493  2459 D BLASTSyncEngine: SyncGroup 266:  Unfinished container: ActivityRecord{d96a24b u0 org.supersploit.flappybirds/org.kivy.android.PythonActivity t616} mSyncState=2
05-27 17:20:12.264  1493  1661 V WindowManager: Start calculating TransitionInfo based on participants: {WallpaperWindowToken{1ac0cda token=android.os.Binder@aaed685}_<system>, ActivityRecord{81360a6 u0 com.sec.android.app.launcher/.activities.LauncherActivity t560}, ActivityRecord{be40313 u0 org.supersploit.flappybirds/org.kivy.android.PythonActivity t-1}, WallpaperWindowToken{d721a7e token=android.os.Binder@1dbc439}_<lock>, ActivityRecord{d96a24b u0 org.supersploit.flappybirds/org.kivy.android.PythonActivity t616}, Task{f982428 #616 type=standard A=10381:org.supersploit.flappybirds}}
05-27 17:20:12.264  1493  1661 V WindowManager:   Final targets: [Task{f982428 #616 type=standard A=10381:org.supersploit.flappybirds}, Task{4472011 #1 type=home}, WallpaperWindowToken{1ac0cda token=android.os.Binder@aaed685}_<system>]
05-27 17:20:12.266  1493  1661 V WindowManager:         {WCT{RemoteToken{553b783 Task{f982428 #616 type=standard A=10381:org.supersploit.flappybirds}}} m=TO_FRONT f=MOVE_TO_TOP leash=Surface(name=Task=616)/@0x93b663d sb=Rect(0, 0 - 1080, 2400) eb=Rect(0, 0 - 1080, 2400) d=0 endFixedRotation=1 taskParent=-1 inset=Rect(80, 0 - 0, 0) dim=true},
05-27 17:20:12.267  1493  1643 V WindowManager: Sent Transition (#266) createdAt=05-27 17:20:12.242 via request=TransitionRequestInfo { type = OPEN, triggerTask = TaskInfo{userId=0 taskId=616 displayId=0 isRunning=true baseIntent=Intent { act=android.intent.action.MAIN cat=[android.intent.category.LAUNCHER] flg=0x10200000 cmp=org.supersploit.flappybirds/org.kivy.android.PythonActivity } baseActivity=ComponentInfo{org.supersploit.flappybirds/org.kivy.android.PythonActivity} topActivity=ComponentInfo{org.supersploit.flappybirds/org.kivy.android.PythonActivity} origActivity=null realActivity=ComponentInfo{org.supersploit.flappybirds/org.kivy.android.PythonActivity} numActivities=1 lastActiveTime=14556601 supportsMultiWindow=true resizeMode=1 isResizeable=true minWidth=-1 minHeight=-1 maxWidth=-1 maxHeight=-1 defaultMinSize=220 token=WCT{RemoteToken{553b783 Task{f982428 #616 type=standard A=10381:org.supersploit.flappybirds}}} topActivityType=1 pictureInPictureParams=null shouldDockBigOverlays=false launchIntoPipHostTaskId=-1 lastParentTaskIdBeforePip=-1 displayCutoutSafeInsets=Rect(0, 80 - 0, 0) topActivityInfo=ActivityInfo{1048df org.kivy.android.PythonActivity} launchCookies=[android.os.BinderProxy@7b860fe] positionInParent=Point(0, 0) parentTaskId=-1 isFocused=false isVisible=false isVisibleRequested=false isSleeping=false topActivityInSizeCompat=false locusId=null displayAreaFeatureId=1 isTopActivityTransparent=false isTopActivityStyleFloating=false appCompatTaskInfo=AppCompatTaskInfo { topActivityInSizeCompat=false eligibleForLetterboxEducation= false isLetterboxEducationEnabled= false isLetterboxDoubleTapEnabled= false eligibleForUserAspectRatioButton= false topActivityBoundsLetterboxed= false isFromLetterboxDoubleTap= false topActivityLetterboxVerticalPosition= -1 topActivityLetterboxHorizontalPosition= -1 topActivityLetterboxWidth=2400 topActivityLetterboxHeight=1080 topActivityLetterboxAppWidth=2176 topActivityLetterboxAppHeight=1080 isUserFullscreenOverrideEnabled=false isSystemFullscreenOverrideEnabled=false hasMinAspectRatioOverride=false cameraCompatTaskInfo=CameraCompatTaskInfo { freeformCameraCompatMode=inactive} topActivityBounds=null topActivityInDisplayCompat=false} originallySupportedMultiWindow=true hasWallpaper=false rootAffinity=10381:org.supersploit.flappybirds isTopTaskInStage=false topActivityUiMode=33 CoverLauncherWidgetTask=false isAllowedSeamlessRotation=false isTopTransparentActivity=false snappingGuideBounds=Rect(81, 568 - 999, 1768) isAliasManaged=false hasConfigChanged=false isAiKeyRemoveAppTask=false}, pipTask = null, remoteTransition = RemoteTransition { remoteTransition = android.window.IRemoteTransition$Stub$Proxy@590aaac, appThread = android.app.IApplicationThread$Stub$Proxy@fa14375, debugName = QuickstepLaunchflags =NONE }, displayChange = null, flags = 0, debugId = 266 }
05-27 17:20:12.267  1493  1643 V WindowManager:         {WCT{RemoteToken{553b783 Task{f982428 #616 type=standard A=10381:org.supersploit.flappybirds}}} m=TO_FRONT f=MOVE_TO_TOP leash=Surface(name=Task=616)/@0x93b663d sb=Rect(0, 0 - 1080, 2400) eb=Rect(0, 0 - 1080, 2400) d=0 endFixedRotation=1 taskParent=-1 inset=Rect(80, 0 - 0, 0) dim=true},
05-27 17:20:12.268  1493  1661 D InsetsSourceProvider: updateControlForTarget: control=InsetsSourceControl: {dcdf0001 mType=navigationBars initiallyVisible mSurfacePosition=Point(0, 2256) mInsetsHint=Insets{left=0, top=0, right=0, bottom=144}}, target=Window{d6017fd u0 org.supersploit.flappybirds/org.kivy.android.PythonActivity}, from=com.android.server.wm.InsetsStateController.onControlTargetChanged:81 com.android.server.wm.InsetsPolicy.updateBarControlTarget:188 com.android.server.wm.DisplayPolicy.updateSystemBarAttributes:281 com.android.server.wm.DisplayPolicy.finishPostLayoutPolicyLw:17 com.android.server.wm.RootWindowContainer.applySurfaceChangesTransaction$1:194 
05-27 17:20:12.268  1493  1661 D InsetsSourceProvider: updateControlForTarget: control=InsetsSourceControl: {a21c0000 mType=statusBars initiallyVisible mSurfacePosition=Point(0, 0) mInsetsHint=Insets{left=0, top=80, right=0, bottom=0}}, target=Window{d6017fd u0 org.supersploit.flappybirds/org.kivy.android.PythonActivity}, from=com.android.server.wm.InsetsStateController.onControlTargetChanged:81 com.android.server.wm.InsetsPolicy.updateBarControlTarget:175 com.android.server.wm.DisplayPolicy.updateSystemBarAttributes:281 com.android.server.wm.DisplayPolicy.finishPostLayoutPolicyLw:17 com.android.server.wm.RootWindowContainer.applySurfaceChangesTransaction$1:194 
05-27 17:20:12.268  1493  1661 D WindowManager: updateSystemBarAttributes: displayId=0, focusedCanBeNavColorWin=false, win=Window{d6017fd u0 org.supersploit.flappybirds/org.kivy.android.PythonActivity}, navColorWin=Window{a8e164b u0 com.sec.android.app.launcher/com.sec.android.app.launcher.activities.LauncherActivity}, caller=com.android.server.wm.DisplayPolicy.finishPostLayoutPolicyLw:17 com.android.server.wm.RootWindowContainer.applySurfaceChangesTransaction$1:194 com.android.server.wm.RootWindowContainer.performSurfacePlacementNoTrace:61 
05-27 17:20:12.273  1493  1661 D InsetsSourceProvider: updateVisibility: serverVisible=true, clientVisible=false, source=InsetsSource: {dcdf0001 mType=navigationBars mFrame=[0,2256][1080,2400] mVisible=false mFlags= mSideHint=BOTTOM mBoundingRects=null}, controlTarget=Window{d6017fd u0 org.supersploit.flappybirds/org.kivy.android.PythonActivity}, from=com.android.server.wm.InsetsSourceProvider.setClientVisible:8 com.android.server.wm.InsetsSourceProvider.updateClientVisibility:20 com.android.server.wm.InsetsStateController.onRequestedVisibleTypesChanged:20 com.android.server.wm.InsetsStateController$$ExternalSyntheticLambda0.run:87 com.android.server.wm.WindowAnimator.animate:469 com.android.server.wm.WindowAnimator$$ExternalSyntheticLambda1.doFrame:14 android.view.Choreographer$CallbackRecord.run:1749 android.view.Choreographer$CallbackRecord.run:1760 android.view.Choreographer.doCallbacks:1216 android.view.Choreographer.doFrame:1132 
05-27 17:20:12.273  1493  1661 D InsetsSourceProvider: updateVisibility: serverVisible=true, clientVisible=false, source=InsetsSource: {a21c0000 mType=statusBars mFrame=[0,0][1080,80] mVisible=false mFlags= mSideHint=TOP mBoundingRects=null}, controlTarget=Window{d6017fd u0 org.supersploit.flappybirds/org.kivy.android.PythonActivity}, from=com.android.server.wm.InsetsSourceProvider.setClientVisible:8 com.android.server.wm.InsetsSourceProvider.updateClientVisibility:20 com.android.server.wm.InsetsStateController.onRequestedVisibleTypesChanged:20 com.android.server.wm.InsetsStateController$$ExternalSyntheticLambda0.run:87 com.android.server.wm.WindowAnimator.animate:469 com.android.server.wm.WindowAnimator$$ExternalSyntheticLambda1.doFrame:14 android.view.Choreographer$CallbackRecord.run:1749 android.view.Choreographer$CallbackRecord.run:1760 android.view.Choreographer.doCallbacks:1216 android.view.Choreographer.doFrame:1132 
05-27 17:20:12.279  1493  2459 D WindowManager: makeSurface duration=1 name=org.supersploit.flappybirds/org.kivy.android.PythonActivity$_15086
05-27 17:20:12.280  1493  2459 D WindowManager: updateSystemBarAttributes: displayId=0, focusedCanBeNavColorWin=false, win=Window{d6017fd u0 org.supersploit.flappybirds/org.kivy.android.PythonActivity}, navColorWin=Window{a8e164b u0 com.sec.android.app.launcher/com.sec.android.app.launcher.activities.LauncherActivity}, caller=com.android.server.wm.DisplayPolicy.finishPostLayoutPolicyLw:17 com.android.server.wm.RootWindowContainer.applySurfaceChangesTransaction$1:194 com.android.server.wm.RootWindowContainer.performSurfacePlacementNoTrace:61 
05-27 17:20:12.280  1493  2459 D WindowManager: Changing focus from null to Window{d6017fd u0 org.supersploit.flappybirds/org.kivy.android.PythonActivity} displayId=0 Callers=com.android.server.wm.WindowManagerService.relayoutWindowInner:142 com.android.server.wm.WindowManagerService.relayoutWindow:6 com.android.server.wm.Session.relayout:27 android.view.IWindowSession$Stub.onTransact:861 
05-27 17:20:12.280  1493  2459 V SystemKeyManager: updateFocusedWindow() is called, org.supersploit.flappybirds/org.kivy.android.PythonActivity
05-27 17:20:12.285  5706  9867 I SDHMS:l : handleResumeComponent : put = org.supersploit.flappybirds, userid = 0 instanceid =230409537
05-27 17:20:12.286  1493  1658 D SGM:GameManager: identifyGamePackage. org.supersploit.flappybirds, mCurrentUserId: 0, callerUserId: 0, callingMethodInfo: com.samsung.android.game.SemGameManager.isGamePackage(SemGameManager.java:105)
05-27 17:20:12.286  1493  1658 D SGM:SemGameManager: isGamePackage(), pkgName=org.supersploit.flappybirds, ret=false
05-27 17:20:12.286  1493  1658 D SGM:FgCheckThread: noteResumeComponent(), received pkgName: org.supersploit.flappybirds, userId: 0
05-27 17:20:12.287  1493  2555 D SGM:FgCheckThread: onLooperPrepared(), msg: MSG_APP_RESUME, pkgName: org.supersploit.flappybirds, userid: 0
05-27 17:20:12.289  1493  2555 D SGM:FgCheckThread:   handleResume(). pkgName: org.supersploit.flappybirds, userId: 0, category: non-game
05-27 17:20:12.289  1493  2555 D SGM:FgCheckThread: notifyFocusInOut(). of pkg: org.supersploit.flappybirds, type: 4, isSecGameFamily: false, userId: 0
05-27 17:20:12.305  1493  2459 D WindowManager: finishDrawingWindow: Window{d6017fd u0 org.supersploit.flappybirds/org.kivy.android.PythonActivity} mDrawState=DRAW_PENDING seqId=0
05-27 17:20:12.305  1493  1661 V WindowManager: Finish starting ActivityRecord{d96a24b u0 org.supersploit.flappybirds/org.kivy.android.PythonActivity t616}: first real window is shown, no animation
05-27 17:20:12.305  1493  1661 V WindowManager: Schedule remove starting ActivityRecord{d96a24b u0 org.supersploit.flappybirds/org.kivy.android.PythonActivity t616} startingWindow=Window{9c1326 u0 SnapshotStartingWindow for taskId=616} animate=false Callers=com.android.server.wm.ActivityRecord.removeStartingWindow:150 com.android.server.wm.WindowState.performShowLocked:147 com.android.server.wm.WindowStateAnimator.commitFinishDrawingLocked:59 com.android.server.wm.DisplayContent$$ExternalSyntheticLambda1.accept$com$android$server$wm$DisplayContent$$ExternalSyntheticLambda40:22 com.android.server.wm.DisplayContent$$ExternalSyntheticLambda1.accept:305 
05-27 17:20:12.306  1493  1661 I ActivityTaskManager: done cause=notifyWindowsDrawn timestamp=13051247681998 info=TransitionInfo{6c3add4 a=ActivityRecord{d96a24b u0 org.supersploit.flappybirds/org.kivy.android.PythonActivity t616} d=true}
05-27 17:20:12.306  1493  1661 V WindowManager: performShowLocked: mDrawState=HAS_DRAWN in Window{d6017fd u0 org.supersploit.flappybirds/org.kivy.android.PythonActivity}
05-27 17:20:12.312  1493  6502 D WindowManager: finishDrawingWindow: Window{d6017fd u0 org.supersploit.flappybirds/org.kivy.android.PythonActivity} mDrawState=HAS_DRAWN seqId=0
05-27 17:20:12.317  1493  2459 D SGM:GameManager: identifyGamePackage. org.supersploit.flappybirds, mCurrentUserId: 0, callerUserId: 0, callingMethodInfo: com.samsung.android.game.IGameManagerService$Stub.onTransact(IGameManagerService.java:228)
05-27 17:20:12.409  1493  2459 I WindowManager: Reparenting to leash, surface=Surface(name=9c1326 SnapshotStartingWindow for taskId=616)/@0x9adf1a0, syncState=0, syncCommitDepth=0, leashParent=Surface(name=ActivityRecord{d96a24b u0 org.supersploit.flappybirds/org.kivy.android.PythonActivity t616})/@0xf565097
05-27 17:20:12.419  1493  2638 D MdnieScenarioControlService:  packageName : org.supersploit.flappybirds    className : org.kivy.android.PythonActivity
05-27 17:20:12.571  1493  1661 I WindowManager: Reparenting to original parent: Surface(name=ActivityRecord{d96a24b u0 org.supersploit.flappybirds/org.kivy.android.PythonActivity t616})/@0xf565097, destroy=true, syncState=0, syncCommitDepth=0, surface=Surface(name=9c1326 SnapshotStartingWindow for taskId=616)/@0x9adf1a0
05-27 17:20:12.645  1493  6502 D WindowManager: rotationForOrientation, orientationSource=ActivityRecord{d96a24b u0 org.supersploit.flappybirds/org.kivy.android.PythonActivity t616}
05-27 17:20:12.647  1493  6502 D WindowManager: prepareSync <SYNC_STATE_WAITING_FOR_DRAW>, mPrepareSyncSeqId=0, win=Window{d6017fd u0 org.supersploit.flappybirds/org.kivy.android.PythonActivity}
05-27 17:20:12.648  1493  6502 V WindowManager: Override sync-method for d6017fd org.supersploit.flappybirds/org.kivy.android.PythonActivity because seamless rotating, caller=com.android.server.wm.DisplayContent.requestChangeTransition:110 com.android.server.wm.DisplayRotation.updateRotationUnchecked:843 com.android.server.wm.DisplayRotation.updateOrientation:25 com.android.server.wm.DisplayContent.continueUpdateOrientationForDiffOrienLaunchingApp:61 com.android.server.wm.DisplayContent$FixedRotationTransitionListener.onAppTransitionFinishedLocked:329 
05-27 17:20:12.676  1493  1658 V WindowManager: Collecting in transition 267: Task{f982428 #616 type=standard A=10381:org.supersploit.flappybirds}, caller=com.android.server.wm.TransitionController$$ExternalSyntheticLambda2.accept:34 com.android.server.wm.Task.forAllLeafTasks:6 com.android.server.wm.WindowContainer.forAllLeafTasks:4 com.android.server.wm.DisplayArea.forAllLeafTasks:4 com.android.server.wm.WindowContainer.forAllLeafTasks:4 
05-27 17:20:12.677  1493  1658 V WindowManager: Collecting in transition 267: ActivityRecord{d96a24b u0 org.supersploit.flappybirds/org.kivy.android.PythonActivity t616}, caller=com.android.server.wm.TransitionController$$ExternalSyntheticLambda2.accept:21 com.android.server.wm.ActivityRecord.forAllActivities:2 com.android.server.wm.WindowContainer.forAllActivities:8 com.android.server.wm.WindowContainer.forAllActivities:6 com.android.server.wm.TransitionController$$ExternalSyntheticLambda2.accept:113 
05-27 17:20:12.680  1493  1658 D WindowManager: updateSystemBarAttributes: displayId=0, focusedCanBeNavColorWin=false, win=Window{d6017fd u0 org.supersploit.flappybirds/org.kivy.android.PythonActivity}, navColorWin=null, caller=com.android.server.wm.DisplayPolicy.finishPostLayoutPolicyLw:17 com.android.server.wm.RootWindowContainer.applySurfaceChangesTransaction$1:194 com.android.server.wm.RootWindowContainer.performSurfacePlacementNoTrace:61 
05-27 17:20:12.682  1493  1658 V WindowManager: Start calculating TransitionInfo based on participants: {Display{#0 state=ON size=2400x1080 ROTATION_90}, ActivityRecord{d96a24b u0 org.supersploit.flappybirds/org.kivy.android.PythonActivity t616}, Task{f982428 #616 type=standard A=10381:org.supersploit.flappybirds}}
05-27 17:20:12.682  1493  1658 V WindowManager:   Final targets: [Task{f982428 #616 type=standard A=10381:org.supersploit.flappybirds}, DefaultTaskDisplayArea_d0@190344442, Display{#0 state=ON size=2400x1080 ROTATION_90}]
05-27 17:20:12.683  1493  1658 V WindowManager:         {WCT{RemoteToken{553b783 Task{f982428 #616 type=standard A=10381:org.supersploit.flappybirds}}} m=CHANGE f=EDGE_EXTENSION_RESTRICTION p=WCT{RemoteToken{2b5383b DefaultTaskDisplayArea_d0@190344442}} leash=Surface(name=Task=616)/@0x93b663d sb=Rect(0, 0 - 1080, 2400) eb=Rect(0, 0 - 2400, 1080) d=0 r=0->1:0 taskParent=-1 inset=Rect(80, 0 - 0, 0)},
05-27 17:20:12.684  1493  1643 V WindowManager:         {WCT{RemoteToken{553b783 Task{f982428 #616 type=standard A=10381:org.supersploit.flappybirds}}} m=CHANGE f=EDGE_EXTENSION_RESTRICTION p=WCT{RemoteToken{2b5383b DefaultTaskDisplayArea_d0@190344442}} leash=Surface(name=Task=616)/@0x93b663d sb=Rect(0, 0 - 1080, 2400) eb=Rect(0, 0 - 2400, 1080) d=0 r=0->1:0 taskParent=-1 inset=Rect(80, 0 - 0, 0)},
05-27 17:20:12.694  1493  6522 D WindowManager: rotationForOrientation, orientationSource=ActivityRecord{d96a24b u0 org.supersploit.flappybirds/org.kivy.android.PythonActivity t616}
05-27 17:20:12.716  1493  1658 D SGM:FgCheckThread: getForegroundApp(), foregroundPkgName=org.supersploit.flappybirds
05-27 17:20:12.718  1493  1658 D SGM:FgCheckThread: noteStopComponent(), received pkgName: com.sec.android.app.launcher, focusedPkgName: org.supersploit.flappybirds, userId: 0
05-27 17:20:12.781  1493  1658 D SGM:GameManager: identifyForegroundApp. org.supersploit.flappybirds, mCurrentUserId: 0, callerUserId: 0
05-27 17:20:12.848  1493  2638 D MdnieScenarioControlService:  packageName : org.supersploit.flappybirds    className : org.kivy.android.PythonActivity
05-27 17:20:12.855  1493  6565 D InsetsSourceProvider: updateControlForTarget: control=InsetsSourceControl: {3 mType=ime mSurfacePosition=Point(80, 72) mInsetsHint=Insets{left=0, top=0, right=0, bottom=846}}, target=Window{d6017fd u0 org.supersploit.flappybirds/org.kivy.android.PythonActivity}, from=com.android.server.wm.ImeInsetsSourceProvider.updateControlForTarget:17 com.android.server.wm.InsetsStateController.onControlTargetChanged:81 com.android.server.wm.DisplayContent.updateImeControlTarget:21 com.android.server.wm.DisplayContent.updateImeInputAndControlTarget:81 com.android.server.wm.WindowManagerService$LocalService.updateInputMethodTargetWindow:21 
05-27 17:20:13.316  1493  3839 D FreecessController: org.supersploit.flappybirds(10381) is important[12]
05-27 17:20:13.355  1493  1658 D SGM:GameManager: identifyForegroundApp. org.supersploit.flappybirds, mCurrentUserId: 0, callerUserId: 0
05-27 17:20:18.317  1493  3839 D FreecessController: org.supersploit.flappybirds(10381) is important[12]
05-27 17:20:22.007  1493  1646 D WindowManager: requestTransientBars: swipeTarget=Window{70c348b u0 NavigationBar0}, controlTarget=Window{d6017fd u0 org.supersploit.flappybirds/org.kivy.android.PythonActivity}, canShowTransient=true, restorePositionTypes=0x0, from=com.android.server.wm.DisplayPolicy$1.onSwipeFromRight:78 com.android.server.wm.SystemGesturesPointerEventListener.onPointerEvent:581 
05-27 17:20:22.012  1493  1646 D InsetsSourceProvider: updateFakeControlTarget: fakeControl=InsetsSourceControl: {dcdf0001 mType=navigationBars mSurfacePosition=Point(0, 0) mInsetsHint=Insets{left=0, top=0, right=0, bottom=0}}, fakeTarget=Window{d6017fd u0 org.supersploit.flappybirds/org.kivy.android.PythonActivity}
05-27 17:20:22.015  1493  1646 D InsetsSourceProvider: updateFakeControlTarget: fakeControl=InsetsSourceControl: {a21c0000 mType=statusBars mSurfacePosition=Point(0, 0) mInsetsHint=Insets{left=0, top=0, right=0, bottom=0}}, fakeTarget=Window{d6017fd u0 org.supersploit.flappybirds/org.kivy.android.PythonActivity}
05-27 17:20:22.653  1493  1646 D ActivityTaskManager: scheduleTopResumedActivityChanged, onTop=false, r=ActivityRecord{d96a24b u0 org.supersploit.flappybirds/org.kivy.android.PythonActivity t616}, caller=com.android.server.wm.ActivityTaskSupervisor.scheduleTopResumedActivityStateLossIfNeeded:11 com.android.server.wm.ActivityTaskSupervisor.updateTopResumedActivityIfNeeded:19 com.android.server.wm.TaskDisplayArea.positionChildAt:270 com.android.server.wm.WindowContainer.positionChildAt:86 com.android.server.wm.Task.positionChildAt:19 com.android.server.wm.Task.moveToFront:443 
05-27 17:20:22.655  1493  1646 V WindowManager: Collecting in transition 268: ActivityRecord{d96a24b u0 org.supersploit.flappybirds/org.kivy.android.PythonActivity t616}, caller=com.android.server.wm.TransitionController.collect:7 com.android.server.wm.ActivityRecord.setVisibility:189 com.android.server.wm.ActivityRecord.makeInvisible:39 com.android.server.wm.EnsureActivitiesVisibleHelper.process:637 com.android.server.wm.TaskFragment.updateActivityVisibilities:12 
05-27 17:20:22.655  1493  1646 D WindowManager: prepareSync <SYNC_STATE_WAITING_FOR_DRAW>, mPrepareSyncSeqId=0, win=Window{d6017fd u0 org.supersploit.flappybirds/org.kivy.android.PythonActivity}
05-27 17:20:22.656  1493  1646 D WindowManager: Changing focus from Window{d6017fd u0 org.supersploit.flappybirds/org.kivy.android.PythonActivity} to null displayId=0 Callers=com.android.server.wm.ActivityTaskManagerService.setLastResumedActivityUncheckLocked:264 com.android.server.wm.ActivityTaskSupervisor.updateTopResumedActivityIfNeeded:50 com.android.server.wm.TaskFragment.setResumedActivity:29 com.android.server.wm.ActivityRecord.setState:104 
05-27 17:20:22.668  1493  1658 D SGM:FgCheckThread: notePauseComponent(), received pkgName: org.supersploit.flappybirds, userId: 0
05-27 17:20:22.668  1493  1658 D SGM:FgCheckThread: notePauseComponent(), received pkgName: org.supersploit.flappybirds, userId: 0
05-27 17:20:22.668  1493  1658 D SGM:FgCheckThread: notifyFocusInOut(). of pkg: org.supersploit.flappybirds, type: 20, isSecGameFamily: false, userId: 0
05-27 17:20:22.678  1493  1658 D SGM:GameManager: identifyGamePackage. org.supersploit.flappybirds, mCurrentUserId: 0, callerUserId: 0, callingMethodInfo: com.samsung.android.game.SemGameManager.isGamePackage(SemGameManager.java:105)
05-27 17:20:22.678  1493  1658 D SGM:SemGameManager: isGamePackage(), pkgName=org.supersploit.flappybirds, ret=false
05-27 17:20:22.708  1493  1661 V WindowManager: Start calculating TransitionInfo based on participants: {WallpaperWindowToken{1ac0cda token=android.os.Binder@aaed685}_<system>, Task{4472011 #1 type=home}, ActivityRecord{81360a6 u0 com.sec.android.app.launcher/.activities.LauncherActivity t560}, ActivityRecord{bc94b20 u0 com.sec.android.app.launcher/.activities.LauncherActivity t-1}, ActivityRecord{d96a24b u0 org.supersploit.flappybirds/org.kivy.android.PythonActivity t616}, Task{e16eae7 #560 type=home I=com.sec.android.app.launcher/.activities.LauncherActivity}}
05-27 17:20:22.708  1493  1661 V WindowManager:   Final targets: [Task{4472011 #1 type=home}, Task{f982428 #616 type=standard A=10381:org.supersploit.flappybirds}, WallpaperWindowToken{1ac0cda token=android.os.Binder@aaed685}_<system>]
05-27 17:20:22.714  1493  1661 V WindowManager:         {WCT{RemoteToken{553b783 Task{f982428 #616 type=standard A=10381:org.supersploit.flappybirds}}} m=TO_BACK f=EDGE_EXTENSION_RESTRICTION leash=Surface(name=Task=616)/@0x93b663d sb=Rect(0, 0 - 2400, 1080) eb=Rect(0, 0 - 2400, 1080) d=0 taskParent=-1 inset=Rect(80, 0 - 0, 0)},
05-27 17:20:22.725  1493  1643 V WindowManager:         {WCT{RemoteToken{553b783 Task{f982428 #616 type=standard A=10381:org.supersploit.flappybirds}}} m=TO_BACK f=EDGE_EXTENSION_RESTRICTION leash=Surface(name=Task=616)/@0x93b663d sb=Rect(0, 0 - 2400, 1080) eb=Rect(0, 0 - 2400, 1080) d=0 taskParent=-1 inset=Rect(80, 0 - 0, 0)},
05-27 17:20:23.101  1493  6522 V WindowManager: Setting visibility of Window{d6017fd u0 org.supersploit.flappybirds/org.kivy.android.PythonActivity}: false, caller=com.android.server.wm.WindowContainer.sendAppVisibilityToClients:19 com.android.server.wm.WindowToken.setClientVisible:49 com.android.server.wm.ActivityRecord.setClientVisible:8 com.android.server.wm.ActivityRecord.commitVisibility:273 com.android.server.wm.TransitionController.finishTransition:766 
05-27 17:20:23.103  1493  6522 D WindowManager: prepareSync <SYNC_STATE_WAITING_FOR_DRAW>, mPrepareSyncSeqId=0, win=Window{d6017fd u0 org.supersploit.flappybirds/org.kivy.android.PythonActivity}
05-27 17:20:23.197  1493  6565 E WindowManager: win=Window{d6017fd u0 org.supersploit.flappybirds/org.kivy.android.PythonActivity} destroySurfaces: appStopped=true cleanupOnResume=false win.mWindowRemovalAllowed=false win.mRemoveOnExit=false win.mViewVisibility=8 caller=com.android.server.wm.ActivityRecord.destroySurfaces:25 com.android.server.wm.ActivityRecord.activityStopped:204 com.android.server.wm.ActivityClientController.activityStopped:95 android.app.IActivityClientController$Stub.onTransact:722 com.android.server.wm.ActivityClientController.onTransact:1 android.os.Binder.execTransactInternal:1541 android.os.Binder.execTransact:1480 
05-27 17:20:23.197  1493  6565 I WindowManager: Destroying surface Surface(name=org.supersploit.flappybirds/org.kivy.android.PythonActivity$_15086)/@0xb6a56a4 called by com.android.server.wm.WindowStateAnimator.destroySurface:11 com.android.server.wm.WindowStateAnimator.destroySurfaceLocked:54 com.android.server.wm.WindowState.destroySurfaceUnchecked:5 com.android.server.wm.WindowState.destroySurface:126 com.android.server.wm.ActivityRecord.destroySurfaces:25 com.android.server.wm.ActivityRecord.activityStopped:204 com.android.server.wm.ActivityClientController.activityStopped:95 android.app.IActivityClientController$Stub.onTransact:722 
05-27 17:20:23.198  1493  1658 D SGM:FgCheckThread: pkgName: org.supersploit.flappybirds is not in foreground
05-27 17:20:23.198  1493  1658 D SGM:FgCheckThread: noteStopComponent(), received pkgName: org.supersploit.flappybirds, focusedPkgName: com.sec.android.app.launcher, userId: 0
05-27 17:20:23.320  1493  3839 D FreecessController: org.supersploit.flappybirds(10381) is important[2]
05-27 17:20:28.327  1493  3839 D FreecessController: org.supersploit.flappybirds(10381) is important[2]
05-27 17:20:29.210  1493  3839 D FreecessController: org.supersploit.flappybirds(10381) is important[2]
05-27 17:20:33.336  1493  3839 D FreecessController: org.supersploit.flappybirds(10381) is important[2]
05-27 17:20:38.350  1493  3839 D FreecessController: org.supersploit.flappybirds(10381) is important[2]
05-27 17:20:43.356  1493  3839 D FreecessController: org.supersploit.flappybirds(10381) is important[2]
05-27 17:20:48.364  1493  3839 D FreecessController: org.supersploit.flappybirds(10381) is important[2]
05-27 17:20:53.371  1493  3839 D FreecessController: org.supersploit.flappybirds(10381) is important[2]
05-27 17:20:56.745  1493  1646 D WindowManager: prepareSync <SYNC_STATE_WAITING_FOR_DRAW>, mPrepareSyncSeqId=0, win=Window{d6017fd u0 org.supersploit.flappybirds/org.kivy.android.PythonActivity}
05-27 17:20:58.319  1493  6565 D WindowManager: prepareSync <SYNC_STATE_WAITING_FOR_DRAW>, mPrepareSyncSeqId=0, win=Window{d6017fd u0 org.supersploit.flappybirds/org.kivy.android.PythonActivity}
05-27 17:21:23.499  1493  2043 I AppsFilter: interaction: PackageSetting{fc5779a org.supersploit.flappybirds/10381} -> PackageSetting{ca108cb com.facebook.appmanager/10179} BLOCKED
05-27 17:21:24.703  1493  1954 D MARs:ActiveTrafficFilter: filter : org.supersploit.flappybirds(0)
05-27 17:21:29.718  1493  1954 D MARs:ActiveTrafficFilter: filter : org.supersploit.flappybirds(0)
05-27 17:21:34.767  1493  9779 D PerProcessNandswap$NandswapMsgHandler: startNandswapProcess Frozen-ppn org.supersploit.flappybirds
05-27 17:21:34.767  1493  1954 D FreecessController: FZ : org.supersploit.flappybirds(10381) [15086] reason: LEV
05-27 17:21:34.768  1493  9777 D PerProcessNandswap$NandswapHandler: nandswap start for activity org.supersploit.flappybirds(pid 15086) action:16 adj:700 type:3
05-27 17:21:35.024  1493  9777 D PerProcessNandswap$NandswapHandler: nandswap end for activity org.supersploit.flappybirds(pid 15086) ret:1 adj:700
05-27 17:22:32.458  1493  3839 D FreecessController: org.supersploit.flappybirds(10381) is important[2]
05-27 17:22:37.460  1493  3839 D FreecessController: org.supersploit.flappybirds(10381) is important[2]
05-27 17:23:02.841  1493  6565 I Pageboost: start alp : org.supersploit.flappybirds
05-27 17:23:02.841  1493  2845 I Pageboost: alp skip : org.supersploit.flappybirds , 2
05-27 17:23:02.862  2862  2985 D ShellStartingWindow: preload Icon org.supersploit.flappybirds
05-27 17:23:02.941  1493  6567 I Pageboost: onAppLaunch : org.supersploit.flappybirds
05-27 17:23:02.944  1493  6567 D FreecessController: UFZ : org.supersploit.flappybirds(10381) [15086] reason: activity
05-27 17:23:02.944  1493  6567 D BaseRestrictionMgr: Package: org.supersploit.flappybirds, userid: 0, hostingType: activity is allowed by freecess, caller is: com.sec.android.app.launcher
05-27 17:23:02.947  1493  6567 V WindowManager: Collecting in transition 279: ActivityRecord{8684b3 u0 org.supersploit.flappybirds/org.kivy.android.PythonActivity, caller=com.android.server.wm.TransitionController.collect:7 com.android.server.wm.ActivityStarter.startActivityUnchecked:626 com.android.server.wm.ActivityStarter.executeRequest:3365 com.android.server.wm.ActivityStarter.execute:1122 com.android.server.wm.ActivityTaskManagerService.startActivityAsUser:88 
05-27 17:23:02.947  1493  6567 D ActivityTaskManager: TaskLaunchParamsModifier:task=null activity=ActivityRecord{8684b3 u0 org.supersploit.flappybirds/org.kivy.android.PythonActivity t-1} display-from-option=0 display-id=0 task-display-area-windowing-mode=1 suggested-display-area=DefaultTaskDisplayArea_d0@190344442
05-27 17:23:02.948  1493  6567 D ActivityTaskManager: TaskLaunchParamsModifier:task=Task{f982428 #616 type=standard A=10381:org.supersploit.flappybirds} activity=ActivityRecord{8684b3 u0 org.supersploit.flappybirds/org.kivy.android.PythonActivity t-1} display-from-option=0 display-id=0 task-display-area-windowing-mode=1 suggested-display-area=DefaultTaskDisplayArea_d0@190344442 inherit-from-source=fullscreen non-freeform-task-display-area display-area=DefaultTaskDisplayArea_d0@190344442 activity-requested-landscape freeform-size-mismatch=Rect(81, 568 - 999, 1768)
05-27 17:23:02.948  1493  6567 V WindowManager: Collecting in transition 279: ActivityRecord{d96a24b u0 org.supersploit.flappybirds/org.kivy.android.PythonActivity t616}, caller=com.android.server.wm.TransitionController.collect:7 com.android.server.wm.ActivityStarter.startActivityInner:1923 com.android.server.wm.ActivityStarter.startActivityUnchecked:639 com.android.server.wm.ActivityStarter.executeRequest:3365 com.android.server.wm.ActivityStarter.execute:1122 
05-27 17:23:02.948  1493  6567 D WindowManager: prepareSync <SYNC_STATE_WAITING_FOR_DRAW>, mPrepareSyncSeqId=0, win=Window{d6017fd u0 org.supersploit.flappybirds/org.kivy.android.PythonActivity}
05-27 17:23:02.948  1493  6567 I Pageboost: moveTaskToFront : 10381:org.supersploit.flappybirds
05-27 17:23:02.950  1493  6567 V WindowManager: Add starting ActivityRecord{d96a24b u0 org.supersploit.flappybirds/org.kivy.android.PythonActivity t616}: startingData=SnapshotStartingData{62231e9 waitForSyncTransactionCommit=false removeAfterTransaction= 0}
05-27 17:23:02.950  1493  6567 D ActivityTaskManager: applyFixedRotationTransform, r=ActivityRecord{d96a24b u0 org.supersploit.flappybirds/org.kivy.android.PythonActivity t616}, caller=com.android.server.wm.ActivityRecord.applyFixedRotationTransform:19 com.android.server.wm.DisplayContent.startFixedRotationTransform:65 com.android.server.wm.DisplayContent.setFixedRotationLaunchingApp:53 com.android.server.wm.DisplayContent.handleTopActivityLaunchingInDifferentOrientation:354 com.android.server.wm.SnapshotStartingData.createStartingSurface:81 
05-27 17:23:02.956  1493  6567 D WindowManager: setFixedRotationLaunchingAppUnchecked, rotation=1, r=ActivityRecord{d96a24b u0 org.supersploit.flappybirds/org.kivy.android.PythonActivity t616}, caller=com.android.server.wm.DisplayContent.setFixedRotationLaunchingAppUnchecked:140 com.android.server.wm.DisplayContent.setFixedRotationLaunchingApp:56 com.android.server.wm.DisplayContent.handleTopActivityLaunchingInDifferentOrientation:354 com.android.server.wm.SnapshotStartingData.createStartingSurface:81 com.android.server.wm.ActivityRecord.scheduleAddStartingWindow:37 
05-27 17:23:02.957  1493  6567 V WindowManager: Added starting ActivityRecord{d96a24b u0 org.supersploit.flappybirds/org.kivy.android.PythonActivity t616}: startingWindow=null startingView=com.android.server.wm.StartingSurfaceController$StartingSurface@793d72b
05-27 17:23:02.958  1493  6567 V WindowManager: Collecting in transition 279: ActivityRecord{8684b3 u0 org.supersploit.flappybirds/org.kivy.android.PythonActivity t-1}, caller=com.android.server.wm.Transition.collectExistenceChange:42 com.android.server.wm.ActivityStarter.handleStartResult:523 com.android.server.wm.ActivityStarter.startActivityUnchecked:653 com.android.server.wm.ActivityStarter.executeRequest:3365 com.android.server.wm.ActivityStarter.execute:1122 
05-27 17:23:02.959  1493  6567 I ActivityTaskManager: START u0 {act=android.intent.action.MAIN cat=[android.intent.category.LAUNCHER] flg=0x10200000 cmp=org.supersploit.flappybirds/org.kivy.android.PythonActivity bnds=[638,803][837,1089]} with LAUNCH_SINGLE_TASK from uid 10135 (BAL_ALLOW_VISIBLE_WINDOW) result code=2
05-27 17:23:02.963  2862  2928 V WindowManagerShell: Transition requested (#279): android.os.BinderProxy@15b9fa7 TransitionRequestInfo { type = OPEN, triggerTask = TaskInfo{userId=0 taskId=616 displayId=0 isRunning=true baseIntent=Intent { act=android.intent.action.MAIN cat=[android.intent.category.LAUNCHER] flg=0x10200000 cmp=org.supersploit.flappybirds/org.kivy.android.PythonActivity } baseActivity=ComponentInfo{org.supersploit.flappybirds/org.kivy.android.PythonActivity} topActivity=ComponentInfo{org.supersploit.flappybirds/org.kivy.android.PythonActivity} origActivity=null realActivity=ComponentInfo{org.supersploit.flappybirds/org.kivy.android.PythonActivity} numActivities=1 lastActiveTime=14572566 supportsMultiWindow=true resizeMode=1 isResizeable=true minWidth=-1 minHeight=-1 maxWidth=-1 maxHeight=-1 defaultMinSize=220 token=WCT{android.window.IWindowContainerToken$Stub$Proxy@d20c54} topActivityType=1 pictureInPictureParams=null shouldDockBigOverlays=false launchIntoPipHostTaskId=-1 lastParentTaskIdBeforePip=-1 displayCutoutSafeInsets=Rect(0, 80 - 0, 0) topActivityInfo=ActivityInfo{62907fd org.kivy.android.PythonActivity} launchCookies=[android.os.BinderProxy@a95acf2] positionInParent=Point(0, 0) parentTaskId=-1 isFocused=false isVisible=false isVisibleRequested=false isSleeping=false topActivityInSizeCompat=false locusId=null displayAreaFeatureId=1 isTopActivityTransparent=false isTopActivityStyleFloating=false appCompatTaskInfo=AppCompatTaskInfo { topActivityInSizeCompat=false eligibleForLetterboxEducation= false isLetterboxEducationEnabled= false isLetterboxDoubleTapEnabled= false eligibleForUserAspectRatioButton= false topActivityBoundsLetterboxed= false isFromLetterboxDoubleTap= false topActivityLetterboxVerticalPosition= -1 topActivityLetterboxHorizontalPosition= -1 topActivityLetterboxWidth=2400 topActivityLetterboxHeight=1080 topActivityLetterboxAppWidth=2176 topActivityLetterboxAppHeight=1080 isUserFullscreenOverrideEnabled=false isSystemFullscreenOverrideEnabled=false hasMinAspectRatioOverride=false cameraCompatTaskInfo=CameraCompatTaskInfo { freeformCameraCompatMode=inactive} topActivityBounds=null topActivityInDisplayCompat=false} originallySupportedMultiWindow=true hasWallpaper=false rootAffinity=10381:org.supersploit.flappybirds isTopTaskInStage=false topActivityUiMode=33 CoverLauncherWidgetTask=false isAllowedSeamlessRotation=false isTopTransparentActivity=false snappingGuideBounds=Rect(81, 568 - 999, 1768) isAliasManaged=false hasConfigChanged=false isAiKeyRemoveAppTask=false}, pipTask = null, remoteTransition = RemoteTransition { remoteTransition = android.window.IRemoteTransition$Stub$Proxy@1988f43, appThread = android.app.IApplicationThread$Stub$Proxy@a6d99c0, debugName = QuickstepLaunchflags =NONE }, displayChange = null, flags = 0, debugId = 279 }
05-27 17:23:02.971  1493  6567 V WindowManager: addWindow: ActivityRecord{d96a24b u0 org.supersploit.flappybirds/org.kivy.android.PythonActivity t616} startingWindow=Window{9de73f7 u0 SnapshotStartingWindow for taskId=616}
05-27 17:23:02.973  2862  2928 D WindowManagerShell: onActivityRestartAttempt: ComponentInfo{org.supersploit.flappybirds/org.kivy.android.PythonActivity}
05-27 17:23:02.980  1493  6567 V WindowManager: Collecting in transition 279: ActivityRecord{d96a24b u0 org.supersploit.flappybirds/org.kivy.android.PythonActivity t616}, caller=com.android.server.wm.TransitionController.collect:7 com.android.server.wm.ActivityRecord.setVisibility:189 com.android.server.wm.TaskFragment.resumeTopActivity:1735 com.android.server.wm.Task.resumeTopActivityInnerLocked:98 com.android.server.wm.Task.resumeTopActivityUncheckedLocked:23 
05-27 17:23:02.980  1493  6567 V WindowManager: Setting visibility of Window{d6017fd u0 org.supersploit.flappybirds/org.kivy.android.PythonActivity}: true, caller=com.android.server.wm.WindowContainer.sendAppVisibilityToClients:19 com.android.server.wm.WindowToken.setClientVisible:49 com.android.server.wm.ActivityRecord.setVisibility:392 com.android.server.wm.TaskFragment.resumeTopActivity:1735 com.android.server.wm.Task.resumeTopActivityInnerLocked:98 
05-27 17:23:02.980  1493  6567 D SGM:FgCheckThread:   sendRunningComponentFocus(), pkgName: org.supersploit.flappybirds, userId: 0
05-27 17:23:02.980  1493  9779 I PerProcessNandswap$NandswapMsgHandler: madvise_prefetch for org.supersploit.flappybirds
05-27 17:23:02.981  1493  2555 D SGM:FgCheckThread: onLooperPrepared(), msg: MSG_TASK_FOCUSED, pkgName: org.supersploit.flappybirds, userId: 0
05-27 17:23:02.981  1493  2555 D SGM:FgCheckThread:   handleTaskFocused(), pkgName: org.supersploit.flappybirds, userID:0 mResumedPkgMap does not containsKey.
05-27 17:23:02.981  1493  6567 D ActivityTaskManager: scheduleTopResumedActivityChanged, onTop=true, r=ActivityRecord{d96a24b u0 org.supersploit.flappybirds/org.kivy.android.PythonActivity t616}, caller=com.android.server.wm.ActivityTaskSupervisor.updateTopResumedActivityIfNeeded:62 com.android.server.wm.TaskFragment.setResumedActivity:29 com.android.server.wm.ActivityRecord.setState:104 com.android.server.wm.TaskFragment.resumeTopActivity:1817 com.android.server.wm.Task.resumeTopActivityInnerLocked:98 com.android.server.wm.Task.resumeTopActivityUncheckedLocked:23 
05-27 17:23:02.983  1493  6567 D WindowManagerServiceExt: updateTaskbarTargetIfNeeded: cn=ComponentInfo{org.supersploit.flappybirds/org.kivy.android.PythonActivity} occludesParent=true isInSplitScreenMode=false styleFloating=false
05-27 17:23:02.984  1493  6567 D BLASTSyncEngine: SyncGroup 279:  Unfinished container: ActivityRecord{d96a24b u0 org.supersploit.flappybirds/org.kivy.android.PythonActivity t616} mSyncState=2
05-27 17:23:02.987  1493  1661 V WindowManager: Start calculating TransitionInfo based on participants: {ActivityRecord{8684b3 u0 org.supersploit.flappybirds/org.kivy.android.PythonActivity t-1}, WallpaperWindowToken{1ac0cda token=android.os.Binder@aaed685}_<system>, ActivityRecord{81360a6 u0 com.sec.android.app.launcher/.activities.LauncherActivity t560}, WallpaperWindowToken{d721a7e token=android.os.Binder@1dbc439}_<lock>, ActivityRecord{d96a24b u0 org.supersploit.flappybirds/org.kivy.android.PythonActivity t616}, Task{f982428 #616 type=standard A=10381:org.supersploit.flappybirds}}
05-27 17:23:02.987  1493  1661 V WindowManager:   Final targets: [Task{f982428 #616 type=standard A=10381:org.supersploit.flappybirds}, Task{4472011 #1 type=home}, WallpaperWindowToken{1ac0cda token=android.os.Binder@aaed685}_<system>]
05-27 17:23:02.990  1493  1661 V WindowManager:         {WCT{RemoteToken{553b783 Task{f982428 #616 type=standard A=10381:org.supersploit.flappybirds}}} m=TO_FRONT f=MOVE_TO_TOP leash=Surface(name=Task=616)/@0x93b663d sb=Rect(0, 0 - 1080, 2400) eb=Rect(0, 0 - 1080, 2400) d=0 endFixedRotation=1 taskParent=-1 inset=Rect(80, 72 - 0, 0) dim=true},
05-27 17:23:02.993  1493  1661 D InsetsSourceProvider: updateControlForTarget: control=InsetsSourceControl: {dcdf0001 mType=navigationBars initiallyVisible mSurfacePosition=Point(0, 2256) mInsetsHint=Insets{left=0, top=0, right=0, bottom=144}}, target=Window{d6017fd u0 org.supersploit.flappybirds/org.kivy.android.PythonActivity}, from=com.android.server.wm.InsetsStateController.onControlTargetChanged:81 com.android.server.wm.InsetsPolicy.updateBarControlTarget:188 com.android.server.wm.DisplayPolicy.updateSystemBarAttributes:281 com.android.server.wm.DisplayPolicy.finishPostLayoutPolicyLw:17 com.android.server.wm.RootWindowContainer.applySurfaceChangesTransaction$1:194 
05-27 17:23:02.995  1493  1643 V WindowManager: Sent Transition (#279) createdAt=05-27 17:23:02.947 via request=TransitionRequestInfo { type = OPEN, triggerTask = TaskInfo{userId=0 taskId=616 displayId=0 isRunning=true baseIntent=Intent { act=android.intent.action.MAIN cat=[android.intent.category.LAUNCHER] flg=0x10200000 cmp=org.supersploit.flappybirds/org.kivy.android.PythonActivity } baseActivity=ComponentInfo{org.supersploit.flappybirds/org.kivy.android.PythonActivity} topActivity=ComponentInfo{org.supersploit.flappybirds/org.kivy.android.PythonActivity} origActivity=null realActivity=ComponentInfo{org.supersploit.flappybirds/org.kivy.android.PythonActivity} numActivities=1 lastActiveTime=14572566 supportsMultiWindow=true resizeMode=1 isResizeable=true minWidth=-1 minHeight=-1 maxWidth=-1 maxHeight=-1 defaultMinSize=220 token=WCT{RemoteToken{553b783 Task{f982428 #616 type=standard A=10381:org.supersploit.flappybirds}}} topActivityType=1 pictureInPictureParams=null shouldDockBigOverlays=false launchIntoPipHostTaskId=-1 lastParentTaskIdBeforePip=-1 displayCutoutSafeInsets=Rect(0, 80 - 0, 0) topActivityInfo=ActivityInfo{1048df org.kivy.android.PythonActivity} launchCookies=[android.os.BinderProxy@61e8639] positionInParent=Point(0, 0) parentTaskId=-1 isFocused=false isVisible=false isVisibleRequested=false isSleeping=false topActivityInSizeCompat=false locusId=null displayAreaFeatureId=1 isTopActivityTransparent=false isTopActivityStyleFloating=false appCompatTaskInfo=AppCompatTaskInfo { topActivityInSizeCompat=false eligibleForLetterboxEducation= false isLetterboxEducationEnabled= false isLetterboxDoubleTapEnabled= false eligibleForUserAspectRatioButton= false topActivityBoundsLetterboxed= false isFromLetterboxDoubleTap= false topActivityLetterboxVerticalPosition= -1 topActivityLetterboxHorizontalPosition= -1 topActivityLetterboxWidth=2400 topActivityLetterboxHeight=1080 topActivityLetterboxAppWidth=2176 topActivityLetterboxAppHeight=1080 isUserFullscreenOverrideEnabled=false isSystemFullscreenOverrideEnabled=false hasMinAspectRatioOverride=false cameraCompatTaskInfo=CameraCompatTaskInfo { freeformCameraCompatMode=inactive} topActivityBounds=null topActivityInDisplayCompat=false} originallySupportedMultiWindow=true hasWallpaper=false rootAffinity=10381:org.supersploit.flappybirds isTopTaskInStage=false topActivityUiMode=33 CoverLauncherWidgetTask=false isAllowedSeamlessRotation=false isTopTransparentActivity=false snappingGuideBounds=Rect(81, 568 - 999, 1768) isAliasManaged=false hasConfigChanged=false isAiKeyRemoveAppTask=false}, pipTask = null, remoteTransition = RemoteTransition { remoteTransition = android.window.IRemoteTransition$Stub$Proxy@fab47e, appThread = android.app.IApplicationThread$Stub$Proxy@5316ddf, debugName = QuickstepLaunchflags =NONE }, displayChange = null, flags = 0, debugId = 279 }
05-27 17:23:02.995  1493  1643 V WindowManager:         {WCT{RemoteToken{553b783 Task{f982428 #616 type=standard A=10381:org.supersploit.flappybirds}}} m=TO_FRONT f=MOVE_TO_TOP leash=Surface(name=Task=616)/@0x93b663d sb=Rect(0, 0 - 1080, 2400) eb=Rect(0, 0 - 1080, 2400) d=0 endFixedRotation=1 taskParent=-1 inset=Rect(80, 72 - 0, 0) dim=true},
05-27 17:23:02.995  1493  1661 D InsetsSourceProvider: updateControlForTarget: control=InsetsSourceControl: {a21c0000 mType=statusBars initiallyVisible mSurfacePosition=Point(0, 0) mInsetsHint=Insets{left=0, top=80, right=0, bottom=0}}, target=Window{d6017fd u0 org.supersploit.flappybirds/org.kivy.android.PythonActivity}, from=com.android.server.wm.InsetsStateController.onControlTargetChanged:81 com.android.server.wm.InsetsPolicy.updateBarControlTarget:175 com.android.server.wm.DisplayPolicy.updateSystemBarAttributes:281 com.android.server.wm.DisplayPolicy.finishPostLayoutPolicyLw:17 com.android.server.wm.RootWindowContainer.applySurfaceChangesTransaction$1:194 
05-27 17:23:02.995  1493  1661 D WindowManager: updateSystemBarAttributes: displayId=0, focusedCanBeNavColorWin=false, win=Window{d6017fd u0 org.supersploit.flappybirds/org.kivy.android.PythonActivity}, navColorWin=Window{a8e164b u0 com.sec.android.app.launcher/com.sec.android.app.launcher.activities.LauncherActivity}, caller=com.android.server.wm.DisplayPolicy.finishPostLayoutPolicyLw:17 com.android.server.wm.RootWindowContainer.applySurfaceChangesTransaction$1:194 com.android.server.wm.RootWindowContainer.performSurfacePlacementNoTrace:61 
05-27 17:23:03.008  1493  6567 D WindowManager: makeSurface duration=1 name=org.supersploit.flappybirds/org.kivy.android.PythonActivity$_15086
05-27 17:23:03.008  1493  6567 D WindowManager: updateSystemBarAttributes: displayId=0, focusedCanBeNavColorWin=false, win=Window{d6017fd u0 org.supersploit.flappybirds/org.kivy.android.PythonActivity}, navColorWin=Window{d6017fd u0 org.supersploit.flappybirds/org.kivy.android.PythonActivity}, caller=com.android.server.wm.DisplayPolicy.finishPostLayoutPolicyLw:17 com.android.server.wm.RootWindowContainer.applySurfaceChangesTransaction$1:194 com.android.server.wm.RootWindowContainer.performSurfacePlacementNoTrace:61 
05-27 17:23:03.011  1493  6567 D WindowManager: Changing focus from null to Window{d6017fd u0 org.supersploit.flappybirds/org.kivy.android.PythonActivity} displayId=0 Callers=com.android.server.wm.WindowManagerService.relayoutWindowInner:142 com.android.server.wm.WindowManagerService.relayoutWindow:6 com.android.server.wm.Session.relayout:27 android.view.IWindowSession$Stub.onTransact:861 
05-27 17:23:03.011  1493  6567 V SystemKeyManager: updateFocusedWindow() is called, org.supersploit.flappybirds/org.kivy.android.PythonActivity
05-27 17:23:03.014  1493  1658 D SGM:GameManager: identifyGamePackage. org.supersploit.flappybirds, mCurrentUserId: 0, callerUserId: 0, callingMethodInfo: com.samsung.android.game.SemGameManager.isGamePackage(SemGameManager.java:105)
05-27 17:23:03.014  1493  1658 D SGM:SemGameManager: isGamePackage(), pkgName=org.supersploit.flappybirds, ret=false
05-27 17:23:03.014  5706  8144 I SDHMS:l : handleResumeComponent : put = org.supersploit.flappybirds, userid = 0 instanceid =230409537
05-27 17:23:03.015  1493  1658 D SGM:FgCheckThread: noteResumeComponent(), received pkgName: org.supersploit.flappybirds, userId: 0
05-27 17:23:03.015  1493  2555 D SGM:FgCheckThread: onLooperPrepared(), msg: MSG_APP_RESUME, pkgName: org.supersploit.flappybirds, userid: 0
05-27 17:23:03.015  1493  2555 D SGM:FgCheckThread:   handleResume(). pkgName: org.supersploit.flappybirds, userId: 0, category: non-game
05-27 17:23:03.015  1493  2555 D SGM:FgCheckThread: notifyFocusInOut(). of pkg: org.supersploit.flappybirds, type: 4, isSecGameFamily: false, userId: 0
05-27 17:23:03.050  1493  6565 D WindowManager: finishDrawingWindow: Window{d6017fd u0 org.supersploit.flappybirds/org.kivy.android.PythonActivity} mDrawState=DRAW_PENDING seqId=0
05-27 17:23:03.050  1493  1661 V WindowManager: Finish starting ActivityRecord{d96a24b u0 org.supersploit.flappybirds/org.kivy.android.PythonActivity t616}: first real window is shown, no animation
05-27 17:23:03.051  1493  1661 V WindowManager: Schedule remove starting ActivityRecord{d96a24b u0 org.supersploit.flappybirds/org.kivy.android.PythonActivity t616} startingWindow=Window{9de73f7 u0 SnapshotStartingWindow for taskId=616} animate=false Callers=com.android.server.wm.ActivityRecord.removeStartingWindow:150 com.android.server.wm.WindowState.performShowLocked:147 com.android.server.wm.WindowStateAnimator.commitFinishDrawingLocked:59 com.android.server.wm.DisplayContent$$ExternalSyntheticLambda1.accept$com$android$server$wm$DisplayContent$$ExternalSyntheticLambda40:22 com.android.server.wm.DisplayContent$$ExternalSyntheticLambda1.accept:305 
05-27 17:23:03.051  1493  1661 I ActivityTaskManager: done cause=notifyWindowsDrawn timestamp=13181745126897 info=TransitionInfo{18d76cb a=ActivityRecord{d96a24b u0 org.supersploit.flappybirds/org.kivy.android.PythonActivity t616} d=true}
05-27 17:23:03.052  1493  1661 V WindowManager: performShowLocked: mDrawState=HAS_DRAWN in Window{d6017fd u0 org.supersploit.flappybirds/org.kivy.android.PythonActivity}
