05-27 17:18:43.785  1493  1661 V WindowManager: Schedule remove starting ActivityRecord{d96a24b u0 org.supersploit.flappybirds/org.kivy.android.PythonActivity t616} startingWindow=Window{601b35c u0 SnapshotStartingWindow for taskId=616} animate=false Callers=com.android.server.wm.ActivityRecord.removeStartingWindow:150 com.android.server.wm.WindowState.performShowLocked:147 com.android.server.wm.WindowStateAnimator.commitFinishDrawingLocked:59 com.android.server.wm.DisplayContent$$ExternalSyntheticLambda1.accept$com$android$server$wm$DisplayContent$$ExternalSyntheticLambda40:22 com.android.server.wm.DisplayContent$$ExternalSyntheticLambda1.accept:305 
05-27 17:18:43.786  1493  1661 I ActivityTaskManager: done cause=notifyWindowsDrawn timestamp=12979220159370 info=TransitionInfo{7a357cb a=ActivityRecord{d96a24b u0 org.supersploit.flappybirds/org.kivy.android.PythonActivity t616} d=true}
05-27 17:18:43.786  1493  1661 V WindowManager: performShowLocked: mDrawState=HAS_DRAWN in Window{d6017fd u0 org.supersploit.flappybirds/org.kivy.android.PythonActivity}
05-27 17:18:43.787  1493  1527 D WindowManager: finishDrawingWindow: Window{d6017fd u0 org.supersploit.flappybirds/org.kivy.android.PythonActivity} mDrawState=HAS_DRAWN seqId=0
05-27 17:18:43.888  1493  1527 I WindowManager: Reparenting to leash, surface=Surface(name=601b35c SnapshotStartingWindow for taskId=616)/@0xb4fcf9, syncState=0, syncCommitDepth=0, leashParent=Surface(name=ActivityRecord{d96a24b u0 org.supersploit.flappybirds/org.kivy.android.PythonActivity t616})/@0xf565097
05-27 17:18:43.890  1493  2638 D MdnieScenarioControlService:  packageName : org.supersploit.flappybirds    className : org.kivy.android.PythonActivity
05-27 17:18:44.046  1493  1661 I WindowManager: Reparenting to original parent: Surface(name=ActivityRecord{d96a24b u0 org.supersploit.flappybirds/org.kivy.android.PythonActivity t616})/@0xf565097, destroy=true, syncState=0, syncCommitDepth=0, surface=Surface(name=601b35c SnapshotStartingWindow for taskId=616)/@0xb4fcf9
05-27 17:18:44.052  1493  6501 D WindowManager: rotationForOrientation, orientationSource=ActivityRecord{d96a24b u0 org.supersploit.flappybirds/org.kivy.android.PythonActivity t616}
05-27 17:18:44.054  1493  6501 D WindowManager: prepareSync <SYNC_STATE_WAITING_FOR_DRAW>, mPrepareSyncSeqId=0, win=Window{d6017fd u0 org.supersploit.flappybirds/org.kivy.android.PythonActivity}
05-27 17:18:44.055  1493  6501 V WindowManager: Override sync-method for d6017fd org.supersploit.flappybirds/org.kivy.android.PythonActivity because seamless rotating, caller=com.android.server.wm.DisplayContent.requestChangeTransition:110 com.android.server.wm.DisplayRotation.updateRotationUnchecked:843 com.android.server.wm.DisplayRotation.updateOrientation:25 com.android.server.wm.DisplayContent.continueUpdateOrientationForDiffOrienLaunchingApp:61 com.android.server.wm.DisplayContent$FixedRotationTransitionListener.onAppTransitionFinishedLocked:329 
05-27 17:18:44.085  1493  1658 V WindowManager: Collecting in transition 259: Task{f982428 #616 type=standard A=10381:org.supersploit.flappybirds}, caller=com.android.server.wm.TransitionController$$ExternalSyntheticLambda2.accept:34 com.android.server.wm.Task.forAllLeafTasks:6 com.android.server.wm.WindowContainer.forAllLeafTasks:4 com.android.server.wm.DisplayArea.forAllLeafTasks:4 com.android.server.wm.WindowContainer.forAllLeafTasks:4 
05-27 17:18:44.085  1493  1658 V WindowManager: Collecting in transition 259: ActivityRecord{d96a24b u0 org.supersploit.flappybirds/org.kivy.android.PythonActivity t616}, caller=com.android.server.wm.TransitionController$$ExternalSyntheticLambda2.accept:21 com.android.server.wm.ActivityRecord.forAllActivities:2 com.android.server.wm.WindowContainer.forAllActivities:8 com.android.server.wm.WindowContainer.forAllActivities:6 com.android.server.wm.TransitionController$$ExternalSyntheticLambda2.accept:113 
05-27 17:18:44.090  1493  1658 D WindowManager: updateSystemBarAttributes: displayId=0, focusedCanBeNavColorWin=false, win=Window{d6017fd u0 org.supersploit.flappybirds/org.kivy.android.PythonActivity}, navColorWin=Window{d6017fd u0 org.supersploit.flappybirds/org.kivy.android.PythonActivity}, caller=com.android.server.wm.DisplayPolicy.finishPostLayoutPolicyLw:17 com.android.server.wm.RootWindowContainer.applySurfaceChangesTransaction$1:194 com.android.server.wm.RootWindowContainer.performSurfacePlacementNoTrace:61 
05-27 17:18:44.094  1493  1658 V WindowManager: Start calculating TransitionInfo based on participants: {Display{#0 state=ON size=2400x1080 ROTATION_90}, ActivityRecord{d96a24b u0 org.supersploit.flappybirds/org.kivy.android.PythonActivity t616}, Task{f982428 #616 type=standard A=10381:org.supersploit.flappybirds}}
05-27 17:18:44.094  1493  1658 V WindowManager:   Final targets: [Task{f982428 #616 type=standard A=10381:org.supersploit.flappybirds}, DefaultTaskDisplayArea_d0@190344442, Display{#0 state=ON size=2400x1080 ROTATION_90}]
05-27 17:18:44.095  1493  1658 V WindowManager:         {WCT{RemoteToken{553b783 Task{f982428 #616 type=standard A=10381:org.supersploit.flappybirds}}} m=CHANGE f=EDGE_EXTENSION_RESTRICTION p=WCT{RemoteToken{2b5383b DefaultTaskDisplayArea_d0@190344442}} leash=Surface(name=Task=616)/@0x93b663d sb=Rect(0, 0 - 1080, 2400) eb=Rect(0, 0 - 2400, 1080) d=0 r=0->1:0 taskParent=-1 inset=Rect(80, 72 - 144, 0)},
05-27 17:18:44.096  1493  1643 V WindowManager:         {WCT{RemoteToken{553b783 Task{f982428 #616 type=standard A=10381:org.supersploit.flappybirds}}} m=CHANGE f=EDGE_EXTENSION_RESTRICTION p=WCT{RemoteToken{2b5383b DefaultTaskDisplayArea_d0@190344442}} leash=Surface(name=Task=616)/@0x93b663d sb=Rect(0, 0 - 1080, 2400) eb=Rect(0, 0 - 2400, 1080) d=0 r=0->1:0 taskParent=-1 inset=Rect(80, 72 - 144, 0)},
05-27 17:18:44.114  1493  6577 D WindowManager: rotationForOrientation, orientationSource=ActivityRecord{d96a24b u0 org.supersploit.flappybirds/org.kivy.android.PythonActivity t616}
05-27 17:18:44.166  1493  1658 D SGM:FgCheckThread: getForegroundApp(), foregroundPkgName=org.supersploit.flappybirds
05-27 17:18:44.166  1493  1658 D SGM:FgCheckThread: noteStopComponent(), received pkgName: com.sec.android.app.launcher, focusedPkgName: org.supersploit.flappybirds, userId: 0
05-27 17:18:44.251  1493  1658 D SGM:GameManager: identifyForegroundApp. org.supersploit.flappybirds, mCurrentUserId: 0, callerUserId: 0
05-27 17:18:44.299  1493  2638 D MdnieScenarioControlService:  packageName : org.supersploit.flappybirds    className : org.kivy.android.PythonActivity
05-27 17:18:44.328  1493  6569 D InsetsSourceProvider: updateControlForTarget: control=InsetsSourceControl: {3 mType=ime mSurfacePosition=Point(80, 72) mInsetsHint=Insets{left=0, top=0, right=0, bottom=846}}, target=Window{d6017fd u0 org.supersploit.flappybirds/org.kivy.android.PythonActivity}, from=com.android.server.wm.ImeInsetsSourceProvider.updateControlForTarget:17 com.android.server.wm.InsetsStateController.onControlTargetChanged:81 com.android.server.wm.DisplayContent.updateImeControlTarget:21 com.android.server.wm.DisplayContent.updateImeInputAndControlTarget:81 com.android.server.wm.WindowManagerService$LocalService.updateInputMethodTargetWindow:21 
05-27 17:18:44.330  1493  6569 D InsetsSourceProvider: updateVisibility: serverVisible=true, clientVisible=false, source=InsetsSource: {dcdf0001 mType=navigationBars mFrame=[2256,0][2400,1080] mVisible=false mFlags= mSideHint=RIGHT mBoundingRects=null}, controlTarget=Window{d6017fd u0 org.supersploit.flappybirds/org.kivy.android.PythonActivity}, from=com.android.server.wm.InsetsSourceProvider.setClientVisible:8 com.android.server.wm.InsetsSourceProvider.updateClientVisibility:20 com.android.server.wm.InsetsStateController.onRequestedVisibleTypesChanged:20 com.android.server.wm.InsetsPolicy.onRequestedVisibleTypesChanged:3 com.android.server.wm.Session.updateRequestedVisibleTypes:30 android.view.IWindowSession$Stub.onTransact:1244 com.android.server.wm.Session.onTransact:1 android.os.Binder.execTransactInternal:1541 android.os.Binder.execTransact:1480 <bottom of call stack> 
05-27 17:18:44.330  1493  6569 D InsetsSourceProvider: updateVisibility: serverVisible=true, clientVisible=false, source=InsetsSource: {a21c0000 mType=statusBars mFrame=[0,0][2400,72] mVisible=false mFlags= mSideHint=TOP mBoundingRects=null}, controlTarget=Window{d6017fd u0 org.supersploit.flappybirds/org.kivy.android.PythonActivity}, from=com.android.server.wm.InsetsSourceProvider.setClientVisible:8 com.android.server.wm.InsetsSourceProvider.updateClientVisibility:20 com.android.server.wm.InsetsStateController.onRequestedVisibleTypesChanged:20 com.android.server.wm.InsetsPolicy.onRequestedVisibleTypesChanged:3 com.android.server.wm.Session.updateRequestedVisibleTypes:30 android.view.IWindowSession$Stub.onTransact:1244 com.android.server.wm.Session.onTransact:1 android.os.Binder.execTransactInternal:1541 android.os.Binder.execTransact:1480 <bottom of call stack> 
05-27 17:18:44.331  1493  6569 D WindowManager: updateSystemBarAttributes: displayId=0, focusedCanBeNavColorWin=false, win=Window{d6017fd u0 org.supersploit.flappybirds/org.kivy.android.PythonActivity}, navColorWin=Window{d6017fd u0 org.supersploit.flappybirds/org.kivy.android.PythonActivity}, caller=com.android.server.wm.InsetsStateController.onRequestedVisibleTypesChanged:46 com.android.server.wm.InsetsPolicy.onRequestedVisibleTypesChanged:3 com.android.server.wm.Session.updateRequestedVisibleTypes:30 
05-27 17:18:44.334  1493  6569 D WindowManager: updateSystemBarAttributes: displayId=0, focusedCanBeNavColorWin=false, win=Window{d6017fd u0 org.supersploit.flappybirds/org.kivy.android.PythonActivity}, navColorWin=null, caller=com.android.server.wm.DisplayPolicy.finishPostLayoutPolicyLw:17 com.android.server.wm.RootWindowContainer.applySurfaceChangesTransaction$1:194 com.android.server.wm.RootWindowContainer.performSurfacePlacementNoTrace:61 
05-27 17:18:44.829  1493  1658 D SGM:GameManager: identifyForegroundApp. org.supersploit.flappybirds, mCurrentUserId: 0, callerUserId: 0
05-27 17:18:46.778  1493  3839 D FreecessController: org.supersploit.flappybirds(10381) is important[12]
05-27 17:18:51.779  1493  3839 D FreecessController: org.supersploit.flappybirds(10381) is important[12]
05-27 17:18:56.781  1493  3839 D FreecessController: org.supersploit.flappybirds(10381) is important[12]
05-27 17:19:01.782  1493  3839 D FreecessController: org.supersploit.flappybirds(10381) is important[12]
05-27 17:19:06.783  1493  3839 D FreecessController: org.supersploit.flappybirds(10381) is important[12]
05-27 17:19:11.786  1493  3839 D FreecessController: org.supersploit.flappybirds(10381) is important[12]
05-27 17:19:16.789  1493  3839 D FreecessController: org.supersploit.flappybirds(10381) is important[12]
05-27 17:19:21.794  1493  3839 D FreecessController: org.supersploit.flappybirds(10381) is important[12]
05-27 17:19:25.678  1493  1990 D ActivityTaskManager: scheduleTopResumedActivityChanged, onTop=false, r=ActivityRecord{d96a24b u0 org.supersploit.flappybirds/org.kivy.android.PythonActivity t616}, caller=com.android.server.wm.ActivityTaskSupervisor.scheduleTopResumedActivityStateLossIfNeeded:11 com.android.server.wm.ActivityTaskSupervisor.updateTopResumedActivityIfNeeded:19 com.android.server.wm.TaskFragment.setResumedActivity:29 com.android.server.wm.ActivityRecord.setState:95 com.android.server.wm.TaskFragment.startPausing$1:210 com.android.server.wm.Task$$ExternalSyntheticLambda3.accept:271 
05-27 17:19:25.693  1493  1527 D WindowManager: Changing focus from Window{d6017fd u0 org.supersploit.flappybirds/org.kivy.android.PythonActivity} to null displayId=0 Callers=com.android.server.wm.ActivityRecord.commitVisibility:204 com.android.server.wm.ActivityRecord.setVisibility:586 com.android.server.wm.ActivityRecord.makeInvisible:39 com.android.server.wm.EnsureActivitiesVisibleHelper.process:637 
05-27 17:19:25.694  1493  1527 V WindowManager: Setting visibility of Window{d6017fd u0 org.supersploit.flappybirds/org.kivy.android.PythonActivity}: false, caller=com.android.server.wm.WindowContainer.sendAppVisibilityToClients:19 com.android.server.wm.WindowToken.setClientVisible:49 com.android.server.wm.ActivityRecord.setClientVisible:8 com.android.server.wm.ActivityRecord.commitVisibility:273 com.android.server.wm.ActivityRecord.setVisibility:586 
05-27 17:19:25.696  1493  1658 D SGM:FgCheckThread: notePauseComponent(), received pkgName: org.supersploit.flappybirds, userId: 0
05-27 17:19:25.696  1493  1658 D SGM:FgCheckThread: notePauseComponent(), received pkgName: org.supersploit.flappybirds, userId: 0
05-27 17:19:25.696  1493  1658 D SGM:FgCheckThread: notifyFocusInOut(). of pkg: org.supersploit.flappybirds, type: 20, isSecGameFamily: false, userId: 0
05-27 17:19:25.697  1493  1658 D SGM:GameManager: identifyGamePackage. org.supersploit.flappybirds, mCurrentUserId: 0, callerUserId: 0, callingMethodInfo: com.samsung.android.game.SemGameManager.isGamePackage(SemGameManager.java:105)
05-27 17:19:25.697  1493  1658 D SGM:SemGameManager: isGamePackage(), pkgName=org.supersploit.flappybirds, ret=false
05-27 17:19:25.774  1493  6567 E WindowManager: win=Window{d6017fd u0 org.supersploit.flappybirds/org.kivy.android.PythonActivity} destroySurfaces: appStopped=true cleanupOnResume=false win.mWindowRemovalAllowed=false win.mRemoveOnExit=false win.mViewVisibility=4 caller=com.android.server.wm.ActivityRecord.destroySurfaces:25 com.android.server.wm.ActivityRecord.activityStopped:204 com.android.server.wm.ActivityClientController.activityStopped:95 android.app.IActivityClientController$Stub.onTransact:722 com.android.server.wm.ActivityClientController.onTransact:1 android.os.Binder.execTransactInternal:1541 android.os.Binder.execTransact:1480 
05-27 17:19:25.774  1493  6567 I WindowManager: Destroying surface Surface(name=org.supersploit.flappybirds/org.kivy.android.PythonActivity$_15086)/@0x5caec19 called by com.android.server.wm.WindowStateAnimator.destroySurface:11 com.android.server.wm.WindowStateAnimator.destroySurfaceLocked:54 com.android.server.wm.WindowState.destroySurfaceUnchecked:5 com.android.server.wm.WindowState.destroySurface:126 com.android.server.wm.ActivityRecord.destroySurfaces:25 com.android.server.wm.ActivityRecord.activityStopped:204 com.android.server.wm.ActivityClientController.activityStopped:95 android.app.IActivityClientController$Stub.onTransact:722 
05-27 17:19:25.775  1493  1658 D SGM:FgCheckThread: getForegroundApp(), foregroundPkgName=org.supersploit.flappybirds
05-27 17:19:25.775  1493  1658 D SGM:FgCheckThread: pkgName: org.supersploit.flappybirds is not in foreground
05-27 17:19:25.799  1493  6572 D InsetsSourceProvider: updateVisibility: serverVisible=true, clientVisible=true, source=InsetsSource: {dcdf0001 mType=navigationBars mFrame=[2256,0][2400,1080] mVisible=true mFlags= mSideHint=RIGHT mBoundingRects=null}, controlTarget=Window{d6017fd u0 org.supersploit.flappybirds/org.kivy.android.PythonActivity}, from=com.android.server.wm.InsetsSourceProvider.setClientVisible:8 com.android.server.wm.InsetsSourceProvider.updateClientVisibility:20 com.android.server.wm.InsetsStateController.onRequestedVisibleTypesChanged:20 com.android.server.wm.InsetsPolicy.onRequestedVisibleTypesChanged:3 com.android.server.wm.Session.updateRequestedVisibleTypes:30 android.view.IWindowSession$Stub.onTransact:1244 com.android.server.wm.Session.onTransact:1 android.os.Binder.execTransactInternal:1541 android.os.Binder.execTransact:1480 <bottom of call stack> 
05-27 17:19:25.799  1493  6572 D InsetsSourceProvider: updateVisibility: serverVisible=true, clientVisible=true, source=InsetsSource: {a21c0000 mType=statusBars mFrame=[0,0][2400,72] mVisible=true mFlags= mSideHint=TOP mBoundingRects=null}, controlTarget=Window{d6017fd u0 org.supersploit.flappybirds/org.kivy.android.PythonActivity}, from=com.android.server.wm.InsetsSourceProvider.setClientVisible:8 com.android.server.wm.InsetsSourceProvider.updateClientVisibility:20 com.android.server.wm.InsetsStateController.onRequestedVisibleTypesChanged:20 com.android.server.wm.InsetsPolicy.onRequestedVisibleTypesChanged:3 com.android.server.wm.Session.updateRequestedVisibleTypes:30 android.view.IWindowSession$Stub.onTransact:1244 com.android.server.wm.Session.onTransact:1 android.os.Binder.execTransactInternal:1541 android.os.Binder.execTransact:1480 <bottom of call stack> 
05-27 17:19:26.033  1493  6567 D WindowManager: prepareSync <SYNC_STATE_WAITING_FOR_DRAW>, mPrepareSyncSeqId=0, win=Window{d6017fd u0 org.supersploit.flappybirds/org.kivy.android.PythonActivity}
05-27 17:19:58.487  1493  1990 V WindowManager: Collecting in transition 262: ActivityRecord{d96a24b u0 org.supersploit.flappybirds/org.kivy.android.PythonActivity t616}, caller=com.android.server.wm.TransitionController.collect:7 com.android.server.wm.ActivityRecord.setVisibility:189 com.android.server.wm.TaskFragment.resumeTopActivity:1735 com.android.server.wm.Task.resumeTopActivityInnerLocked:98 com.android.server.wm.Task.resumeTopActivityUncheckedLocked:23 
05-27 17:19:58.487  1493  1990 D WindowManager: prepareSync <SYNC_STATE_WAITING_FOR_DRAW>, mPrepareSyncSeqId=0, win=Window{d6017fd u0 org.supersploit.flappybirds/org.kivy.android.PythonActivity}
05-27 17:19:58.487  1493  1990 V WindowManager: Setting visibility of Window{d6017fd u0 org.supersploit.flappybirds/org.kivy.android.PythonActivity}: true, caller=com.android.server.wm.WindowContainer.sendAppVisibilityToClients:19 com.android.server.wm.WindowToken.setClientVisible:49 com.android.server.wm.ActivityRecord.setVisibility:392 com.android.server.wm.TaskFragment.resumeTopActivity:1735 com.android.server.wm.Task.resumeTopActivityInnerLocked:98 
05-27 17:19:58.487  1493  1990 D ActivityTaskManager: scheduleTopResumedActivityChanged, onTop=true, r=ActivityRecord{d96a24b u0 org.supersploit.flappybirds/org.kivy.android.PythonActivity t616}, caller=com.android.server.wm.ActivityTaskSupervisor.updateTopResumedActivityIfNeeded:62 com.android.server.wm.TaskFragment.setResumedActivity:29 com.android.server.wm.ActivityRecord.setState:104 com.android.server.wm.TaskFragment.resumeTopActivity:1817 com.android.server.wm.Task.resumeTopActivityInnerLocked:98 com.android.server.wm.Task.resumeTopActivityUncheckedLocked:23 
05-27 17:19:58.488  1493  1990 D WindowManager: rotationForOrientation, orientationSource=ActivityRecord{d96a24b u0 org.supersploit.flappybirds/org.kivy.android.PythonActivity t616}
05-27 17:19:58.489  1493  1990 D ActivityTaskManager: applyFixedRotationTransform, r=ActivityRecord{d96a24b u0 org.supersploit.flappybirds/org.kivy.android.PythonActivity t616}, caller=com.android.server.wm.ActivityRecord.applyFixedRotationTransform:19 com.android.server.wm.DisplayContent.startFixedRotationTransform:65 com.android.server.wm.DisplayContent.setFixedRotationLaunchingApp:53 com.android.server.wm.DisplayContent.handleTopActivityLaunchingInDifferentOrientation:354 com.android.server.wm.DisplayContent.updateOrientation:64 
05-27 17:19:58.494  1493  1990 D WindowManager: setFixedRotationLaunchingAppUnchecked, rotation=1, r=ActivityRecord{d96a24b u0 org.supersploit.flappybirds/org.kivy.android.PythonActivity t616}, caller=com.android.server.wm.DisplayContent.setFixedRotationLaunchingAppUnchecked:140 com.android.server.wm.DisplayContent.setFixedRotationLaunchingApp:56 com.android.server.wm.DisplayContent.handleTopActivityLaunchingInDifferentOrientation:354 com.android.server.wm.DisplayContent.updateOrientation:64 com.android.server.wm.DisplayContent.updateOrientation:11 
05-27 17:19:58.495  1493  1990 D WindowManagerServiceExt: updateTaskbarTargetIfNeeded: cn=ComponentInfo{org.supersploit.flappybirds/org.kivy.android.PythonActivity} occludesParent=true isInSplitScreenMode=false styleFloating=false
05-27 17:19:58.499  1493  1661 D BLASTSyncEngine: SyncGroup 262:  Unfinished container: ActivityRecord{d96a24b u0 org.supersploit.flappybirds/org.kivy.android.PythonActivity t616} mSyncState=2
05-27 17:19:58.527  1493  6567 D WindowManager: makeSurface duration=1 name=org.supersploit.flappybirds/org.kivy.android.PythonActivity$_15086
05-27 17:19:58.528  1493  6567 D BLASTSyncEngine: SyncGroup 262:  Unfinished container: ActivityRecord{d96a24b u0 org.supersploit.flappybirds/org.kivy.android.PythonActivity t616} mSyncState=2
05-27 17:19:58.531  1493  6566 D BLASTSyncEngine: SyncGroup 262:  Unfinished container: ActivityRecord{d96a24b u0 org.supersploit.flappybirds/org.kivy.android.PythonActivity t616} mSyncState=2
05-27 17:19:58.549  1493  6566 D WindowManager: finishDrawingWindow: Window{d6017fd u0 org.supersploit.flappybirds/org.kivy.android.PythonActivity} mDrawState=DRAW_PENDING seqId=0
05-27 17:19:58.552  1493  1661 V WindowManager: performShowLocked: mDrawState=HAS_DRAWN in Window{d6017fd u0 org.supersploit.flappybirds/org.kivy.android.PythonActivity}
05-27 17:19:58.552  1493  1661 V WindowManager: Start calculating TransitionInfo based on participants: {ActivityRecord{d96a24b u0 org.supersploit.flappybirds/org.kivy.android.PythonActivity t616}}
05-27 17:19:58.553  1493  1661 V WindowManager:   Final targets: [Task{f982428 #616 type=standard A=10381:org.supersploit.flappybirds}, DefaultTaskDisplayArea_d0@190344442]
05-27 17:19:58.557  1493  1661 V WindowManager:         {WCT{RemoteToken{553b783 Task{f982428 #616 type=standard A=10381:org.supersploit.flappybirds}}} m=TO_FRONT f=EDGE_EXTENSION_RESTRICTION p=WCT{RemoteToken{2b5383b DefaultTaskDisplayArea_d0@190344442}} leash=Surface(name=Task=616)/@0x93b663d sb=Rect(0, 0 - 1080, 2400) eb=Rect(0, 0 - 1080, 2400) d=0 endFixedRotation=1 taskParent=-1 inset=Rect(80, 72 - 0, 0)},
05-27 17:19:58.565  1493  1643 V WindowManager:         {WCT{RemoteToken{553b783 Task{f982428 #616 type=standard A=10381:org.supersploit.flappybirds}}} m=TO_FRONT f=EDGE_EXTENSION_RESTRICTION p=WCT{RemoteToken{2b5383b DefaultTaskDisplayArea_d0@190344442}} leash=Surface(name=Task=616)/@0x93b663d sb=Rect(0, 0 - 1080, 2400) eb=Rect(0, 0 - 1080, 2400) d=0 endFixedRotation=1 taskParent=-1 inset=Rect(80, 72 - 0, 0)},
05-27 17:19:58.567  1493  1661 D InsetsSourceProvider: updateFakeControlTarget: fakeControl=InsetsSourceControl: {dcdf0001 mType=navigationBars mSurfacePosition=Point(0, 0) mInsetsHint=Insets{left=0, top=0, right=0, bottom=0}}, fakeTarget=Window{d6017fd u0 org.supersploit.flappybirds/org.kivy.android.PythonActivity}
05-27 17:19:58.567  1493  1661 D InsetsSourceProvider: updateFakeControlTarget: fakeControl=InsetsSourceControl: {a21c0000 mType=statusBars mSurfacePosition=Point(0, 0) mInsetsHint=Insets{left=0, top=0, right=0, bottom=0}}, fakeTarget=Window{d6017fd u0 org.supersploit.flappybirds/org.kivy.android.PythonActivity}
05-27 17:19:58.580  1493  6565 D WindowManager: prepareSync <SYNC_STATE_WAITING_FOR_DRAW>, mPrepareSyncSeqId=0, win=Window{d6017fd u0 org.supersploit.flappybirds/org.kivy.android.PythonActivity}
05-27 17:19:58.581  1493  6565 V WindowManager: Override sync-method for d6017fd org.supersploit.flappybirds/org.kivy.android.PythonActivity because seamless rotating, caller=com.android.server.wm.DisplayContent.requestChangeTransition:110 com.android.server.wm.DisplayRotation.updateRotationUnchecked:843 com.android.server.wm.DisplayRotation.updateOrientation:25 com.android.server.wm.DisplayContent.continueUpdateOrientationForDiffOrienLaunchingApp:61 com.android.server.wm.DisplayContent$FixedRotationTransitionListener.onAppTransitionFinishedLocked:329 
05-27 17:19:58.583  5706  5844 I SDHMS:l : handleResumeComponent : put = org.supersploit.flappybirds, userid = 0 instanceid =230409537
05-27 17:19:58.588  1493  1658 D SGM:FgCheckThread: noteResumeComponent(), received pkgName: org.supersploit.flappybirds, userId: 0
05-27 17:19:58.588  1493  2555 D SGM:FgCheckThread: onLooperPrepared(), msg: MSG_APP_RESUME, pkgName: org.supersploit.flappybirds, userid: 0
05-27 17:19:58.588  1493  2555 D SGM:FgCheckThread:   handleResume(). pkgName: org.supersploit.flappybirds, userId: 0, category: non-game
05-27 17:19:58.589  1493  2555 D SGM:FgCheckThread: notifyFocusInOut(). of pkg: org.supersploit.flappybirds, type: 4, isSecGameFamily: false, userId: 0
05-27 17:19:58.643  1493  1658 V WindowManager: Collecting in transition 263: Task{f982428 #616 type=standard A=10381:org.supersploit.flappybirds}, caller=com.android.server.wm.TransitionController$$ExternalSyntheticLambda2.accept:34 com.android.server.wm.Task.forAllLeafTasks:6 com.android.server.wm.WindowContainer.forAllLeafTasks:4 com.android.server.wm.DisplayArea.forAllLeafTasks:4 com.android.server.wm.WindowContainer.forAllLeafTasks:4 
05-27 17:19:58.643  1493  1658 V WindowManager: Collecting in transition 263: ActivityRecord{d96a24b u0 org.supersploit.flappybirds/org.kivy.android.PythonActivity t616}, caller=com.android.server.wm.TransitionController$$ExternalSyntheticLambda2.accept:21 com.android.server.wm.ActivityRecord.forAllActivities:2 com.android.server.wm.WindowContainer.forAllActivities:8 com.android.server.wm.WindowContainer.forAllActivities:6 com.android.server.wm.TransitionController$$ExternalSyntheticLambda2.accept:113 
05-27 17:19:58.651  1493  3013 D WindowManager: Changing focus from Window{cd410f7 u0 NotificationShade} to Window{d6017fd u0 org.supersploit.flappybirds/org.kivy.android.PythonActivity} displayId=0 Callers=com.android.server.wm.WindowManagerService.relayoutWindowInner:142 com.android.server.wm.WindowManagerService.relayoutWindow:6 com.android.server.wm.Session.relayout:27 com.android.server.wm.Session.relayoutAsync:26 
05-27 17:19:58.652  1493  3013 D InsetsSourceProvider: updateControlForTarget: control=InsetsSourceControl: {dcdf0001 mType=navigationBars initiallyVisible mSurfacePosition=Point(0, 2256) mInsetsHint=Insets{left=0, top=0, right=144, bottom=0}}, target=Window{d6017fd u0 org.supersploit.flappybirds/org.kivy.android.PythonActivity}, from=com.android.server.wm.InsetsStateController.onControlTargetChanged:81 com.android.server.wm.InsetsPolicy.updateBarControlTarget:188 com.android.server.wm.DisplayPolicy.updateSystemBarAttributes:281 com.android.server.wm.WindowManagerService.updateFocusedWindowLocked:375 com.android.server.wm.WindowManagerService.relayoutWindowInner:142 
05-27 17:19:58.653  1493  3013 D InsetsSourceProvider: updateControlForTarget: control=InsetsSourceControl: {a21c0000 mType=statusBars mSurfacePosition=Point(0, 0) mInsetsHint=Insets{left=0, top=72, right=0, bottom=0}}, target=Window{d6017fd u0 org.supersploit.flappybirds/org.kivy.android.PythonActivity}, from=com.android.server.wm.InsetsStateController.onControlTargetChanged:81 com.android.server.wm.InsetsPolicy.updateBarControlTarget:175 com.android.server.wm.DisplayPolicy.updateSystemBarAttributes:281 com.android.server.wm.WindowManagerService.updateFocusedWindowLocked:375 com.android.server.wm.WindowManagerService.relayoutWindowInner:142 
05-27 17:19:58.653  1493  3013 D WindowManager: updateSystemBarAttributes: displayId=0, focusedCanBeNavColorWin=false, win=Window{d6017fd u0 org.supersploit.flappybirds/org.kivy.android.PythonActivity}, navColorWin=Window{d6017fd u0 org.supersploit.flappybirds/org.kivy.android.PythonActivity}, caller=com.android.server.wm.WindowManagerService.updateFocusedWindowLocked:375 com.android.server.wm.WindowManagerService.relayoutWindowInner:142 com.android.server.wm.WindowManagerService.relayoutWindow:6 
05-27 17:19:58.653  1493  3013 V SystemKeyManager: updateFocusedWindow() is called, org.supersploit.flappybirds/org.kivy.android.PythonActivity
05-27 17:19:58.657  1493  1661 D InsetsSourceProvider: updateVisibility: serverVisible=true, clientVisible=true, source=InsetsSource: {a21c0000 mType=statusBars mFrame=[0,0][2400,72] mVisible=true mFlags= mSideHint=TOP mBoundingRects=null}, controlTarget=Window{d6017fd u0 org.supersploit.flappybirds/org.kivy.android.PythonActivity}, from=com.android.server.wm.InsetsSourceProvider.setClientVisible:8 com.android.server.wm.InsetsSourceProvider.updateClientVisibility:20 com.android.server.wm.InsetsStateController.onRequestedVisibleTypesChanged:20 com.android.server.wm.InsetsStateController$$ExternalSyntheticLambda0.run:87 com.android.server.wm.WindowAnimator.animate:469 com.android.server.wm.WindowAnimator$$ExternalSyntheticLambda1.doFrame:14 android.view.Choreographer$CallbackRecord.run:1749 android.view.Choreographer$CallbackRecord.run:1760 android.view.Choreographer.doCallbacks:1216 android.view.Choreographer.doFrame:1132 
05-27 17:19:58.662  1493  2638 D MdnieScenarioControlService:  packageName : org.supersploit.flappybirds    className : org.kivy.android.PythonActivity
05-27 17:19:58.663  1493  2555 D SGM:FgCheckThread: handleLcdOn(). getPkgName: org.supersploit.flappybirds, getUserId: 0
05-27 17:19:58.913  1493  1661 V WindowManager: Start calculating TransitionInfo based on participants: {Display{#0 state=ON size=2400x1080 ROTATION_90}, ActivityRecord{d96a24b u0 org.supersploit.flappybirds/org.kivy.android.PythonActivity t616}, WindowToken{f42ae1b type=2040 android.os.BinderProxy@270e515}, Task{f982428 #616 type=standard A=10381:org.supersploit.flappybirds}}
05-27 17:19:58.913  1493  1661 V WindowManager:   Final targets: [WindowToken{f42ae1b type=2040 android.os.BinderProxy@270e515}, Task{f982428 #616 type=standard A=10381:org.supersploit.flappybirds}, DefaultTaskDisplayArea_d0@190344442, Display{#0 state=ON size=2400x1080 ROTATION_90}]
05-27 17:19:58.915  1493  1661 V WindowManager:         {WCT{RemoteToken{553b783 Task{f982428 #616 type=standard A=10381:org.supersploit.flappybirds}}} m=CHANGE f=EDGE_EXTENSION_RESTRICTION p=WCT{RemoteToken{2b5383b DefaultTaskDisplayArea_d0@190344442}} leash=Surface(name=Task=616)/@0x93b663d sb=Rect(0, 0 - 1080, 2400) eb=Rect(0, 0 - 2400, 1080) d=0 r=0->1:0 taskParent=-1 inset=Rect(80, 72 - 144, 0)},
05-27 17:19:58.917  1493  1643 V WindowManager:         {WCT{RemoteToken{553b783 Task{f982428 #616 type=standard A=10381:org.supersploit.flappybirds}}} m=CHANGE f=EDGE_EXTENSION_RESTRICTION p=WCT{RemoteToken{2b5383b DefaultTaskDisplayArea_d0@190344442}} leash=Surface(name=Task=616)/@0x93b663d sb=Rect(0, 0 - 1080, 2400) eb=Rect(0, 0 - 2400, 1080) d=0 r=0->1:0 taskParent=-1 inset=Rect(80, 72 - 144, 0)},
05-27 17:19:58.929  1493  3035 D WindowManager: rotationForOrientation, orientationSource=ActivityRecord{d96a24b u0 org.supersploit.flappybirds/org.kivy.android.PythonActivity t616}
05-27 17:19:59.338  1493  6570 D InsetsSourceProvider: updateVisibility: serverVisible=true, clientVisible=false, source=InsetsSource: {dcdf0001 mType=navigationBars mFrame=[2256,0][2400,1080] mVisible=false mFlags= mSideHint=RIGHT mBoundingRects=null}, controlTarget=Window{d6017fd u0 org.supersploit.flappybirds/org.kivy.android.PythonActivity}, from=com.android.server.wm.InsetsSourceProvider.setClientVisible:8 com.android.server.wm.InsetsSourceProvider.updateClientVisibility:20 com.android.server.wm.InsetsStateController.onRequestedVisibleTypesChanged:20 com.android.server.wm.InsetsPolicy.onRequestedVisibleTypesChanged:3 com.android.server.wm.Session.updateRequestedVisibleTypes:30 android.view.IWindowSession$Stub.onTransact:1244 com.android.server.wm.Session.onTransact:1 android.os.Binder.execTransactInternal:1541 android.os.Binder.execTransact:1480 <bottom of call stack> 
05-27 17:19:59.339  1493  6570 D InsetsSourceProvider: updateVisibility: serverVisible=true, clientVisible=false, source=InsetsSource: {a21c0000 mType=statusBars mFrame=[0,0][2400,72] mVisible=false mFlags= mSideHint=TOP mBoundingRects=null}, controlTarget=Window{d6017fd u0 org.supersploit.flappybirds/org.kivy.android.PythonActivity}, from=com.android.server.wm.InsetsSourceProvider.setClientVisible:8 com.android.server.wm.InsetsSourceProvider.updateClientVisibility:20 com.android.server.wm.InsetsStateController.onRequestedVisibleTypesChanged:20 com.android.server.wm.InsetsPolicy.onRequestedVisibleTypesChanged:3 com.android.server.wm.Session.updateRequestedVisibleTypes:30 android.view.IWindowSession$Stub.onTransact:1244 com.android.server.wm.Session.onTransact:1 android.os.Binder.execTransactInternal:1541 android.os.Binder.execTransact:1480 <bottom of call stack> 
05-27 17:19:59.343  1493  6570 D WindowManager: updateSystemBarAttributes: displayId=0, focusedCanBeNavColorWin=false, win=Window{d6017fd u0 org.supersploit.flappybirds/org.kivy.android.PythonActivity}, navColorWin=Window{d6017fd u0 org.supersploit.flappybirds/org.kivy.android.PythonActivity}, caller=com.android.server.wm.InsetsStateController.onRequestedVisibleTypesChanged:46 com.android.server.wm.InsetsPolicy.onRequestedVisibleTypesChanged:3 com.android.server.wm.Session.updateRequestedVisibleTypes:30 
05-27 17:19:59.347  1493  6570 D WindowManager: updateSystemBarAttributes: displayId=0, focusedCanBeNavColorWin=false, win=Window{d6017fd u0 org.supersploit.flappybirds/org.kivy.android.PythonActivity}, navColorWin=null, caller=com.android.server.wm.DisplayPolicy.finishPostLayoutPolicyLw:17 com.android.server.wm.RootWindowContainer.applySurfaceChangesTransaction$1:194 com.android.server.wm.RootWindowContainer.performSurfacePlacementNoTrace:61 
05-27 17:19:59.854  1493  1658 D SGM:GameManager: identifyForegroundApp. org.supersploit.flappybirds, mCurrentUserId: 0, callerUserId: 0
05-27 17:20:05.373  1493  1646 D WindowManager: requestTransientBars: swipeTarget=Window{70c348b u0 NavigationBar0}, controlTarget=Window{d6017fd u0 org.supersploit.flappybirds/org.kivy.android.PythonActivity}, canShowTransient=true, restorePositionTypes=0x0, from=com.android.server.wm.DisplayPolicy$1.onSwipeFromRight:78 com.android.server.wm.SystemGesturesPointerEventListener.onPointerEvent:581 
05-27 17:20:05.377  1493  1646 D InsetsSourceProvider: updateFakeControlTarget: fakeControl=InsetsSourceControl: {dcdf0001 mType=navigationBars mSurfacePosition=Point(0, 0) mInsetsHint=Insets{left=0, top=0, right=0, bottom=0}}, fakeTarget=Window{d6017fd u0 org.supersploit.flappybirds/org.kivy.android.PythonActivity}
05-27 17:20:05.379  1493  1646 D InsetsSourceProvider: updateFakeControlTarget: fakeControl=InsetsSourceControl: {a21c0000 mType=statusBars mSurfacePosition=Point(0, 0) mInsetsHint=Insets{left=0, top=0, right=0, bottom=0}}, fakeTarget=Window{d6017fd u0 org.supersploit.flappybirds/org.kivy.android.PythonActivity}
05-27 17:20:06.689  1493  1646 D ActivityTaskManager: scheduleTopResumedActivityChanged, onTop=false, r=ActivityRecord{d96a24b u0 org.supersploit.flappybirds/org.kivy.android.PythonActivity t616}, caller=com.android.server.wm.ActivityTaskSupervisor.scheduleTopResumedActivityStateLossIfNeeded:11 com.android.server.wm.ActivityTaskSupervisor.updateTopResumedActivityIfNeeded:19 com.android.server.wm.TaskDisplayArea.positionChildAt:270 com.android.server.wm.WindowContainer.positionChildAt:86 com.android.server.wm.Task.positionChildAt:19 com.android.server.wm.Task.moveToFront:443 
05-27 17:20:06.690  1493  1646 V WindowManager: Collecting in transition 264: ActivityRecord{d96a24b u0 org.supersploit.flappybirds/org.kivy.android.PythonActivity t616}, caller=com.android.server.wm.TransitionController.collect:7 com.android.server.wm.ActivityRecord.setVisibility:189 com.android.server.wm.ActivityRecord.makeInvisible:39 com.android.server.wm.EnsureActivitiesVisibleHelper.process:637 com.android.server.wm.TaskFragment.updateActivityVisibilities:12 
05-27 17:20:06.690  1493  1646 D WindowManager: prepareSync <SYNC_STATE_WAITING_FOR_DRAW>, mPrepareSyncSeqId=0, win=Window{d6017fd u0 org.supersploit.flappybirds/org.kivy.android.PythonActivity}
05-27 17:20:06.692  1493  1646 D WindowManager: Changing focus from Window{d6017fd u0 org.supersploit.flappybirds/org.kivy.android.PythonActivity} to null displayId=0 Callers=com.android.server.wm.ActivityTaskManagerService.setLastResumedActivityUncheckLocked:264 com.android.server.wm.ActivityTaskSupervisor.updateTopResumedActivityIfNeeded:50 com.android.server.wm.TaskFragment.setResumedActivity:29 com.android.server.wm.ActivityRecord.setState:104 
05-27 17:20:06.704  1493  1658 D SGM:FgCheckThread: notePauseComponent(), received pkgName: org.supersploit.flappybirds, userId: 0
05-27 17:20:06.704  1493  1658 D SGM:FgCheckThread: notePauseComponent(), received pkgName: org.supersploit.flappybirds, userId: 0
05-27 17:20:06.704  1493  1658 D SGM:FgCheckThread: notifyFocusInOut(). of pkg: org.supersploit.flappybirds, type: 20, isSecGameFamily: false, userId: 0
05-27 17:20:06.711  1493  1658 D SGM:GameManager: identifyGamePackage. org.supersploit.flappybirds, mCurrentUserId: 0, callerUserId: 0, callingMethodInfo: com.samsung.android.game.SemGameManager.isGamePackage(SemGameManager.java:105)
05-27 17:20:06.711  1493  1658 D SGM:SemGameManager: isGamePackage(), pkgName=org.supersploit.flappybirds, ret=false
05-27 17:20:06.764  1493  1661 V WindowManager: Start calculating TransitionInfo based on participants: {WallpaperWindowToken{1ac0cda token=android.os.Binder@aaed685}_<system>, ActivityRecord{2cd46ef u0 com.sec.android.app.launcher/.activities.LauncherActivity t-1}, Task{4472011 #1 type=home}, ActivityRecord{81360a6 u0 com.sec.android.app.launcher/.activities.LauncherActivity t560}, ActivityRecord{d96a24b u0 org.supersploit.flappybirds/org.kivy.android.PythonActivity t616}, Task{e16eae7 #560 type=home I=com.sec.android.app.launcher/.activities.LauncherActivity}}
05-27 17:20:06.764  1493  1661 V WindowManager:   Final targets: [Task{4472011 #1 type=home}, Task{f982428 #616 type=standard A=10381:org.supersploit.flappybirds}, WallpaperWindowToken{1ac0cda token=android.os.Binder@aaed685}_<system>]
05-27 17:20:06.771  1493  1661 V WindowManager:         {WCT{RemoteToken{553b783 Task{f982428 #616 type=standard A=10381:org.supersploit.flappybirds}}} m=TO_BACK f=EDGE_EXTENSION_RESTRICTION leash=Surface(name=Task=616)/@0x93b663d sb=Rect(0, 0 - 2400, 1080) eb=Rect(0, 0 - 2400, 1080) d=0 taskParent=-1 inset=Rect(80, 0 - 0, 0)},
05-27 17:20:06.789  1493  1643 V WindowManager:         {WCT{RemoteToken{553b783 Task{f982428 #616 type=standard A=10381:org.supersploit.flappybirds}}} m=TO_BACK f=EDGE_EXTENSION_RESTRICTION leash=Surface(name=Task=616)/@0x93b663d sb=Rect(0, 0 - 2400, 1080) eb=Rect(0, 0 - 2400, 1080) d=0 taskParent=-1 inset=Rect(80, 0 - 0, 0)},
05-27 17:20:07.158  1493  6565 V WindowManager: Setting visibility of Window{d6017fd u0 org.supersploit.flappybirds/org.kivy.android.PythonActivity}: false, caller=com.android.server.wm.WindowContainer.sendAppVisibilityToClients:19 com.android.server.wm.WindowToken.setClientVisible:49 com.android.server.wm.ActivityRecord.setClientVisible:8 com.android.server.wm.ActivityRecord.commitVisibility:273 com.android.server.wm.TransitionController.finishTransition:766 
05-27 17:20:07.160  1493  6565 D WindowManager: prepareSync <SYNC_STATE_WAITING_FOR_DRAW>, mPrepareSyncSeqId=0, win=Window{d6017fd u0 org.supersploit.flappybirds/org.kivy.android.PythonActivity}
05-27 17:20:07.307  1493  1658 D SGM:FgCheckThread: pkgName: org.supersploit.flappybirds is not in foreground
05-27 17:20:07.307  1493  1658 D SGM:FgCheckThread: noteStopComponent(), received pkgName: org.supersploit.flappybirds, focusedPkgName: com.sec.android.app.launcher, userId: 0
05-27 17:20:07.307  1493  6567 E WindowManager: win=Window{d6017fd u0 org.supersploit.flappybirds/org.kivy.android.PythonActivity} destroySurfaces: appStopped=true cleanupOnResume=false win.mWindowRemovalAllowed=false win.mRemoveOnExit=false win.mViewVisibility=8 caller=com.android.server.wm.ActivityRecord.destroySurfaces:25 com.android.server.wm.ActivityRecord.activityStopped:204 com.android.server.wm.ActivityClientController.activityStopped:95 android.app.IActivityClientController$Stub.onTransact:722 com.android.server.wm.ActivityClientController.onTransact:1 android.os.Binder.execTransactInternal:1541 android.os.Binder.execTransact:1480 
05-27 17:20:07.307  1493  6567 I WindowManager: Destroying surface Surface(name=org.supersploit.flappybirds/org.kivy.android.PythonActivity$_15086)/@0x7344607 called by com.android.server.wm.WindowStateAnimator.destroySurface:11 com.android.server.wm.WindowStateAnimator.destroySurfaceLocked:54 com.android.server.wm.WindowState.destroySurfaceUnchecked:5 com.android.server.wm.WindowState.destroySurface:126 com.android.server.wm.ActivityRecord.destroySurfaces:25 com.android.server.wm.ActivityRecord.activityStopped:204 com.android.server.wm.ActivityClientController.activityStopped:95 android.app.IActivityClientController$Stub.onTransact:722 
05-27 17:20:12.152  1493  2459 I Pageboost: start alp : org.supersploit.flappybirds
05-27 17:20:12.153  1493  2845 I Pageboost: alp skip : org.supersploit.flappybirds , 2
05-27 17:20:12.175  2862  2985 D ShellStartingWindow: preload Icon org.supersploit.flappybirds
05-27 17:20:12.236  1493  6522 I Pageboost: onAppLaunch : org.supersploit.flappybirds
05-27 17:20:12.243  1493  6522 V WindowManager: Collecting in transition 266: ActivityRecord{be40313 u0 org.supersploit.flappybirds/org.kivy.android.PythonActivity, caller=com.android.server.wm.TransitionController.collect:7 com.android.server.wm.ActivityStarter.startActivityUnchecked:626 com.android.server.wm.ActivityStarter.executeRequest:3365 com.android.server.wm.ActivityStarter.execute:1122 com.android.server.wm.ActivityTaskManagerService.startActivityAsUser:88 
05-27 17:20:12.243  1493  6522 D ActivityTaskManager: TaskLaunchParamsModifier:task=null activity=ActivityRecord{be40313 u0 org.supersploit.flappybirds/org.kivy.android.PythonActivity t-1} display-from-option=0 display-id=0 task-display-area-windowing-mode=1 suggested-display-area=DefaultTaskDisplayArea_d0@190344442
05-27 17:20:12.243  1493  6522 D ActivityTaskManager: TaskLaunchParamsModifier:task=Task{f982428 #616 type=standard A=10381:org.supersploit.flappybirds} activity=ActivityRecord{be40313 u0 org.supersploit.flappybirds/org.kivy.android.PythonActivity t-1} display-from-option=0 display-id=0 task-display-area-windowing-mode=1 suggested-display-area=DefaultTaskDisplayArea_d0@190344442 inherit-from-source=fullscreen non-freeform-task-display-area display-area=DefaultTaskDisplayArea_d0@190344442 activity-requested-landscape freeform-size-mismatch=Rect(81, 568 - 999, 1768)
05-27 17:20:12.243  1493  6522 V WindowManager: Collecting in transition 266: ActivityRecord{d96a24b u0 org.supersploit.flappybirds/org.kivy.android.PythonActivity t616}, caller=com.android.server.wm.TransitionController.collect:7 com.android.server.wm.ActivityStarter.startActivityInner:1923 com.android.server.wm.ActivityStarter.startActivityUnchecked:639 com.android.server.wm.ActivityStarter.executeRequest:3365 com.android.server.wm.ActivityStarter.execute:1122 
05-27 17:20:12.243  1493  6522 D WindowManager: prepareSync <SYNC_STATE_WAITING_FOR_DRAW>, mPrepareSyncSeqId=0, win=Window{d6017fd u0 org.supersploit.flappybirds/org.kivy.android.PythonActivity}
05-27 17:20:12.243  1493  6522 I Pageboost: moveTaskToFront : 10381:org.supersploit.flappybirds
05-27 17:20:12.244  1493  6522 V WindowManager: Add starting ActivityRecord{d96a24b u0 org.supersploit.flappybirds/org.kivy.android.PythonActivity t616}: startingData=SnapshotStartingData{640c749 waitForSyncTransactionCommit=false removeAfterTransaction= 0}
05-27 17:20:12.245  1493  6522 D ActivityTaskManager: applyFixedRotationTransform, r=ActivityRecord{d96a24b u0 org.supersploit.flappybirds/org.kivy.android.PythonActivity t616}, caller=com.android.server.wm.ActivityRecord.applyFixedRotationTransform:19 com.android.server.wm.DisplayContent.startFixedRotationTransform:65 com.android.server.wm.DisplayContent.setFixedRotationLaunchingApp:53 com.android.server.wm.DisplayContent.handleTopActivityLaunchingInDifferentOrientation:354 com.android.server.wm.SnapshotStartingData.createStartingSurface:81 
05-27 17:20:12.247  1493  6522 D WindowManager: setFixedRotationLaunchingAppUnchecked, rotation=1, r=ActivityRecord{d96a24b u0 org.supersploit.flappybirds/org.kivy.android.PythonActivity t616}, caller=com.android.server.wm.DisplayContent.setFixedRotationLaunchingAppUnchecked:140 com.android.server.wm.DisplayContent.setFixedRotationLaunchingApp:56 com.android.server.wm.DisplayContent.handleTopActivityLaunchingInDifferentOrientation:354 com.android.server.wm.SnapshotStartingData.createStartingSurface:81 com.android.server.wm.ActivityRecord.scheduleAddStartingWindow:37 
05-27 17:20:12.248  1493  6522 V WindowManager: Added starting ActivityRecord{d96a24b u0 org.supersploit.flappybirds/org.kivy.android.PythonActivity t616}: startingWindow=null startingView=com.android.server.wm.StartingSurfaceController$StartingSurface@3aaf268
05-27 17:20:12.249  1493  6522 V WindowManager: Collecting in transition 266: ActivityRecord{be40313 u0 org.supersploit.flappybirds/org.kivy.android.PythonActivity t-1}, caller=com.android.server.wm.Transition.collectExistenceChange:42 com.android.server.wm.ActivityStarter.handleStartResult:523 com.android.server.wm.ActivityStarter.startActivityUnchecked:653 com.android.server.wm.ActivityStarter.executeRequest:3365 com.android.server.wm.ActivityStarter.execute:1122 
05-27 17:20:12.250  1493  6522 I ActivityTaskManager: START u0 {act=android.intent.action.MAIN cat=[android.intent.category.LAUNCHER] flg=0x10200000 cmp=org.supersploit.flappybirds/org.kivy.android.PythonActivity bnds=[638,803][837,1089]} with LAUNCH_SINGLE_TASK from uid 10135 (BAL_ALLOW_VISIBLE_WINDOW) result code=2
05-27 17:20:12.250  2862  2928 V WindowManagerShell: Transition requested (#266): android.os.BinderProxy@a9fdf9 TransitionRequestInfo { type = OPEN, triggerTask = TaskInfo{userId=0 taskId=616 displayId=0 isRunning=true baseIntent=Intent { act=android.intent.action.MAIN cat=[android.intent.category.LAUNCHER] flg=0x10200000 cmp=org.supersploit.flappybirds/org.kivy.android.PythonActivity } baseActivity=ComponentInfo{org.supersploit.flappybirds/org.kivy.android.PythonActivity} topActivity=ComponentInfo{org.supersploit.flappybirds/org.kivy.android.PythonActivity} origActivity=null realActivity=ComponentInfo{org.supersploit.flappybirds/org.kivy.android.PythonActivity} numActivities=1 lastActiveTime=14556601 supportsMultiWindow=true resizeMode=1 isResizeable=true minWidth=-1 minHeight=-1 maxWidth=-1 maxHeight=-1 defaultMinSize=220 token=WCT{android.window.IWindowContainerToken$Stub$Proxy@b59313e} topActivityType=1 pictureInPictureParams=null shouldDockBigOverlays=false launchIntoPipHostTaskId=-1 lastParentTaskIdBeforePip=-1 displayCutoutSafeInsets=Rect(0, 80 - 0, 0) topActivityInfo=ActivityInfo{5ef0b9f org.kivy.android.PythonActivity} launchCookies=[android.os.BinderProxy@84c94ec] positionInParent=Point(0, 0) parentTaskId=-1 isFocused=false isVisible=false isVisibleRequested=false isSleeping=false topActivityInSizeCompat=false locusId=null displayAreaFeatureId=1 isTopActivityTransparent=false isTopActivityStyleFloating=false appCompatTaskInfo=AppCompatTaskInfo { topActivityInSizeCompat=false eligibleForLetterboxEducation= false isLetterboxEducationEnabled= false isLetterboxDoubleTapEnabled= false eligibleForUserAspectRatioButton= false topActivityBoundsLetterboxed= false isFromLetterboxDoubleTap= false topActivityLetterboxVerticalPosition= -1 topActivityLetterboxHorizontalPosition= -1 topActivityLetterboxWidth=2400 topActivityLetterboxHeight=1080 topActivityLetterboxAppWidth=2176 topActivityLetterboxAppHeight=1080 isUserFullscreenOverrideEnabled=false isSystemFullscreenOverrideEnabled=false hasMinAspectRatioOverride=false cameraCompatTaskInfo=CameraCompatTaskInfo { freeformCameraCompatMode=inactive} topActivityBounds=null topActivityInDisplayCompat=false} originallySupportedMultiWindow=true hasWallpaper=false rootAffinity=10381:org.supersploit.flappybirds isTopTaskInStage=false topActivityUiMode=33 CoverLauncherWidgetTask=false isAllowedSeamlessRotation=false isTopTransparentActivity=false snappingGuideBounds=Rect(81, 568 - 999, 1768) isAliasManaged=false hasConfigChanged=false isAiKeyRemoveAppTask=false}, pipTask = null, remoteTransition = RemoteTransition { remoteTransition = android.window.IRemoteTransition$Stub$Proxy@88380b5, appThread = android.app.IApplicationThread$Stub$Proxy@233234a, debugName = QuickstepLaunchflags =NONE }, displayChange = null, flags = 0, debugId = 266 }
05-27 17:20:12.252  1493  2459 V WindowManager: addWindow: ActivityRecord{d96a24b u0 org.supersploit.flappybirds/org.kivy.android.PythonActivity t616} startingWindow=Window{9c1326 u0 SnapshotStartingWindow for taskId=616}
05-27 17:20:12.260  1493  2459 V WindowManager: Collecting in transition 266: ActivityRecord{d96a24b u0 org.supersploit.flappybirds/org.kivy.android.PythonActivity t616}, caller=com.android.server.wm.TransitionController.collect:7 com.android.server.wm.ActivityRecord.setVisibility:189 com.android.server.wm.TaskFragment.resumeTopActivity:1735 com.android.server.wm.Task.resumeTopActivityInnerLocked:98 com.android.server.wm.Task.resumeTopActivityUncheckedLocked:23 
05-27 17:20:12.260  1493  2459 V WindowManager: Setting visibility of Window{d6017fd u0 org.supersploit.flappybirds/org.kivy.android.PythonActivity}: true, caller=com.android.server.wm.WindowContainer.sendAppVisibilityToClients:19 com.android.server.wm.WindowToken.setClientVisible:49 com.android.server.wm.ActivityRecord.setVisibility:392 com.android.server.wm.TaskFragment.resumeTopActivity:1735 com.android.server.wm.Task.resumeTopActivityInnerLocked:98 
05-27 17:20:12.260  1493  2459 D SGM:FgCheckThread:   sendRunningComponentFocus(), pkgName: org.supersploit.flappybirds, userId: 0
05-27 17:20:12.260  1493  2555 D SGM:FgCheckThread: onLooperPrepared(), msg: MSG_TASK_FOCUSED, pkgName: org.supersploit.flappybirds, userId: 0
05-27 17:20:12.261  2862  2928 D WindowManagerShell: onActivityRestartAttempt: ComponentInfo{org.supersploit.flappybirds/org.kivy.android.PythonActivity}
05-27 17:20:12.261  1493  2555 D SGM:FgCheckThread:   handleTaskFocused(), pkgName: org.supersploit.flappybirds, userID:0 mResumedPkgMap does not containsKey.
