05-27 17:24:29.455  1493  1658 D SGM:FgCheckThread: noteStopComponent(), received pkgName: org.supersploit.flappybirds, focusedPkgName: com.sec.android.app.launcher, userId: 0
05-27 17:24:30.879  1493  1527 I Pageboost: start alp : org.supersploit.flappybirds
05-27 17:24:30.881  1493  2845 I Pageboost: alp skip : org.supersploit.flappybirds , 2
05-27 17:24:30.897  2862  2985 D ShellStartingWindow: preload Icon org.supersploit.flappybirds
05-27 17:24:30.949  1493  4563 I Pageboost: onAppLaunch : org.supersploit.flappybirds
05-27 17:24:30.953  1493  4563 V WindowManager: Collecting in transition 287: ActivityRecord{92e27f9 u0 org.supersploit.flappybirds/org.kivy.android.PythonActivity, caller=com.android.server.wm.TransitionController.collect:7 com.android.server.wm.ActivityStarter.startActivityUnchecked:626 com.android.server.wm.ActivityStarter.executeRequest:3365 com.android.server.wm.ActivityStarter.execute:1122 com.android.server.wm.ActivityTaskManagerService.startActivityAsUser:88 
05-27 17:24:30.953  1493  4563 D ActivityTaskManager: TaskLaunchParamsModifier:task=null activity=ActivityRecord{92e27f9 u0 org.supersploit.flappybirds/org.kivy.android.PythonActivity t-1} display-from-option=0 display-id=0 task-display-area-windowing-mode=1 suggested-display-area=DefaultTaskDisplayArea_d0@190344442
05-27 17:24:30.953  1493  4563 D ActivityTaskManager: TaskLaunchParamsModifier:task=Task{f982428 #616 type=standard A=10381:org.supersploit.flappybirds} activity=ActivityRecord{92e27f9 u0 org.supersploit.flappybirds/org.kivy.android.PythonActivity t-1} display-from-option=0 display-id=0 task-display-area-windowing-mode=1 suggested-display-area=DefaultTaskDisplayArea_d0@190344442 inherit-from-source=fullscreen non-freeform-task-display-area display-area=DefaultTaskDisplayArea_d0@190344442 activity-requested-landscape freeform-size-mismatch=Rect(81, 568 - 999, 1768)
05-27 17:24:30.954  1493  4563 V WindowManager: Collecting in transition 287: ActivityRecord{d96a24b u0 org.supersploit.flappybirds/org.kivy.android.PythonActivity t616}, caller=com.android.server.wm.TransitionController.collect:7 com.android.server.wm.ActivityStarter.startActivityInner:1923 com.android.server.wm.ActivityStarter.startActivityUnchecked:639 com.android.server.wm.ActivityStarter.executeRequest:3365 com.android.server.wm.ActivityStarter.execute:1122 
05-27 17:24:30.954  1493  4563 D WindowManager: prepareSync <SYNC_STATE_WAITING_FOR_DRAW>, mPrepareSyncSeqId=0, win=Window{d6017fd u0 org.supersploit.flappybirds/org.kivy.android.PythonActivity}
05-27 17:24:30.954  1493  4563 I Pageboost: moveTaskToFront : 10381:org.supersploit.flappybirds
05-27 17:24:30.955  1493  4563 V WindowManager: Add starting ActivityRecord{d96a24b u0 org.supersploit.flappybirds/org.kivy.android.PythonActivity t616}: startingData=SnapshotStartingData{968459f waitForSyncTransactionCommit=false removeAfterTransaction= 0}
05-27 17:24:30.955  1493  4563 D ActivityTaskManager: applyFixedRotationTransform, r=ActivityRecord{d96a24b u0 org.supersploit.flappybirds/org.kivy.android.PythonActivity t616}, caller=com.android.server.wm.ActivityRecord.applyFixedRotationTransform:19 com.android.server.wm.DisplayContent.startFixedRotationTransform:65 com.android.server.wm.DisplayContent.setFixedRotationLaunchingApp:53 com.android.server.wm.DisplayContent.handleTopActivityLaunchingInDifferentOrientation:354 com.android.server.wm.SnapshotStartingData.createStartingSurface:81 
05-27 17:24:30.959  1493  4563 D WindowManager: setFixedRotationLaunchingAppUnchecked, rotation=1, r=ActivityRecord{d96a24b u0 org.supersploit.flappybirds/org.kivy.android.PythonActivity t616}, caller=com.android.server.wm.DisplayContent.setFixedRotationLaunchingAppUnchecked:140 com.android.server.wm.DisplayContent.setFixedRotationLaunchingApp:56 com.android.server.wm.DisplayContent.handleTopActivityLaunchingInDifferentOrientation:354 com.android.server.wm.SnapshotStartingData.createStartingSurface:81 com.android.server.wm.ActivityRecord.scheduleAddStartingWindow:37 
05-27 17:24:30.959  1493  4563 V WindowManager: Added starting ActivityRecord{d96a24b u0 org.supersploit.flappybirds/org.kivy.android.PythonActivity t616}: startingWindow=null startingView=com.android.server.wm.StartingSurfaceController$StartingSurface@9d7dd31
05-27 17:24:30.960  1493  4563 V WindowManager: Collecting in transition 287: ActivityRecord{92e27f9 u0 org.supersploit.flappybirds/org.kivy.android.PythonActivity t-1}, caller=com.android.server.wm.Transition.collectExistenceChange:42 com.android.server.wm.ActivityStarter.handleStartResult:523 com.android.server.wm.ActivityStarter.startActivityUnchecked:653 com.android.server.wm.ActivityStarter.executeRequest:3365 com.android.server.wm.ActivityStarter.execute:1122 
05-27 17:24:30.960  1493  4563 I ActivityTaskManager: START u0 {act=android.intent.action.MAIN cat=[android.intent.category.LAUNCHER] flg=0x10200000 cmp=org.supersploit.flappybirds/org.kivy.android.PythonActivity bnds=[638,803][837,1089]} with LAUNCH_SINGLE_TASK from uid 10135 (BAL_ALLOW_VISIBLE_WINDOW) result code=2
05-27 17:24:30.960  2862  2928 V WindowManagerShell: Transition requested (#287): android.os.BinderProxy@bb7d94d TransitionRequestInfo { type = OPEN, triggerTask = TaskInfo{userId=0 taskId=616 displayId=0 isRunning=true baseIntent=Intent { act=android.intent.action.MAIN cat=[android.intent.category.LAUNCHER] flg=0x10200000 cmp=org.supersploit.flappybirds/org.kivy.android.PythonActivity } baseActivity=ComponentInfo{org.supersploit.flappybirds/org.kivy.android.PythonActivity} topActivity=ComponentInfo{org.supersploit.flappybirds/org.kivy.android.PythonActivity} origActivity=null realActivity=ComponentInfo{org.supersploit.flappybirds/org.kivy.android.PythonActivity} numActivities=1 lastActiveTime=14818811 supportsMultiWindow=true resizeMode=1 isResizeable=true minWidth=-1 minHeight=-1 maxWidth=-1 maxHeight=-1 defaultMinSize=220 token=WCT{android.window.IWindowContainerToken$Stub$Proxy@b2c02} topActivityType=1 pictureInPictureParams=null shouldDockBigOverlays=false launchIntoPipHostTaskId=-1 lastParentTaskIdBeforePip=-1 displayCutoutSafeInsets=Rect(0, 80 - 0, 0) topActivityInfo=ActivityInfo{7b68913 org.kivy.android.PythonActivity} launchCookies=[android.os.BinderProxy@e2e5750] positionInParent=Point(0, 0) parentTaskId=-1 isFocused=false isVisible=false isVisibleRequested=false isSleeping=false topActivityInSizeCompat=false locusId=null displayAreaFeatureId=1 isTopActivityTransparent=false isTopActivityStyleFloating=false appCompatTaskInfo=AppCompatTaskInfo { topActivityInSizeCompat=false eligibleForLetterboxEducation= false isLetterboxEducationEnabled= false isLetterboxDoubleTapEnabled= false eligibleForUserAspectRatioButton= false topActivityBoundsLetterboxed= false isFromLetterboxDoubleTap= false topActivityLetterboxVerticalPosition= -1 topActivityLetterboxHorizontalPosition= -1 topActivityLetterboxWidth=2400 topActivityLetterboxHeight=1080 topActivityLetterboxAppWidth=2176 topActivityLetterboxAppHeight=1080 isUserFullscreenOverrideEnabled=false isSystemFullscreenOverrideEnabled=false hasMinAspectRatioOverride=false cameraCompatTaskInfo=CameraCompatTaskInfo { freeformCameraCompatMode=inactive} topActivityBounds=null topActivityInDisplayCompat=false} originallySupportedMultiWindow=true hasWallpaper=false rootAffinity=10381:org.supersploit.flappybirds isTopTaskInStage=false topActivityUiMode=33 CoverLauncherWidgetTask=false isAllowedSeamlessRotation=false isTopTransparentActivity=false snappingGuideBounds=Rect(81, 568 - 999, 1768) isAliasManaged=false hasConfigChanged=false isAiKeyRemoveAppTask=false}, pipTask = null, remoteTransition = RemoteTransition { remoteTransition = android.window.IRemoteTransition$Stub$Proxy@35bd49, appThread = android.app.IApplicationThread$Stub$Proxy@604064e, debugName = QuickstepLaunchflags =NONE }, displayChange = null, flags = 0, debugId = 287 }
05-27 17:24:30.966  1493  6572 V WindowManager: addWindow: ActivityRecord{d96a24b u0 org.supersploit.flappybirds/org.kivy.android.PythonActivity t616} startingWindow=Window{3774997 u0 SnapshotStartingWindow for taskId=616}
05-27 17:24:30.969  1493  4563 V WindowManager: Collecting in transition 287: ActivityRecord{d96a24b u0 org.supersploit.flappybirds/org.kivy.android.PythonActivity t616}, caller=com.android.server.wm.TransitionController.collect:7 com.android.server.wm.ActivityRecord.setVisibility:189 com.android.server.wm.TaskFragment.resumeTopActivity:1735 com.android.server.wm.Task.resumeTopActivityInnerLocked:98 com.android.server.wm.Task.resumeTopActivityUncheckedLocked:23 
05-27 17:24:30.969  1493  4563 V WindowManager: Setting visibility of Window{d6017fd u0 org.supersploit.flappybirds/org.kivy.android.PythonActivity}: true, caller=com.android.server.wm.WindowContainer.sendAppVisibilityToClients:19 com.android.server.wm.WindowToken.setClientVisible:49 com.android.server.wm.ActivityRecord.setVisibility:392 com.android.server.wm.TaskFragment.resumeTopActivity:1735 com.android.server.wm.Task.resumeTopActivityInnerLocked:98 
05-27 17:24:30.970  1493  4563 D SGM:FgCheckThread:   sendRunningComponentFocus(), pkgName: org.supersploit.flappybirds, userId: 0
05-27 17:24:30.970  1493  2555 D SGM:FgCheckThread: onLooperPrepared(), msg: MSG_TASK_FOCUSED, pkgName: org.supersploit.flappybirds, userId: 0
05-27 17:24:30.970  1493  2555 D SGM:FgCheckThread:   handleTaskFocused(), pkgName: org.supersploit.flappybirds, userID:0 mResumedPkgMap does not containsKey.
05-27 17:24:30.971  1493  4563 D ActivityTaskManager: scheduleTopResumedActivityChanged, onTop=true, r=ActivityRecord{d96a24b u0 org.supersploit.flappybirds/org.kivy.android.PythonActivity t616}, caller=com.android.server.wm.ActivityTaskSupervisor.updateTopResumedActivityIfNeeded:62 com.android.server.wm.TaskFragment.setResumedActivity:29 com.android.server.wm.ActivityRecord.setState:104 com.android.server.wm.TaskFragment.resumeTopActivity:1817 com.android.server.wm.Task.resumeTopActivityInnerLocked:98 com.android.server.wm.Task.resumeTopActivityUncheckedLocked:23 
05-27 17:24:30.972  1493  4563 D WindowManagerServiceExt: updateTaskbarTargetIfNeeded: cn=ComponentInfo{org.supersploit.flappybirds/org.kivy.android.PythonActivity} occludesParent=true isInSplitScreenMode=false styleFloating=false
05-27 17:24:30.973  1493  4563 D BLASTSyncEngine: SyncGroup 287:  Unfinished container: ActivityRecord{d96a24b u0 org.supersploit.flappybirds/org.kivy.android.PythonActivity t616} mSyncState=2
05-27 17:24:30.982  1493  1661 V WindowManager: Start calculating TransitionInfo based on participants: {WallpaperWindowToken{1ac0cda token=android.os.Binder@aaed685}_<system>, ActivityRecord{81360a6 u0 com.sec.android.app.launcher/.activities.LauncherActivity t560}, ActivityRecord{92e27f9 u0 org.supersploit.flappybirds/org.kivy.android.PythonActivity t-1}, WallpaperWindowToken{d721a7e token=android.os.Binder@1dbc439}_<lock>, ActivityRecord{d96a24b u0 org.supersploit.flappybirds/org.kivy.android.PythonActivity t616}, Task{f982428 #616 type=standard A=10381:org.supersploit.flappybirds}}
05-27 17:24:30.982  1493  1661 V WindowManager:   Final targets: [Task{f982428 #616 type=standard A=10381:org.supersploit.flappybirds}, Task{4472011 #1 type=home}, WallpaperWindowToken{1ac0cda token=android.os.Binder@aaed685}_<system>]
05-27 17:24:30.989  1493  1661 V WindowManager:         {WCT{RemoteToken{553b783 Task{f982428 #616 type=standard A=10381:org.supersploit.flappybirds}}} m=TO_FRONT f=MOVE_TO_TOP leash=Surface(name=Task=616)/@0x93b663d sb=Rect(0, 0 - 1080, 2400) eb=Rect(0, 0 - 1080, 2400) d=0 endFixedRotation=1 taskParent=-1 inset=Rect(80, 72 - 0, 0) dim=true},
05-27 17:24:30.991  1493  1661 D InsetsSourceProvider: updateControlForTarget: control=InsetsSourceControl: {dcdf0001 mType=navigationBars initiallyVisible mSurfacePosition=Point(0, 2256) mInsetsHint=Insets{left=0, top=0, right=0, bottom=144}}, target=Window{d6017fd u0 org.supersploit.flappybirds/org.kivy.android.PythonActivity}, from=com.android.server.wm.InsetsStateController.onControlTargetChanged:81 com.android.server.wm.InsetsPolicy.updateBarControlTarget:188 com.android.server.wm.DisplayPolicy.updateSystemBarAttributes:281 com.android.server.wm.DisplayPolicy.finishPostLayoutPolicyLw:17 com.android.server.wm.RootWindowContainer.applySurfaceChangesTransaction$1:194 
05-27 17:24:30.992  1493  1643 V WindowManager: Sent Transition (#287) createdAt=05-27 17:24:30.952 via request=TransitionRequestInfo { type = OPEN, triggerTask = TaskInfo{userId=0 taskId=616 displayId=0 isRunning=true baseIntent=Intent { act=android.intent.action.MAIN cat=[android.intent.category.LAUNCHER] flg=0x10200000 cmp=org.supersploit.flappybirds/org.kivy.android.PythonActivity } baseActivity=ComponentInfo{org.supersploit.flappybirds/org.kivy.android.PythonActivity} topActivity=ComponentInfo{org.supersploit.flappybirds/org.kivy.android.PythonActivity} origActivity=null realActivity=ComponentInfo{org.supersploit.flappybirds/org.kivy.android.PythonActivity} numActivities=1 lastActiveTime=14818811 supportsMultiWindow=true resizeMode=1 isResizeable=true minWidth=-1 minHeight=-1 maxWidth=-1 maxHeight=-1 defaultMinSize=220 token=WCT{RemoteToken{553b783 Task{f982428 #616 type=standard A=10381:org.supersploit.flappybirds}}} topActivityType=1 pictureInPictureParams=null shouldDockBigOverlays=false launchIntoPipHostTaskId=-1 lastParentTaskIdBeforePip=-1 displayCutoutSafeInsets=Rect(0, 80 - 0, 0) topActivityInfo=ActivityInfo{1048df org.kivy.android.PythonActivity} launchCookies=[android.os.BinderProxy@28fd44d] positionInParent=Point(0, 0) parentTaskId=-1 isFocused=false isVisible=false isVisibleRequested=false isSleeping=false topActivityInSizeCompat=false locusId=null displayAreaFeatureId=1 isTopActivityTransparent=false isTopActivityStyleFloating=false appCompatTaskInfo=AppCompatTaskInfo { topActivityInSizeCompat=false eligibleForLetterboxEducation= false isLetterboxEducationEnabled= false isLetterboxDoubleTapEnabled= false eligibleForUserAspectRatioButton= false topActivityBoundsLetterboxed= false isFromLetterboxDoubleTap= false topActivityLetterboxVerticalPosition= -1 topActivityLetterboxHorizontalPosition= -1 topActivityLetterboxWidth=2400 topActivityLetterboxHeight=1080 topActivityLetterboxAppWidth=2176 topActivityLetterboxAppHeight=1080 isUserFullscreenOverrideEnabled=false isSystemFullscreenOverrideEnabled=false hasMinAspectRatioOverride=false cameraCompatTaskInfo=CameraCompatTaskInfo { freeformCameraCompatMode=inactive} topActivityBounds=null topActivityInDisplayCompat=false} originallySupportedMultiWindow=true hasWallpaper=false rootAffinity=10381:org.supersploit.flappybirds isTopTaskInStage=false topActivityUiMode=33 CoverLauncherWidgetTask=false isAllowedSeamlessRotation=false isTopTransparentActivity=false snappingGuideBounds=Rect(81, 568 - 999, 1768) isAliasManaged=false hasConfigChanged=false isAiKeyRemoveAppTask=false}, pipTask = null, remoteTransition = RemoteTransition { remoteTransition = android.window.IRemoteTransition$Stub$Proxy@a7b0b02, appThread = android.app.IApplicationThread$Stub$Proxy@94a7c13, debugName = QuickstepLaunchflags =NONE }, displayChange = null, flags = 0, debugId = 287 }
05-27 17:24:30.993  1493  1661 D InsetsSourceProvider: updateControlForTarget: control=InsetsSourceControl: {a21c0000 mType=statusBars initiallyVisible mSurfacePosition=Point(0, 0) mInsetsHint=Insets{left=0, top=80, right=0, bottom=0}}, target=Window{d6017fd u0 org.supersploit.flappybirds/org.kivy.android.PythonActivity}, from=com.android.server.wm.InsetsStateController.onControlTargetChanged:81 com.android.server.wm.InsetsPolicy.updateBarControlTarget:175 com.android.server.wm.DisplayPolicy.updateSystemBarAttributes:281 com.android.server.wm.DisplayPolicy.finishPostLayoutPolicyLw:17 com.android.server.wm.RootWindowContainer.applySurfaceChangesTransaction$1:194 
05-27 17:24:30.993  1493  1643 V WindowManager:         {WCT{RemoteToken{553b783 Task{f982428 #616 type=standard A=10381:org.supersploit.flappybirds}}} m=TO_FRONT f=MOVE_TO_TOP leash=Surface(name=Task=616)/@0x93b663d sb=Rect(0, 0 - 1080, 2400) eb=Rect(0, 0 - 1080, 2400) d=0 endFixedRotation=1 taskParent=-1 inset=Rect(80, 72 - 0, 0) dim=true},
05-27 17:24:30.993  1493  1661 D WindowManager: updateSystemBarAttributes: displayId=0, focusedCanBeNavColorWin=false, win=Window{d6017fd u0 org.supersploit.flappybirds/org.kivy.android.PythonActivity}, navColorWin=Window{a8e164b u0 com.sec.android.app.launcher/com.sec.android.app.launcher.activities.LauncherActivity}, caller=com.android.server.wm.DisplayPolicy.finishPostLayoutPolicyLw:17 com.android.server.wm.RootWindowContainer.applySurfaceChangesTransaction$1:194 com.android.server.wm.RootWindowContainer.performSurfacePlacementNoTrace:61 
05-27 17:24:30.996  1493  6497 D SGM:GameManager: identifyForegroundApp. org.supersploit.flappybirds, mCurrentUserId: 0, callerUserId: 0
05-27 17:24:30.997  1493  3026 D WindowManager: makeSurface duration=2 name=org.supersploit.flappybirds/org.kivy.android.PythonActivity$_15086
05-27 17:24:30.997  1493  3026 D WindowManager: Changing focus from null to Window{d6017fd u0 org.supersploit.flappybirds/org.kivy.android.PythonActivity} displayId=0 Callers=com.android.server.wm.WindowManagerService.relayoutWindowInner:142 com.android.server.wm.WindowManagerService.relayoutWindow:6 com.android.server.wm.Session.relayout:27 android.view.IWindowSession$Stub.onTransact:861 
05-27 17:24:30.998  1493  3026 V SystemKeyManager: updateFocusedWindow() is called, org.supersploit.flappybirds/org.kivy.android.PythonActivity
05-27 17:24:30.998  2862  2928 D WindowManagerShell: onActivityRestartAttempt: ComponentInfo{org.supersploit.flappybirds/org.kivy.android.PythonActivity}
05-27 17:24:31.003  1493  1661 D InsetsSourceProvider: updateVisibility: serverVisible=true, clientVisible=false, source=InsetsSource: {dcdf0001 mType=navigationBars mFrame=[0,2256][1080,2400] mVisible=false mFlags= mSideHint=BOTTOM mBoundingRects=null}, controlTarget=Window{d6017fd u0 org.supersploit.flappybirds/org.kivy.android.PythonActivity}, from=com.android.server.wm.InsetsSourceProvider.setClientVisible:8 com.android.server.wm.InsetsSourceProvider.updateClientVisibility:20 com.android.server.wm.InsetsStateController.onRequestedVisibleTypesChanged:20 com.android.server.wm.InsetsStateController$$ExternalSyntheticLambda0.run:87 com.android.server.wm.WindowAnimator.animate:469 com.android.server.wm.WindowAnimator$$ExternalSyntheticLambda1.doFrame:14 android.view.Choreographer$CallbackRecord.run:1749 android.view.Choreographer$CallbackRecord.run:1760 android.view.Choreographer.doCallbacks:1216 android.view.Choreographer.doFrame:1132 
05-27 17:24:31.003  1493  1661 D InsetsSourceProvider: updateVisibility: serverVisible=true, clientVisible=false, source=InsetsSource: {a21c0000 mType=statusBars mFrame=[0,0][1080,80] mVisible=false mFlags= mSideHint=TOP mBoundingRects=null}, controlTarget=Window{d6017fd u0 org.supersploit.flappybirds/org.kivy.android.PythonActivity}, from=com.android.server.wm.InsetsSourceProvider.setClientVisible:8 com.android.server.wm.InsetsSourceProvider.updateClientVisibility:20 com.android.server.wm.InsetsStateController.onRequestedVisibleTypesChanged:20 com.android.server.wm.InsetsStateController$$ExternalSyntheticLambda0.run:87 com.android.server.wm.WindowAnimator.animate:469 com.android.server.wm.WindowAnimator$$ExternalSyntheticLambda1.doFrame:14 android.view.Choreographer$CallbackRecord.run:1749 android.view.Choreographer$CallbackRecord.run:1760 android.view.Choreographer.doCallbacks:1216 android.view.Choreographer.doFrame:1132 
05-27 17:24:31.007  1493  6497 D SGM:GameManager: identifyGamePackage. org.supersploit.flappybirds, mCurrentUserId: 0, callerUserId: 0, callingMethodInfo: com.samsung.android.game.IGameManagerService$Stub.onTransact(IGameManagerService.java:228)
05-27 17:24:31.020  1493  6565 D WindowManager: finishDrawingWindow: Window{d6017fd u0 org.supersploit.flappybirds/org.kivy.android.PythonActivity} mDrawState=DRAW_PENDING seqId=0
05-27 17:24:31.020  1493  1661 V WindowManager: Finish starting ActivityRecord{d96a24b u0 org.supersploit.flappybirds/org.kivy.android.PythonActivity t616}: first real window is shown, no animation
05-27 17:24:31.021  1493  1661 I ActivityTaskManager: done cause=notifyWindowsDrawn timestamp=13252240359734 info=TransitionInfo{d022c0a a=ActivityRecord{d96a24b u0 org.supersploit.flappybirds/org.kivy.android.PythonActivity t616} d=true}
05-27 17:24:31.021  1493  1661 V WindowManager: performShowLocked: mDrawState=HAS_DRAWN in Window{d6017fd u0 org.supersploit.flappybirds/org.kivy.android.PythonActivity}
05-27 17:24:31.023  5706  5844 I SDHMS:l : handleResumeComponent : put = org.supersploit.flappybirds, userid = 0 instanceid =230409537
05-27 17:24:31.023  1493  1658 D SGM:GameManager: identifyGamePackage. org.supersploit.flappybirds, mCurrentUserId: 0, callerUserId: 0, callingMethodInfo: com.samsung.android.game.SemGameManager.isGamePackage(SemGameManager.java:105)
05-27 17:24:31.023  1493  1658 D SGM:SemGameManager: isGamePackage(), pkgName=org.supersploit.flappybirds, ret=false
05-27 17:24:31.024  1493  1658 D SGM:FgCheckThread: noteResumeComponent(), received pkgName: org.supersploit.flappybirds, userId: 0
05-27 17:24:31.024  1493  2555 D SGM:FgCheckThread: onLooperPrepared(), msg: MSG_APP_RESUME, pkgName: org.supersploit.flappybirds, userid: 0
05-27 17:24:31.025  1493  2555 D SGM:FgCheckThread:   handleResume(). pkgName: org.supersploit.flappybirds, userId: 0, category: non-game
05-27 17:24:31.025  1493  2555 D SGM:FgCheckThread: notifyFocusInOut(). of pkg: org.supersploit.flappybirds, type: 4, isSecGameFamily: false, userId: 0
05-27 17:24:31.027  1493  6572 D WindowManager: finishDrawingWindow: Window{d6017fd u0 org.supersploit.flappybirds/org.kivy.android.PythonActivity} mDrawState=HAS_DRAWN seqId=0
05-27 17:24:31.027  1493  6501 V WindowManager: Schedule remove starting ActivityRecord{d96a24b u0 org.supersploit.flappybirds/org.kivy.android.PythonActivity t616} startingWindow=Window{3774997 u0 SnapshotStartingWindow for taskId=616} animate=false Callers=com.android.server.wm.ActivityRecord.onSyncTransactionCommitted:19 com.android.server.wm.BLASTSyncEngine$SyncGroup$1CommitCallback.onCommitted:54 com.android.server.wm.BLASTSyncEngine$SyncGroup$$ExternalSyntheticLambda0.onTransactionCommitted:8 android.view.SurfaceControl$Transaction$$ExternalSyntheticLambda4.run:0 com.android.server.SystemServerInitThreadPool$$ExternalSyntheticLambda0.execute:1 
05-27 17:24:31.118  1493  2638 D MdnieScenarioControlService:  packageName : org.supersploit.flappybirds    className : org.kivy.android.PythonActivity
05-27 17:24:31.131  1493  6501 I WindowManager: Reparenting to leash, surface=Surface(name=3774997 SnapshotStartingWindow for taskId=616)/@0x40b4b10, syncState=0, syncCommitDepth=0, leashParent=Surface(name=ActivityRecord{d96a24b u0 org.supersploit.flappybirds/org.kivy.android.PythonActivity t616})/@0xf565097
05-27 17:24:31.290  1493  1661 I WindowManager: Reparenting to original parent: Surface(name=ActivityRecord{d96a24b u0 org.supersploit.flappybirds/org.kivy.android.PythonActivity t616})/@0xf565097, destroy=true, syncState=0, syncCommitDepth=0, surface=Surface(name=3774997 SnapshotStartingWindow for taskId=616)/@0x40b4b10
05-27 17:24:31.384  1493  6501 D WindowManager: rotationForOrientation, orientationSource=ActivityRecord{d96a24b u0 org.supersploit.flappybirds/org.kivy.android.PythonActivity t616}
05-27 17:24:31.387  1493  6501 D WindowManager: prepareSync <SYNC_STATE_WAITING_FOR_DRAW>, mPrepareSyncSeqId=0, win=Window{d6017fd u0 org.supersploit.flappybirds/org.kivy.android.PythonActivity}
05-27 17:24:31.388  1493  6501 V WindowManager: Override sync-method for d6017fd org.supersploit.flappybirds/org.kivy.android.PythonActivity because seamless rotating, caller=com.android.server.wm.DisplayContent.requestChangeTransition:110 com.android.server.wm.DisplayRotation.updateRotationUnchecked:843 com.android.server.wm.DisplayRotation.updateOrientation:25 com.android.server.wm.DisplayContent.continueUpdateOrientationForDiffOrienLaunchingApp:61 com.android.server.wm.DisplayContent$FixedRotationTransitionListener.onAppTransitionFinishedLocked:329 
05-27 17:24:31.412  1493  1658 V WindowManager: Collecting in transition 288: Task{f982428 #616 type=standard A=10381:org.supersploit.flappybirds}, caller=com.android.server.wm.TransitionController$$ExternalSyntheticLambda2.accept:34 com.android.server.wm.Task.forAllLeafTasks:6 com.android.server.wm.WindowContainer.forAllLeafTasks:4 com.android.server.wm.DisplayArea.forAllLeafTasks:4 com.android.server.wm.WindowContainer.forAllLeafTasks:4 
05-27 17:24:31.412  1493  1658 V WindowManager: Collecting in transition 288: ActivityRecord{d96a24b u0 org.supersploit.flappybirds/org.kivy.android.PythonActivity t616}, caller=com.android.server.wm.TransitionController$$ExternalSyntheticLambda2.accept:21 com.android.server.wm.ActivityRecord.forAllActivities:2 com.android.server.wm.WindowContainer.forAllActivities:8 com.android.server.wm.WindowContainer.forAllActivities:6 com.android.server.wm.TransitionController$$ExternalSyntheticLambda2.accept:113 
05-27 17:24:31.415  1493  1658 D WindowManager: updateSystemBarAttributes: displayId=0, focusedCanBeNavColorWin=false, win=Window{d6017fd u0 org.supersploit.flappybirds/org.kivy.android.PythonActivity}, navColorWin=null, caller=com.android.server.wm.DisplayPolicy.finishPostLayoutPolicyLw:17 com.android.server.wm.RootWindowContainer.applySurfaceChangesTransaction$1:194 com.android.server.wm.RootWindowContainer.performSurfacePlacementNoTrace:61 
05-27 17:24:31.417  1493  1658 V WindowManager: Start calculating TransitionInfo based on participants: {Display{#0 state=ON size=2400x1080 ROTATION_90}, ActivityRecord{d96a24b u0 org.supersploit.flappybirds/org.kivy.android.PythonActivity t616}, Task{f982428 #616 type=standard A=10381:org.supersploit.flappybirds}}
05-27 17:24:31.417  1493  1658 V WindowManager:   Final targets: [Task{f982428 #616 type=standard A=10381:org.supersploit.flappybirds}, DefaultTaskDisplayArea_d0@190344442, Display{#0 state=ON size=2400x1080 ROTATION_90}]
05-27 17:24:31.420  1493  1658 V WindowManager:         {WCT{RemoteToken{553b783 Task{f982428 #616 type=standard A=10381:org.supersploit.flappybirds}}} m=CHANGE f=EDGE_EXTENSION_RESTRICTION p=WCT{RemoteToken{2b5383b DefaultTaskDisplayArea_d0@190344442}} leash=Surface(name=Task=616)/@0x93b663d sb=Rect(0, 0 - 1080, 2400) eb=Rect(0, 0 - 2400, 1080) d=0 r=0->1:0 taskParent=-1 inset=Rect(80, 0 - 0, 0)},
05-27 17:24:31.421  1493  1643 V WindowManager:         {WCT{RemoteToken{553b783 Task{f982428 #616 type=standard A=10381:org.supersploit.flappybirds}}} m=CHANGE f=EDGE_EXTENSION_RESTRICTION p=WCT{RemoteToken{2b5383b DefaultTaskDisplayArea_d0@190344442}} leash=Surface(name=Task=616)/@0x93b663d sb=Rect(0, 0 - 1080, 2400) eb=Rect(0, 0 - 2400, 1080) d=0 r=0->1:0 taskParent=-1 inset=Rect(80, 0 - 0, 0)},
05-27 17:24:31.432  1493  3035 D WindowManager: rotationForOrientation, orientationSource=ActivityRecord{d96a24b u0 org.supersploit.flappybirds/org.kivy.android.PythonActivity t616}
05-27 17:24:31.445  1493  1658 D SGM:FgCheckThread: getForegroundApp(), foregroundPkgName=org.supersploit.flappybirds
05-27 17:24:31.445  1493  1658 D SGM:FgCheckThread: noteStopComponent(), received pkgName: com.sec.android.app.launcher, focusedPkgName: org.supersploit.flappybirds, userId: 0
05-27 17:24:31.497  1493  1658 D SGM:GameManager: identifyForegroundApp. org.supersploit.flappybirds, mCurrentUserId: 0, callerUserId: 0
05-27 17:24:31.574  1493  2638 D MdnieScenarioControlService:  packageName : org.supersploit.flappybirds    className : org.kivy.android.PythonActivity
05-27 17:24:31.591  1493  6497 D InsetsSourceProvider: updateControlForTarget: control=InsetsSourceControl: {3 mType=ime mSurfacePosition=Point(80, 72) mInsetsHint=Insets{left=0, top=0, right=0, bottom=846}}, target=Window{d6017fd u0 org.supersploit.flappybirds/org.kivy.android.PythonActivity}, from=com.android.server.wm.ImeInsetsSourceProvider.updateControlForTarget:17 com.android.server.wm.InsetsStateController.onControlTargetChanged:81 com.android.server.wm.DisplayContent.updateImeControlTarget:21 com.android.server.wm.DisplayContent.updateImeInputAndControlTarget:81 com.android.server.wm.WindowManagerService$LocalService.updateInputMethodTargetWindow:21 
05-27 17:24:32.092  1493  1658 D SGM:GameManager: identifyForegroundApp. org.supersploit.flappybirds, mCurrentUserId: 0, callerUserId: 0
05-27 17:24:35.467  1493  3839 D FreecessController: org.supersploit.flappybirds(10381) is important[12]
05-27 17:24:40.470  1493  3839 D FreecessController: org.supersploit.flappybirds(10381) is important[12]
05-27 17:24:45.474  1493  3839 D FreecessController: org.supersploit.flappybirds(10381) is important[12]
05-27 17:24:46.580  1493  1646 I MultiWindowPointerEventListener: findTargetTaskBounds: Task{f982428 #616 type=standard A=10381:org.supersploit.flappybirds}
05-27 17:24:50.477  1493  3839 D FreecessController: org.supersploit.flappybirds(10381) is important[12]
05-27 17:24:55.479  1493  3839 D FreecessController: org.supersploit.flappybirds(10381) is important[12]
05-27 17:24:58.480  1493  1646 D WindowManager: requestTransientBars: swipeTarget=Window{70c348b u0 NavigationBar0}, controlTarget=Window{d6017fd u0 org.supersploit.flappybirds/org.kivy.android.PythonActivity}, canShowTransient=true, restorePositionTypes=0x0, from=com.android.server.wm.DisplayPolicy$1.onSwipeFromRight:78 com.android.server.wm.SystemGesturesPointerEventListener.onPointerEvent:581 
05-27 17:24:58.487  1493  1646 D InsetsSourceProvider: updateFakeControlTarget: fakeControl=InsetsSourceControl: {dcdf0001 mType=navigationBars mSurfacePosition=Point(0, 0) mInsetsHint=Insets{left=0, top=0, right=0, bottom=0}}, fakeTarget=Window{d6017fd u0 org.supersploit.flappybirds/org.kivy.android.PythonActivity}
05-27 17:24:58.490  1493  1646 D InsetsSourceProvider: updateFakeControlTarget: fakeControl=InsetsSourceControl: {a21c0000 mType=statusBars mSurfacePosition=Point(0, 0) mInsetsHint=Insets{left=0, top=0, right=0, bottom=0}}, fakeTarget=Window{d6017fd u0 org.supersploit.flappybirds/org.kivy.android.PythonActivity}
05-27 17:24:59.103  1493  1646 D ActivityTaskManager: scheduleTopResumedActivityChanged, onTop=false, r=ActivityRecord{d96a24b u0 org.supersploit.flappybirds/org.kivy.android.PythonActivity t616}, caller=com.android.server.wm.ActivityTaskSupervisor.scheduleTopResumedActivityStateLossIfNeeded:11 com.android.server.wm.ActivityTaskSupervisor.updateTopResumedActivityIfNeeded:19 com.android.server.wm.TaskDisplayArea.positionChildAt:270 com.android.server.wm.WindowContainer.positionChildAt:86 com.android.server.wm.Task.positionChildAt:19 com.android.server.wm.Task.moveToFront:443 
05-27 17:24:59.105  1493  1646 V WindowManager: Collecting in transition 289: ActivityRecord{d96a24b u0 org.supersploit.flappybirds/org.kivy.android.PythonActivity t616}, caller=com.android.server.wm.TransitionController.collect:7 com.android.server.wm.ActivityRecord.setVisibility:189 com.android.server.wm.ActivityRecord.makeInvisible:39 com.android.server.wm.EnsureActivitiesVisibleHelper.process:637 com.android.server.wm.TaskFragment.updateActivityVisibilities:12 
05-27 17:24:59.105  1493  1646 D WindowManager: prepareSync <SYNC_STATE_WAITING_FOR_DRAW>, mPrepareSyncSeqId=0, win=Window{d6017fd u0 org.supersploit.flappybirds/org.kivy.android.PythonActivity}
05-27 17:24:59.106  1493  1646 D WindowManager: Changing focus from Window{d6017fd u0 org.supersploit.flappybirds/org.kivy.android.PythonActivity} to null displayId=0 Callers=com.android.server.wm.ActivityTaskManagerService.setLastResumedActivityUncheckLocked:264 com.android.server.wm.ActivityTaskSupervisor.updateTopResumedActivityIfNeeded:50 com.android.server.wm.TaskFragment.setResumedActivity:29 com.android.server.wm.ActivityRecord.setState:104 
05-27 17:24:59.113  1493  1658 D SGM:FgCheckThread: notePauseComponent(), received pkgName: org.supersploit.flappybirds, userId: 0
05-27 17:24:59.113  1493  1658 D SGM:FgCheckThread: notePauseComponent(), received pkgName: org.supersploit.flappybirds, userId: 0
05-27 17:24:59.113  1493  1658 D SGM:FgCheckThread: notifyFocusInOut(). of pkg: org.supersploit.flappybirds, type: 20, isSecGameFamily: false, userId: 0
05-27 17:24:59.117  1493  1658 D SGM:GameManager: identifyGamePackage. org.supersploit.flappybirds, mCurrentUserId: 0, callerUserId: 0, callingMethodInfo: com.samsung.android.game.SemGameManager.isGamePackage(SemGameManager.java:105)
05-27 17:24:59.117  1493  1658 D SGM:SemGameManager: isGamePackage(), pkgName=org.supersploit.flappybirds, ret=false
05-27 17:24:59.231  1493  1661 V WindowManager: Start calculating TransitionInfo based on participants: {WallpaperWindowToken{1ac0cda token=android.os.Binder@aaed685}_<system>, Task{4472011 #1 type=home}, ActivityRecord{81360a6 u0 com.sec.android.app.launcher/.activities.LauncherActivity t560}, ActivityRecord{bd88839 u0 com.sec.android.app.launcher/.activities.LauncherActivity t-1}, ActivityRecord{d96a24b u0 org.supersploit.flappybirds/org.kivy.android.PythonActivity t616}, Task{e16eae7 #560 type=home I=com.sec.android.app.launcher/.activities.LauncherActivity}}
05-27 17:24:59.231  1493  1661 V WindowManager:   Final targets: [Task{4472011 #1 type=home}, Task{f982428 #616 type=standard A=10381:org.supersploit.flappybirds}, WallpaperWindowToken{1ac0cda token=android.os.Binder@aaed685}_<system>]
05-27 17:24:59.247  1493  1661 V WindowManager:         {WCT{RemoteToken{553b783 Task{f982428 #616 type=standard A=10381:org.supersploit.flappybirds}}} m=TO_BACK f=EDGE_EXTENSION_RESTRICTION leash=Surface(name=Task=616)/@0x93b663d sb=Rect(0, 0 - 2400, 1080) eb=Rect(0, 0 - 2400, 1080) d=0 taskParent=-1 inset=Rect(80, 0 - 0, 0)},
05-27 17:24:59.260  1493  1643 V WindowManager:         {WCT{RemoteToken{553b783 Task{f982428 #616 type=standard A=10381:org.supersploit.flappybirds}}} m=TO_BACK f=EDGE_EXTENSION_RESTRICTION leash=Surface(name=Task=616)/@0x93b663d sb=Rect(0, 0 - 2400, 1080) eb=Rect(0, 0 - 2400, 1080) d=0 taskParent=-1 inset=Rect(80, 0 - 0, 0)},
05-27 17:24:59.458  1493  6564 V WindowManager: Setting visibility of Window{d6017fd u0 org.supersploit.flappybirds/org.kivy.android.PythonActivity}: false, caller=com.android.server.wm.WindowContainer.sendAppVisibilityToClients:19 com.android.server.wm.WindowToken.setClientVisible:49 com.android.server.wm.ActivityRecord.setClientVisible:8 com.android.server.wm.ActivityRecord.commitVisibility:273 com.android.server.wm.TransitionController.finishTransition:766 
05-27 17:24:59.528  1493  6564 E WindowManager: win=Window{d6017fd u0 org.supersploit.flappybirds/org.kivy.android.PythonActivity} destroySurfaces: appStopped=true cleanupOnResume=false win.mWindowRemovalAllowed=false win.mRemoveOnExit=false win.mViewVisibility=8 caller=com.android.server.wm.ActivityRecord.destroySurfaces:25 com.android.server.wm.ActivityRecord.activityStopped:204 com.android.server.wm.ActivityClientController.activityStopped:95 android.app.IActivityClientController$Stub.onTransact:722 com.android.server.wm.ActivityClientController.onTransact:1 android.os.Binder.execTransactInternal:1541 android.os.Binder.execTransact:1480 
05-27 17:24:59.528  1493  6564 I WindowManager: Destroying surface Surface(name=org.supersploit.flappybirds/org.kivy.android.PythonActivity$_15086)/@0x54df7fb called by com.android.server.wm.WindowStateAnimator.destroySurface:11 com.android.server.wm.WindowStateAnimator.destroySurfaceLocked:54 com.android.server.wm.WindowState.destroySurfaceUnchecked:5 com.android.server.wm.WindowState.destroySurface:126 com.android.server.wm.ActivityRecord.destroySurfaces:25 com.android.server.wm.ActivityRecord.activityStopped:204 com.android.server.wm.ActivityClientController.activityStopped:95 android.app.IActivityClientController$Stub.onTransact:722 
05-27 17:24:59.528  1493  1658 D SGM:FgCheckThread: pkgName: org.supersploit.flappybirds is not in foreground
05-27 17:24:59.528  1493  1658 D SGM:FgCheckThread: noteStopComponent(), received pkgName: org.supersploit.flappybirds, focusedPkgName: com.sec.android.app.launcher, userId: 0
05-27 17:25:00.487  1493  3839 D FreecessController: org.supersploit.flappybirds(10381) is important[2]
05-27 17:25:01.125  1493  1658 I ActivityManager: Killing 15086:org.supersploit.flappybirds/u0a381 (adj 905): remove task
05-27 17:25:01.196  1493  3035 I WindowManager: WIN DEATH: Window{d6017fd u0 org.supersploit.flappybirds/org.kivy.android.PythonActivity}
05-27 17:25:01.196  1493  3035 V WindowManager: Remove Window{d6017fd u0 org.supersploit.flappybirds/org.kivy.android.PythonActivity}: mSurfaceController=null mAnimatingExit=false mRemoveOnExit=false mHasSurface=false surfaceShowing=false animating=false app-animation=false mDisplayFrozen=false callers=com.android.server.wm.Session.binderDied:118 android.os.IBinder$DeathRecipient.binderDied:339 android.os.BinderProxy.sendDeathNotice:794 <bottom of call stack> <bottom of call stack> <bottom of call stack> 
05-27 17:25:01.204  1493  2481 W UsageStatsService: Unexpected activity event reported! (org.supersploit.flappybirds/org.kivy.android.PythonActivity event : 23 instanceId : 230409537)
05-27 17:25:01.207  1493  1658 D SGM:FgCheckThread: pkgName: org.supersploit.flappybirds is not in foreground
05-27 17:25:01.207  1493  1658 D SGM:FgCheckThread: noteStopComponent(), received pkgName: org.supersploit.flappybirds, focusedPkgName: com.sec.android.app.launcher, userId: 0
05-27 17:26:38.155  1493  2448 I PackageManager:           pkg{org.supersploit.flappybirds}
05-27 17:26:38.225  1493  1857 I ActivityManager: Force stopping org.supersploit.flappybirds appid=10381 user=-1: installPackageLI
05-27 17:26:38.227  1493  2043 I PackageManager: Update package org.supersploit.flappybirds code path from /data/app/~~7UrTT2H0GBKvobGCLFRLMA==/org.supersploit.flappybirds-P8l-y6iYuSXt7rPb7l8HQg== to /data/app/~~wYOTQNtZGGXUo1c3j6GVog==/org.supersploit.flappybirds-zFBbCa45f_S1t0-BtahXZA==; Retain data and using new
05-27 17:26:38.229  1493  2043 D SpqrService: Package is debuggable org.supersploit.flappybirds
05-27 17:26:38.262  1493  2043 D PermissionService: setAllowlistedRestrictedPermissionsUnchecked called for package - org.supersploit.flappybirds
05-27 17:26:38.262  1493  2043 D PermissionService: updateAdminPermissionsInternalorg.supersploit.flappybirds
05-27 17:26:38.263  1493  2043 D PermissionService: setAllowlistedRestrictedPermissionsUnchecked called for package - org.supersploit.flappybirds
05-27 17:26:38.263  1493  2043 D PermissionService: updateAdminPermissionsInternalorg.supersploit.flappybirds
05-27 17:26:38.263  1493  2043 D PermissionService: setAllowlistedRestrictedPermissionsUnchecked called for package - org.supersploit.flappybirds
05-27 17:26:38.263  1493  2043 D PermissionService: updateAdminPermissionsInternalorg.supersploit.flappybirds
05-27 17:26:38.403  1493  2043 D PackageManager: isLocaleOptimizedPackage() -  Non optimized app: org.supersploit.flappybirds. Proceed with normal install
05-27 17:26:38.444  1493  2043 I ActivityManager: Force stopping org.supersploit.flappybirds appid=10381 user=95: pkg removed
05-27 17:26:38.456  1493  1779 I SGM:GameManager: PkgUpdateReceiver, onPackageRemoved(). pkgName=org.supersploit.flappybirds, userId=95
05-27 17:26:38.457  1493  1779 D SGM:Util: isPkgInstalled(). pkgName=org.supersploit.flappybirds, userId=95, installed=true
05-27 17:26:38.462  1493  1779 D MetaDataCollector: onReceive: done pkgName=org.supersploit.flappybirds
05-27 17:26:38.473  1493  2043 I ActivityManager: Force stopping org.supersploit.flappybirds appid=10381 user=0: pkg removed
05-27 17:26:38.503  1493  2464 D OverlayManager: reconcileSettingsForPackage pkgName=org.supersploit.flappybirds userId=95
05-27 17:26:38.503  1493  2464 I OverlayManager: updateOverlaysForTarget() called with: targetPackage = [org.supersploit.flappybirds], userId = [95], flags = [2]
05-27 17:26:38.503  1493  2464 D OverlayManager: reconcileSettingsForPackage pkgName=org.supersploit.flappybirds userId=0
05-27 17:26:38.503  1493  2464 I OverlayManager: updateOverlaysForTarget() called with: targetPackage = [org.supersploit.flappybirds], userId = [0], flags = [2]
05-27 17:26:38.509  1493  1779 I SGM:GameManager: PkgUpdateReceiver, onPackageRemoved(). pkgName=org.supersploit.flappybirds, userId=0
05-27 17:26:38.512  1493  1779 D SGM:Util: isPkgInstalled(). pkgName=org.supersploit.flappybirds, userId=0, installed=true
05-27 17:26:38.512  1493  1779 D MetaDataCollector: onReceive: done pkgName=org.supersploit.flappybirds
05-27 17:26:38.528  1493  2694 D ShortcutService: replacing package: org.supersploit.flappybirds userId0
05-27 17:26:38.531  1493  2645 D SGM:GameManager: identifyGamePackage. org.supersploit.flappybirds, mCurrentUserId: 0, callerUserId: 0, callingMethodInfo: com.samsung.android.game.SemGameManager.isGamePackage(SemGameManager.java:105)
05-27 17:26:38.531  1493  2645 D SGM:SemGameManager: isGamePackage(), pkgName=org.supersploit.flappybirds, ret=false
05-27 17:26:38.541  1493  1779 D LauncherAppsService: Calling onPackageRemoved: org.supersploit.flappybirds, EXTRA_REPLACING: true
05-27 17:26:38.541  1493  1779 D LauncherAppsService: Calling onPackageRemoved: org.supersploit.flappybirds, EXTRA_REPLACING: true
05-27 17:26:38.541  1493  2464 D OverlayManager: reconcileSettingsForPackage pkgName=org.supersploit.flappybirds userId=0
05-27 17:26:38.541  1493  2464 I OverlayManager: updateOverlaysForTarget() called with: targetPackage = [org.supersploit.flappybirds], userId = [0], flags = [0]
05-27 17:26:38.542  1493  2464 D OverlayManager: reconcileSettingsForPackage pkgName=org.supersploit.flappybirds userId=95
05-27 17:26:38.542  1493  2464 I OverlayManager: updateOverlaysForTarget() called with: targetPackage = [org.supersploit.flappybirds], userId = [95], flags = [0]
05-27 17:26:38.543  6503  6503 D ActivityThread: Package [org.supersploit.flappybirds] reported as REPLACED, but missing application info. Assuming REMOVED.
05-27 17:26:38.543  5535  5535 D ActivityThread: Package [org.supersploit.flappybirds] reported as REPLACED, but missing application info. Assuming REMOVED.
05-27 17:26:38.543  5648  5648 D ActivityThread: Package [org.supersploit.flappybirds] reported as REPLACED, but missing application info. Assuming REMOVED.
05-27 17:26:38.544 18930 18930 D ActivityThread: Package [org.supersploit.flappybirds] reported as REPLACED, but missing application info. Assuming REMOVED.
05-27 17:26:38.544 13120 13120 D ActivityThread: Package [org.supersploit.flappybirds] reported as REPLACED, but missing application info. Assuming REMOVED.
05-27 17:26:38.545  1493  2560 W PackageConfigPersister: App-specific configuration not found for packageName: org.supersploit.flappybirds and userId: 0
05-27 17:26:38.545  4097  4097 D ActivityThread: Package [org.supersploit.flappybirds] reported as REPLACED, but missing application info. Assuming REMOVED.
05-27 17:26:38.545 26665 26665 D ActivityThread: Package [org.supersploit.flappybirds] reported as REPLACED, but missing application info. Assuming REMOVED.
05-27 17:26:38.545 10714 10714 D ActivityThread: Package [org.supersploit.flappybirds] reported as REPLACED, but missing application info. Assuming REMOVED.
05-27 17:26:38.545  3281  3281 D ActivityThread: Package [org.supersploit.flappybirds] reported as REPLACED, but missing application info. Assuming REMOVED.
05-27 17:26:38.546 15308 15308 D ActivityThread: Package [org.supersploit.flappybirds] reported as REPLACED, but missing application info. Assuming REMOVED.
05-27 17:26:38.546  5687  5687 D ActivityThread: Package [org.supersploit.flappybirds] reported as REPLACED, but missing application info. Assuming REMOVED.
05-27 17:26:38.546 17997 17997 D ActivityThread: Package [org.supersploit.flappybirds] reported as REPLACED, but missing application info. Assuming REMOVED.
05-27 17:26:38.546 16792 16792 D ActivityThread: Package [org.supersploit.flappybirds] reported as REPLACED, but missing application info. Assuming REMOVED.
05-27 17:26:38.547 13067 13067 D ActivityThread: Package [org.supersploit.flappybirds] reported as REPLACED, but missing application info. Assuming REMOVED.
05-27 17:26:38.547  1493  2560 W PackageConfigPersister: App-specific configuration not found for packageName: org.supersploit.flappybirds and userId: 95
05-27 17:26:38.547 17007 17007 D ActivityThread: Package [org.supersploit.flappybirds] reported as REPLACED, but missing application info. Assuming REMOVED.
05-27 17:26:38.548 15458 15458 D ActivityThread: Package [org.supersploit.flappybirds] reported as REPLACED, but missing application info. Assuming REMOVED.
05-27 17:26:38.548 23035 23035 D ActivityThread: Package [org.supersploit.flappybirds] reported as REPLACED, but missing application info. Assuming REMOVED.
05-27 17:26:38.548 12797 12797 D ActivityThread: Package [org.supersploit.flappybirds] reported as REPLACED, but missing application info. Assuming REMOVED.
05-27 17:26:38.549 15472 15472 D ActivityThread: Package [org.supersploit.flappybirds] reported as REPLACED, but missing application info. Assuming REMOVED.
05-27 17:26:38.549 10272 10272 D ActivityThread: Package [org.supersploit.flappybirds] reported as REPLACED, but missing application info. Assuming REMOVED.
05-27 17:26:38.549  3262  3262 D ActivityThread: Package [org.supersploit.flappybirds] reported as REPLACED, but missing application info. Assuming REMOVED.
05-27 17:26:38.549 11676 11676 D ActivityThread: Package [org.supersploit.flappybirds] reported as REPLACED, but missing application info. Assuming REMOVED.
05-27 17:26:38.550 18538 18538 D ActivityThread: Package [org.supersploit.flappybirds] reported as REPLACED, but missing application info. Assuming REMOVED.
05-27 17:26:38.550 24027 24027 D ActivityThread: Package [org.supersploit.flappybirds] reported as REPLACED, but missing application info. Assuming REMOVED.
05-27 17:26:38.550  5617  5617 D ActivityThread: Package [org.supersploit.flappybirds] reported as REPLACED, but missing application info. Assuming REMOVED.
05-27 17:26:38.550 17999 17999 D ActivityThread: Package [org.supersploit.flappybirds] reported as REPLACED, but missing application info. Assuming REMOVED.
05-27 17:26:38.550 17895 17895 D ActivityThread: Package [org.supersploit.flappybirds] reported as REPLACED, but missing application info. Assuming REMOVED.
05-27 17:26:38.551  3077  3077 D ActivityThread: Package [org.supersploit.flappybirds] reported as REPLACED, but missing application info. Assuming REMOVED.
05-27 17:26:38.551  7736  7736 D ActivityThread: Package [org.supersploit.flappybirds] reported as REPLACED, but missing application info. Assuming REMOVED.
05-27 17:26:38.551  2862  2862 D ActivityThread: Package [org.supersploit.flappybirds] reported as REPLACED, but missing application info. Assuming REMOVED.
05-27 17:26:38.551 18103 18103 D ActivityThread: Package [org.supersploit.flappybirds] reported as REPLACED, but missing application info. Assuming REMOVED.
05-27 17:26:38.552  3738  3738 D ActivityThread: Package [org.supersploit.flappybirds] reported as REPLACED, but missing application info. Assuming REMOVED.
05-27 17:26:38.552  7658  7658 D ActivityThread: Package [org.supersploit.flappybirds] reported as REPLACED, but missing application info. Assuming REMOVED.
05-27 17:26:38.552 17809 17809 D ActivityThread: Package [org.supersploit.flappybirds] reported as REPLACED, but missing application info. Assuming REMOVED.
05-27 17:26:38.552  4440  4440 D ActivityThread: Package [org.supersploit.flappybirds] reported as REPLACED, but missing application info. Assuming REMOVED.
05-27 17:26:38.552  7496  7496 D ActivityThread: Package [org.supersploit.flappybirds] reported as REPLACED, but missing application info. Assuming REMOVED.
05-27 17:26:38.553  3740  3740 D ActivityThread: Package [org.supersploit.flappybirds] reported as REPLACED, but missing application info. Assuming REMOVED.
05-27 17:26:38.556 18221 18221 D ActivityThread: Package [org.supersploit.flappybirds] reported as REPLACED, but missing application info. Assuming REMOVED.
05-27 17:26:38.556  5663  5663 D ActivityThread: Package [org.supersploit.flappybirds] reported as REPLACED, but missing application info. Assuming REMOVED.
05-27 17:26:38.557  4311  4311 D ActivityThread: Package [org.supersploit.flappybirds] reported as REPLACED, but missing application info. Assuming REMOVED.
05-27 17:26:38.558  1493  2694 D ShortcutService: replacing package: org.supersploit.flappybirds userId95
05-27 17:26:38.560  5602  5602 D ActivityThread: Package [org.supersploit.flappybirds] reported as REPLACED, but missing application info. Assuming REMOVED.
05-27 17:26:38.564  1493  2645 D SGM:GameManager: identifyGamePackage. org.supersploit.flappybirds, mCurrentUserId: 0, callerUserId: 0, callingMethodInfo: com.samsung.android.game.SemGameManager.isGamePackage(SemGameManager.java:105)
05-27 17:26:38.564  1493  2645 D SGM:SemGameManager: isGamePackage(), pkgName=org.supersploit.flappybirds, ret=false
05-27 17:26:38.567  2844  2844 D ActivityThread: Package [org.supersploit.flappybirds] reported as REPLACED, but missing application info. Assuming REMOVED.
05-27 17:26:38.576  3280  3280 D ActivityThread: Package [org.supersploit.flappybirds] reported as REPLACED, but missing application info. Assuming REMOVED.
05-27 17:26:38.583 13120 13120 D ActivityThread: Package [org.supersploit.flappybirds] reported as REPLACED, but missing application info. Assuming REMOVED.
05-27 17:26:38.583  5535  5535 D ActivityThread: Package [org.supersploit.flappybirds] reported as REPLACED, but missing application info. Assuming REMOVED.
05-27 17:26:38.583  4552  4552 D ActivityThread: Package [org.supersploit.flappybirds] reported as REPLACED, but missing application info. Assuming REMOVED.
